Archive member included to satisfy reference by file (symbol)

D:\STM32CubePrj\lib_sdk_1.0.3_nucleo_f401re\embedded-stm32-course-main\stm32-nonos-stdperiph-sdk\lib_stm\libLibraries.a(system_stm32f4xx.o)
                              ./Src/drivers/timebase.o (SystemCoreClock)
D:\STM32CubePrj\lib_sdk_1.0.3_nucleo_f401re\embedded-stm32-course-main\stm32-nonos-stdperiph-sdk\lib_stm\libLibraries.a(stm32f401re_gpio.o)
                              ./Src/periph/button.o (GPIO_Init)
D:\STM32CubePrj\lib_sdk_1.0.3_nucleo_f401re\embedded-stm32-course-main\stm32-nonos-stdperiph-sdk\lib_stm\libLibraries.a(stm32f401re_rcc.o)
                              ./Src/drivers/gpio.o (RCC_AHB1PeriphClockCmd)
D:\STM32CubePrj\lib_sdk_1.0.3_nucleo_f401re\embedded-stm32-course-main\stm32-nonos-stdperiph-sdk\lib_stm\libLibraries.a(button.o)
                              ./Src/main.o (Button_Init)
D:\STM32CubePrj\lib_sdk_1.0.3_nucleo_f401re\embedded-stm32-course-main\stm32-nonos-stdperiph-sdk\lib_stm\libLibraries.a(timer.o)
                              ./Src/drivers/timebase.o (TimerInit)
D:\STM32CubePrj\lib_sdk_1.0.3_nucleo_f401re\embedded-stm32-course-main\stm32-nonos-stdperiph-sdk\lib_stm\libLibraries.a(Ucglib.o)
                              ./Src/graphic/display_init.o (Ucglib4WireSWSPI_begin)
D:\STM32CubePrj\lib_sdk_1.0.3_nucleo_f401re\embedded-stm32-course-main\stm32-nonos-stdperiph-sdk\lib_stm\libLibraries.a(ucg_box.o)
                              ./Src/game/menu_ui.o (ucg_DrawBox)
D:\STM32CubePrj\lib_sdk_1.0.3_nucleo_f401re\embedded-stm32-course-main\stm32-nonos-stdperiph-sdk\lib_stm\libLibraries.a(ucg_ccs.o)
                              D:\STM32CubePrj\lib_sdk_1.0.3_nucleo_f401re\embedded-stm32-course-main\stm32-nonos-stdperiph-sdk\lib_stm\libLibraries.a(ucg_box.o) (ucg_ccs_init)
D:\STM32CubePrj\lib_sdk_1.0.3_nucleo_f401re\embedded-stm32-course-main\stm32-nonos-stdperiph-sdk\lib_stm\libLibraries.a(ucg_circle.o)
                              D:\STM32CubePrj\lib_sdk_1.0.3_nucleo_f401re\embedded-stm32-course-main\stm32-nonos-stdperiph-sdk\lib_stm\libLibraries.a(ucg_box.o) (ucg_DrawCircle)
D:\STM32CubePrj\lib_sdk_1.0.3_nucleo_f401re\embedded-stm32-course-main\stm32-nonos-stdperiph-sdk\lib_stm\libLibraries.a(ucg_dev_default_cb.o)
                              D:\STM32CubePrj\lib_sdk_1.0.3_nucleo_f401re\embedded-stm32-course-main\stm32-nonos-stdperiph-sdk\lib_stm\libLibraries.a(Ucglib.o) (ucg_dev_default_cb)
D:\STM32CubePrj\lib_sdk_1.0.3_nucleo_f401re\embedded-stm32-course-main\stm32-nonos-stdperiph-sdk\lib_stm\libLibraries.a(ucg_dev_ic_st7735.o)
                              D:\STM32CubePrj\lib_sdk_1.0.3_nucleo_f401re\embedded-stm32-course-main\stm32-nonos-stdperiph-sdk\lib_stm\libLibraries.a(Ucglib.o) (ucg_ext_st7735_18)
D:\STM32CubePrj\lib_sdk_1.0.3_nucleo_f401re\embedded-stm32-course-main\stm32-nonos-stdperiph-sdk\lib_stm\libLibraries.a(ucg_dev_msg_api.o)
                              D:\STM32CubePrj\lib_sdk_1.0.3_nucleo_f401re\embedded-stm32-course-main\stm32-nonos-stdperiph-sdk\lib_stm\libLibraries.a(ucg_box.o) (ucg_SetMaxClipRange)
D:\STM32CubePrj\lib_sdk_1.0.3_nucleo_f401re\embedded-stm32-course-main\stm32-nonos-stdperiph-sdk\lib_stm\libLibraries.a(ucg_dev_tft_128x128_st7735.o)
                              D:\STM32CubePrj\lib_sdk_1.0.3_nucleo_f401re\embedded-stm32-course-main\stm32-nonos-stdperiph-sdk\lib_stm\libLibraries.a(Ucglib.o) (ucg_dev_st7735_18x128x128)
D:\STM32CubePrj\lib_sdk_1.0.3_nucleo_f401re\embedded-stm32-course-main\stm32-nonos-stdperiph-sdk\lib_stm\libLibraries.a(ucg_font.o)
                              D:\STM32CubePrj\lib_sdk_1.0.3_nucleo_f401re\embedded-stm32-course-main\stm32-nonos-stdperiph-sdk\lib_stm\libLibraries.a(Ucglib.o) (ucg_SetFontMode)
D:\STM32CubePrj\lib_sdk_1.0.3_nucleo_f401re\embedded-stm32-course-main\stm32-nonos-stdperiph-sdk\lib_stm\libLibraries.a(ucg_init.o)
                              D:\STM32CubePrj\lib_sdk_1.0.3_nucleo_f401re\embedded-stm32-course-main\stm32-nonos-stdperiph-sdk\lib_stm\libLibraries.a(Ucglib.o) (ucg_Init)
D:\STM32CubePrj\lib_sdk_1.0.3_nucleo_f401re\embedded-stm32-course-main\stm32-nonos-stdperiph-sdk\lib_stm\libLibraries.a(ucg_line.o)
                              D:\STM32CubePrj\lib_sdk_1.0.3_nucleo_f401re\embedded-stm32-course-main\stm32-nonos-stdperiph-sdk\lib_stm\libLibraries.a(ucg_font.o) (ucg_Draw90Line)
D:\STM32CubePrj\lib_sdk_1.0.3_nucleo_f401re\embedded-stm32-course-main\stm32-nonos-stdperiph-sdk\lib_stm\libLibraries.a(ucg_pixel.o)
                              ./Src/game/menu_ui.o (ucg_SetColor)
D:\STM32CubePrj\lib_sdk_1.0.3_nucleo_f401re\embedded-stm32-course-main\stm32-nonos-stdperiph-sdk\lib_stm\libLibraries.a(ucg_pixel_font_data.o)
                              ./Src/game/menu_ui.o (ucg_font_helvR08_tf)
D:\STM32CubePrj\lib_sdk_1.0.3_nucleo_f401re\embedded-stm32-course-main\stm32-nonos-stdperiph-sdk\lib_stm\libLibraries.a(ucg_rotate.o)
                              ./Src/graphic/display_init.o (ucg_SetRotate180)
[...]
Memory Configuration

Name             Origin             Length             Attributes
RAM              0x20000000         0x00018000         xrw
FLASH            0x08000000         0x00080000         xr
*default*        0x00000000         0xffffffff

Linker script and memory map

LOAD C:/ST/STM32CubeIDE_1.19.0/STM32CubeIDE/plugins/com.st.stm32cube.ide.mcu.externaltools.gnu-tools-for-stm32.13.3.rel1.win32_1.0.0.202411081344/tools/bin/../lib/gcc/arm-none-eabi/13.3.1/thumb/v7e-m+fp/hard/crti.o
LOAD C:/ST/STM32CubeIDE_1.19.0/STM32CubeIDE/plugins/com.st.stm32cube.ide.mcu.externaltools.gnu-tools-for-stm32.13.3.rel1.win32_1.0.0.202411081344/tools/bin/../lib/gcc/arm-none-eabi/13.3.1/thumb/v7e-m+fp/hard/crtbegin.o
LOAD C:/ST/STM32CubeIDE_1.19.0/STM32CubeIDE/plugins/com.st.stm32cube.ide.mcu.externaltools.gnu-tools-for-stm32.13.3.rel1.win32_1.0.0.202411081344/tools/bin/../lib/gcc/arm-none-eabi/13.3.1/../../../../arm-none-eabi/lib/thumb/v7e-m+fp/hard/crt0.o
LOAD ./Src/drivers/gpio.o
LOAD ./Src/drivers/timebase.o
LOAD ./Src/game/collision.o
LOAD ./Src/game/levels.o
LOAD ./Src/game/menu_ui.o
LOAD ./Src/game/run_game.o
LOAD ./Src/graphic/display_init.o
LOAD ./Src/graphic/render.o
LOAD ./Src/main.o
LOAD ./Src/syscalls.o
LOAD ./Src/sysmem.o
LOAD ./Src/periph/button.o
LOAD ./Src/periph/buzzer.o
LOAD ./Src/periph/led.o
LOAD ./Startup/startup_stm32f401retx.o
LOAD ./lib_sdk_1.0.3_nucleo_f401re/embedded-stm32-course-main/stm32-nonos-stdperiph-sdk/docs/light-sensor-library/LightDependentResistor.o
LOAD ./lib_sdk_1.0.3_nucleo_f401re/embedded-stm32-course-main/stm32-nonos-stdperiph-sdk/docs/queue-test/queue.o
LOAD ./lib_sdk_1.0.3_nucleo_f401re/embedded-stm32-course-main/stm32-nonos-stdperiph-sdk/shared/Utilities/kalman_filter.o
LOAD D:\STM32CubePrj\lib_sdk_1.0.3_nucleo_f401re\embedded-stm32-course-main\stm32-nonos-stdperiph-sdk\lib_stm\libLibraries.a
START GROUP
LOAD C:/ST/STM32CubeIDE_1.19.0/STM32CubeIDE/plugins/com.st.stm32cube.ide.mcu.externaltools.gnu-tools-for-stm32.13.3.rel1.win32_1.0.0.202411081344/tools/bin/../lib/gcc/arm-none-eabi/13.3.1/../../../../arm-none-eabi/lib/thumb/v7e-m+fp/hard\libc_nano.a
LOAD C:/ST/STM32CubeIDE_1.19.0/STM32CubeIDE/plugins/com.st.stm32cube.ide.mcu.externaltools.gnu-tools-for-stm32.13.3.rel1.win32_1.0.0.202411081344/tools/bin/../lib/gcc/arm-none-eabi/13.3.1/../../../../arm-none-eabi/lib/thumb/v7e-m+fp/hard\libm.a
END GROUP
START GROUP
LOAD C:/ST/STM32CubeIDE_1.19.0/STM32CubeIDE/plugins/com.st.stm32cube.ide.mcu.externaltools.gnu-tools-for-stm32.13.3.rel1.win32_1.0.0.202411081344/tools/bin/../lib/gcc/arm-none-eabi/13.3.1/thumb/v7e-m+fp/hard\libgcc.a
LOAD C:/ST/STM32CubeIDE_1.19.0/STM32CubeIDE/plugins/com.st.stm32cube.ide.mcu.externaltools.gnu-tools-for-stm32.13.3.rel1.win32_1.0.0.202411081344/tools/bin/../lib/gcc/arm-none-eabi/13.3.1/../../../../arm-none-eabi/lib/thumb/v7e-m+fp/hard\libc_nano.a
END GROUP
START GROUP
LOAD C:/ST/STM32CubeIDE_1.19.0/STM32CubeIDE/plugins/com.st.stm32cube.ide.mcu.externaltools.gnu-tools-for-stm32.13.3.rel1.win32_1.0.0.202411081344/tools/bin/../lib/gcc/arm-none-eabi/13.3.1/thumb/v7e-m+fp/hard\libgcc.a
LOAD C:/ST/STM32CubeIDE_1.19.0/STM32CubeIDE/plugins/com.st.stm32cube.ide.mcu.externaltools.gnu-tools-for-stm32.13.3.rel1.win32_1.0.0.202411081344/tools/bin/../lib/gcc/arm-none-eabi/13.3.1/../../../../arm-none-eabi/lib/thumb/v7e-m+fp/hard\libc_nano.a
LOAD C:/ST/STM32CubeIDE_1.19.0/STM32CubeIDE/plugins/com.st.stm32cube.ide.mcu.externaltools.gnu-tools-for-stm32.13.3.rel1.win32_1.0.0.202411081344/tools/bin/../lib/gcc/arm-none-eabi/13.3.1/../../../../arm-none-eabi/lib/thumb/v7e-m+fp/hard\libnosys.a
END GROUP
START GROUP
LOAD C:/ST/STM32CubeIDE_1.19.0/STM32CubeIDE/plugins/com.st.stm32cube.ide.mcu.externaltools.gnu-tools-for-stm32.13.3.rel1.win32_1.0.0.202411081344/tools/bin/../lib/gcc/arm-none-eabi/13.3.1/thumb/v7e-m+fp/hard\libgcc.a
LOAD C:/ST/STM32CubeIDE_1.19.0/STM32CubeIDE/plugins/com.st.stm32cube.ide.mcu.externaltools.gnu-tools-for-stm32.13.3.rel1.win32_1.0.0.202411081344/tools/bin/../lib/gcc/arm-none-eabi/13.3.1/../../../../arm-none-eabi/lib/thumb/v7e-m+fp/hard\libc_nano.a
LOAD C:/ST/STM32CubeIDE_1.19.0/STM32CubeIDE/plugins/com.st.stm32cube.ide.mcu.externaltools.gnu-tools-for-stm32.13.3.rel1.win32_1.0.0.202411081344/tools/bin/../lib/gcc/arm-none-eabi/13.3.1/../../../../arm-none-eabi/lib/thumb/v7e-m+fp/hard\libnosys.a
END GROUP
LOAD C:/ST/STM32CubeIDE_1.19.0/STM32CubeIDE/plugins/com.st.stm32cube.ide.mcu.externaltools.gnu-tools-for-stm32.13.3.rel1.win32_1.0.0.202411081344/tools/bin/../lib/gcc/arm-none-eabi/13.3.1/thumb/v7e-m+fp/hard/crtend.o
LOAD C:/ST/STM32CubeIDE_1.19.0/STM32CubeIDE/plugins/com.st.stm32cube.ide.mcu.externaltools.gnu-tools-for-stm32.13.3.rel1.win32_1.0.0.202411081344/tools/bin/../lib/gcc/arm-none-eabi/13.3.1/thumb/v7e-m+fp/hard/crtn.o
                0x20018000                        _estack = (ORIGIN (RAM) + LENGTH (RAM))
                0x00000200                        _Min_Heap_Size = 0x200
                0x00000400                        _Min_Stack_Size = 0x400

.isr_vector     0x08000000      0x194
                0x08000000                        . = ALIGN (0x4)
 *(.isr_vector)
 .isr_vector    0x08000000      0x194 ./Startup/startup_stm32f401retx.o
                0x08000000                g_pfnVectors
                0x08000194                        . = ALIGN (0x4)

.text           0x080001a0     0x4cac
                0x080001a0                        . = ALIGN (0x4)
 *(.text)
 .text          0x080001a0       0x40 C:/ST/STM32CubeIDE_1.19.0/STM32CubeIDE/plugins/com.st.stm32cube.ide.mcu.externaltools.gnu-tools-for-stm32.13.3.rel1.win32_1.0.0.202411081344/tools/bin/../lib/gcc/arm-none-eabi/13.3.1/thumb/v7e-m+fp/hard/crtbegin.o
 .text          0x080001e0       0xa0 C:/ST/STM32CubeIDE_1.19.0/STM32CubeIDE/plugins/com.st.stm32cube.ide.mcu.externaltools.gnu-tools-for-stm32.13.3.rel1.win32_1.0.0.202411081344/tools/bin/../lib/gcc/arm-none-eabi/13.3.1/../../../../arm-none-eabi/lib/thumb/v7e-m+fp/hard\libc_nano.a(libc_a-memchr.o)
                0x080001e0                memchr
 *(.text*)
 .text.GPIO_EnableAllClocks
                0x08000280       0x10 ./Src/drivers/gpio.o
                0x08000280                GPIO_EnableAllClocks
 .text.NVIC_SetPriority
                0x08000290       0x54 ./Src/drivers/timebase.o
 .text.SysTick_Config
                0x080002e4       0x44 ./Src/drivers/timebase.o
 .text.Millis   0x08000328        0xe ./Src/drivers/timebase.o
                0x08000328                Millis
 .text.Delay_ms
                0x08000336       0x2e ./Src/drivers/timebase.o
                0x08000336                Delay_ms
 .text.Timebase_Init
                0x08000364       0x2c ./Src/drivers/timebase.o
                0x08000364                Timebase_Init
 .text.ball_collide_wall
                0x08000390       0xc4 ./Src/game/collision.o
                0x08000390                ball_collide_wall
 .text.ball_collide_bar
                0x08000454       0xa6 ./Src/game/collision.o
                0x08000454                ball_collide_bar
 *fill*         0x080004fa        0x2 
 .text.ball_collide_boxes
                0x080004fc      0x108 ./Src/game/collision.o
                0x080004fc                ball_collide_boxes
 .text.UI_ShowMenu
                0x08000604      0x190 ./Src/game/menu_ui.o
                0x08000604                UI_ShowMenu
 .text.game_over_blink
                0x08000794       0x1e ./Src/game/run_game.o
 *fill*         0x080007b2        0x2 
 .text.run_game
                0x080007b4      0x224 ./Src/game/run_game.o
                0x080007b4                run_game
 .text.Display_Init
                0x080009d8       0x5c ./Src/graphic/display_init.o
                0x080009d8                Display_Init
 .text.clear_playfield
                0x08000a34       0x40 ./Src/graphic/render.o
                0x08000a34                clear_playfield
 .text.draw_score_frame
                0x08000a74       0x5c ./Src/graphic/render.o
                0x08000a74                draw_score_frame
 .text.draw_ball
                0x08000ad0       0x40 ./Src/graphic/render.o
                0x08000ad0                draw_ball
 .text.draw_bar
                0x08000b10       0x48 ./Src/graphic/render.o
                0x08000b10                draw_bar
 .text.draw_boxes
                0x08000b58       0xa0 ./Src/graphic/render.o
                0x08000b58                draw_boxes
 .text.main     0x08000bf8       0x28 ./Src/main.o
                0x08000bf8                main
 .text._sbrk    0x08000c20       0x6c ./Src/sysmem.o
                0x08000c20                _sbrk
 .text.pin_read_active
                0x08000c8c       0x2a ./Src/periph/button.o
 .text.btn_clicked
                0x08000cb6       0x48 ./Src/periph/button.o
 *fill*         0x08000cfe        0x2 
 .text.SW2_Click
                0x08000d00       0x24 ./Src/periph/button.o
                0x08000d00                SW2_Click
 .text.SW4_Click
                0x08000d24       0x24 ./Src/periph/button.o
                0x08000d24                SW4_Click
 .text.Buzzer_Init
                0x08000d48       0x3c ./Src/periph/buzzer.o
                0x08000d48                Buzzer_Init
 .text.Buzzer_Beep
                0x08000d84       0x34 ./Src/periph/buzzer.o
                0x08000d84                Buzzer_Beep
 .text.LED_On   0x08000db8       0x18 ./Src/periph/led.o
 .text.LED_Off  0x08000dd0       0x18 ./Src/periph/led.o
 .text.LED_Init
                0x08000de8       0x34 ./Src/periph/led.o
                0x08000de8                LED_Init
 .text.LED_Blink
                0x08000e1c       0x48 ./Src/periph/led.o
                0x08000e1c                LED_Blink
 .text.Reset_Handler
                0x08000e64       0x50 ./Startup/startup_stm32f401retx.o
                0x08000e64                Reset_Handler
 .text.Default_Handler
                0x08000eb4        0x2 ./Startup/startup_stm32f401retx.o
                0x08000eb4                EXTI2_IRQHandler
                0x08000eb4                DebugMon_Handler
                0x08000eb4                SPI4_IRQHandler
                0x08000eb4                TIM1_CC_IRQHandler
                0x08000eb4                DMA2_Stream5_IRQHandler
                0x08000eb4                HardFault_Handler
                0x08000eb4                DMA1_Stream5_IRQHandler
                0x08000eb4                SDIO_IRQHandler
                0x08000eb4                TAMP_STAMP_IRQHandler
                0x08000eb4                PendSV_Handler
                0x08000eb4                NMI_Handler
                0x08000eb4                EXTI3_IRQHandler
                0x08000eb4                TIM1_UP_TIM10_IRQHandler
                0x08000eb4                I2C3_ER_IRQHandler
                0x08000eb4                EXTI18_OTG_FS_WKUP_IRQHandler
                0x08000eb4                EXTI0_IRQHandler
                0x08000eb4                I2C2_EV_IRQHandler
                0x08000eb4                DMA1_Stream2_IRQHandler
                0x08000eb4                UsageFault_Handler
                0x08000eb4                DMA2_Stream2_IRQHandler
                0x08000eb4                SPI1_IRQHandler
                0x08000eb4                TIM1_BRK_TIM9_IRQHandler
                0x08000eb4                DMA2_Stream3_IRQHandler
                0x08000eb4                USART6_IRQHandler
                0x08000eb4                DMA2_Stream0_IRQHandler
                0x08000eb4                TIM4_IRQHandler
                0x08000eb4                I2C1_EV_IRQHandler
                0x08000eb4                DMA1_Stream6_IRQHandler
                0x08000eb4                DMA1_Stream1_IRQHandler
                0x08000eb4                TIM3_IRQHandler
                0x08000eb4                RCC_IRQHandler
                0x08000eb4                Default_Handler
                0x08000eb4                EXTI15_10_IRQHandler
                0x08000eb4                ADC_IRQHandler
                0x08000eb4                DMA1_Stream7_IRQHandler
                0x08000eb4                TIM5_IRQHandler
                0x08000eb4                DMA2_Stream7_IRQHandler
                0x08000eb4                I2C3_EV_IRQHandler
                0x08000eb4                EXTI9_5_IRQHandler
                0x08000eb4                SPI2_IRQHandler
                0x08000eb4                MemManage_Handler
                0x08000eb4                DMA1_Stream0_IRQHandler
                0x08000eb4                SVC_Handler
                0x08000eb4                EXTI4_IRQHandler
                0x08000eb4                EXTI22_RTC_WKUP_IRQHandler
                0x08000eb4                TIM2_IRQHandler
                0x08000eb4                EXTI16_PVD_IRQHandler
                0x08000eb4                TIM1_TRG_COM_TIM11_IRQHandler
                0x08000eb4                EXTI1_IRQHandler
                0x08000eb4                EXTI17_RTC_Alarm_IRQHandler
                0x08000eb4                USART2_IRQHandler
                0x08000eb4                I2C2_ER_IRQHandler
                0x08000eb4                DMA2_Stream1_IRQHandler
                0x08000eb4                FLASH_IRQHandler
                0x08000eb4                DMA2_Stream4_IRQHandler
                0x08000eb4                BusFault_Handler
                0x08000eb4                USART1_IRQHandler
                0x08000eb4                OTG_FS_IRQHandler
                0x08000eb4                SPI3_IRQHandler
                0x08000eb4                DMA1_Stream4_IRQHandler
                0x08000eb4                I2C1_ER_IRQHandler
                0x08000eb4                DMA2_Stream6_IRQHandler
                0x08000eb4                DMA1_Stream3_IRQHandler
 .text.bufInit  0x08000eb6       0x36 ./lib_sdk_1.0.3_nucleo_f401re/embedded-stm32-course-main/stm32-nonos-stdperiph-sdk/docs/queue-test/queue.o
                0x08000eb6                bufInit
 .text.bufNumItems
                0x08000eec       0x18 ./lib_sdk_1.0.3_nucleo_f401re/embedded-stm32-course-main/stm32-nonos-stdperiph-sdk/docs/queue-test/queue.o
                0x08000eec                bufNumItems
 .text.bufIsFull
                0x08000f04       0x32 ./lib_sdk_1.0.3_nucleo_f401re/embedded-stm32-course-main/stm32-nonos-stdperiph-sdk/docs/queue-test/queue.o
                0x08000f04                bufIsFull
 .text.bufIsEmpty
                0x08000f36       0x22 ./lib_sdk_1.0.3_nucleo_f401re/embedded-stm32-course-main/stm32-nonos-stdperiph-sdk/docs/queue-test/queue.o
                0x08000f36                bufIsEmpty
 .text.bufFlush
                0x08000f58       0x32 ./lib_sdk_1.0.3_nucleo_f401re/embedded-stm32-course-main/stm32-nonos-stdperiph-sdk/docs/queue-test/queue.o
                0x08000f58                bufFlush
 .text.bufEnDat
                0x08000f8a       0xaa ./lib_sdk_1.0.3_nucleo_f401re/embedded-stm32-course-main/stm32-nonos-stdperiph-sdk/docs/queue-test/queue.o
                0x08000f8a                bufEnDat
 .text.bufDeDat
                0x08001034       0x78 ./lib_sdk_1.0.3_nucleo_f401re/embedded-stm32-course-main/stm32-nonos-stdperiph-sdk/docs/queue-test/queue.o
                0x08001034                bufDeDat
 .text.SystemInit
                0x080010ac       0x6c D:\STM32CubePrj\lib_sdk_1.0.3_nucleo_f401re\embedded-stm32-course-main\stm32-nonos-stdperiph-sdk\lib_stm\libLibraries.a(system_stm32f4xx.o)
                0x080010ac                SystemInit
 .text.SystemCoreClockUpdate
                0x08001118       0xf8 D:\STM32CubePrj\lib_sdk_1.0.3_nucleo_f401re\embedded-stm32-course-main\stm32-nonos-stdperiph-sdk\lib_stm\libLibraries.a(system_stm32f4xx.o)
                0x08001118                SystemCoreClockUpdate
 .text.SetSysClock
                0x08001210       0xa0 D:\STM32CubePrj\lib_sdk_1.0.3_nucleo_f401re\embedded-stm32-course-main\stm32-nonos-stdperiph-sdk\lib_stm\libLibraries.a(system_stm32f4xx.o)
 .text.GPIO_Init
                0x080012b0      0x11c D:\STM32CubePrj\lib_sdk_1.0.3_nucleo_f401re\embedded-stm32-course-main\stm32-nonos-stdperiph-sdk\lib_stm\libLibraries.a(stm32f401re_gpio.o)
                0x080012b0                GPIO_Init
 .text.GPIO_ReadInputDataBit
                0x080013cc       0x34 D:\STM32CubePrj\lib_sdk_1.0.3_nucleo_f401re\embedded-stm32-course-main\stm32-nonos-stdperiph-sdk\lib_stm\libLibraries.a(stm32f401re_gpio.o)
                0x080013cc                GPIO_ReadInputDataBit
 .text.GPIO_SetBits
                0x08001400       0x1e D:\STM32CubePrj\lib_sdk_1.0.3_nucleo_f401re\embedded-stm32-course-main\stm32-nonos-stdperiph-sdk\lib_stm\libLibraries.a(stm32f401re_gpio.o)
                0x08001400                GPIO_SetBits
 .text.GPIO_ResetBits
                0x0800141e       0x1e D:\STM32CubePrj\lib_sdk_1.0.3_nucleo_f401re\embedded-stm32-course-main\stm32-nonos-stdperiph-sdk\lib_stm\libLibraries.a(stm32f401re_gpio.o)
                0x0800141e                GPIO_ResetBits
 .text.GPIO_WriteBit
                0x0800143c       0x30 D:\STM32CubePrj\lib_sdk_1.0.3_nucleo_f401re\embedded-stm32-course-main\stm32-nonos-stdperiph-sdk\lib_stm\libLibraries.a(stm32f401re_gpio.o)
                0x0800143c                GPIO_WriteBit
 .text.RCC_GetClocksFreq
                0x0800146c      0x150 D:\STM32CubePrj\lib_sdk_1.0.3_nucleo_f401re\embedded-stm32-course-main\stm32-nonos-stdperiph-sdk\lib_stm\libLibraries.a(stm32f401re_rcc.o)
                0x0800146c                RCC_GetClocksFreq
 .text.RCC_AHB1PeriphClockCmd
                0x080015bc       0x40 D:\STM32CubePrj\lib_sdk_1.0.3_nucleo_f401re\embedded-stm32-course-main\stm32-nonos-stdperiph-sdk\lib_stm\libLibraries.a(stm32f401re_rcc.o)
                0x080015bc                RCC_AHB1PeriphClockCmd
 .text.Button_Init
                0x080015fc       0xbc D:\STM32CubePrj\lib_sdk_1.0.3_nucleo_f401re\embedded-stm32-course-main\stm32-nonos-stdperiph-sdk\lib_stm\libLibraries.a(button.o)
                0x080015fc                Button_Init
 .text.Button_GetLogicInputPin
                0x080016b8       0x3c D:\STM32CubePrj\lib_sdk_1.0.3_nucleo_f401re\embedded-stm32-course-main\stm32-nonos-stdperiph-sdk\lib_stm\libLibraries.a(button.o)
                0x080016b8                Button_GetLogicInputPin
 .text.ButtonScanTypeEdge
                0x080016f4      0x1fc D:\STM32CubePrj\lib_sdk_1.0.3_nucleo_f401re\embedded-stm32-course-main\stm32-nonos-stdperiph-sdk\lib_stm\libLibraries.a(button.o)
 .text.ButtonScan
                0x080018f0       0x4c D:\STM32CubePrj\lib_sdk_1.0.3_nucleo_f401re\embedded-stm32-course-main\stm32-nonos-stdperiph-sdk\lib_stm\libLibraries.a(button.o)
 .text.BTNGPIO_Init
                0x0800193c       0x6c D:\STM32CubePrj\lib_sdk_1.0.3_nucleo_f401re\embedded-stm32-course-main\stm32-nonos-stdperiph-sdk\lib_stm\libLibraries.a(button.o)
 .text.NVIC_SetPriority
                0x080019a8       0x54 D:\STM32CubePrj\lib_sdk_1.0.3_nucleo_f401re\embedded-stm32-course-main\stm32-nonos-stdperiph-sdk\lib_stm\libLibraries.a(timer.o)
 .text.SysTick_Config
                0x080019fc       0x44 D:\STM32CubePrj\lib_sdk_1.0.3_nucleo_f401re\embedded-stm32-course-main\stm32-nonos-stdperiph-sdk\lib_stm\libLibraries.a(timer.o)
 .text.TimerInit
                0x08001a40       0x44 D:\STM32CubePrj\lib_sdk_1.0.3_nucleo_f401re\embedded-stm32-course-main\stm32-nonos-stdperiph-sdk\lib_stm\libLibraries.a(timer.o)
                0x08001a40                TimerInit
 .text.TimerStart
                0x08001a84       0xc4 D:\STM32CubePrj\lib_sdk_1.0.3_nucleo_f401re\embedded-stm32-course-main\stm32-nonos-stdperiph-sdk\lib_stm\libLibraries.a(timer.o)
                0x08001a84                TimerStart
 .text.TimerStop
                0x08001b48       0xa0 D:\STM32CubePrj\lib_sdk_1.0.3_nucleo_f401re\embedded-stm32-course-main\stm32-nonos-stdperiph-sdk\lib_stm\libLibraries.a(timer.o)
                0x08001b48                TimerStop
 .text.GetMilSecTick
                0x08001be8       0x18 D:\STM32CubePrj\lib_sdk_1.0.3_nucleo_f401re\embedded-stm32-course-main\stm32-nonos-stdperiph-sdk\lib_stm\libLibraries.a(timer.o)
                0x08001be8                GetMilSecTick
 .text.processTimerScheduler
                0x08001c00       0xf0 D:\STM32CubePrj\lib_sdk_1.0.3_nucleo_f401re\embedded-stm32-course-main\stm32-nonos-stdperiph-sdk\lib_stm\libLibraries.a(timer.o)
                0x08001c00                processTimerScheduler
 .text.TimeExpired
                0x08001cf0       0xcc D:\STM32CubePrj\lib_sdk_1.0.3_nucleo_f401re\embedded-stm32-course-main\stm32-nonos-stdperiph-sdk\lib_stm\libLibraries.a(timer.o)
 .text.SysTick_Handler
                0x08001dbc       0x1c D:\STM32CubePrj\lib_sdk_1.0.3_nucleo_f401re\embedded-stm32-course-main\stm32-nonos-stdperiph-sdk\lib_stm\libLibraries.a(timer.o)
                0x08001dbc                SysTick_Handler
 .text.delayMicroseconds
                0x08001dd8       0x14 D:\STM32CubePrj\lib_sdk_1.0.3_nucleo_f401re\embedded-stm32-course-main\stm32-nonos-stdperiph-sdk\lib_stm\libLibraries.a(Ucglib.o)
 .text.ucg_gpio_init
                0x08001dec       0x60 D:\STM32CubePrj\lib_sdk_1.0.3_nucleo_f401re\embedded-stm32-course-main\stm32-nonos-stdperiph-sdk\lib_stm\libLibraries.a(Ucglib.o)
 .text.ucg_com_arduino_send_generic_SW_SPI
                0x08001e4c       0x74 D:\STM32CubePrj\lib_sdk_1.0.3_nucleo_f401re\embedded-stm32-course-main\stm32-nonos-stdperiph-sdk\lib_stm\libLibraries.a(Ucglib.o)
 .text.ucg_com_arduino_generic_SW_SPI
                0x08001ec0      0x1ec D:\STM32CubePrj\lib_sdk_1.0.3_nucleo_f401re\embedded-stm32-course-main\stm32-nonos-stdperiph-sdk\lib_stm\libLibraries.a(Ucglib.o)
 .text.Ucglib4WireSWSPI_begin
                0x080020ac       0x38 D:\STM32CubePrj\lib_sdk_1.0.3_nucleo_f401re\embedded-stm32-course-main\stm32-nonos-stdperiph-sdk\lib_stm\libLibraries.a(Ucglib.o)
                0x080020ac                Ucglib4WireSWSPI_begin
 .text.ucg_DrawBox
                0x080020e4       0x56 D:\STM32CubePrj\lib_sdk_1.0.3_nucleo_f401re\embedded-stm32-course-main\stm32-nonos-stdperiph-sdk\lib_stm\libLibraries.a(ucg_box.o)
                0x080020e4                ucg_DrawBox
 .text.ucg_ClearScreen
                0x0800213a       0x50 D:\STM32CubePrj\lib_sdk_1.0.3_nucleo_f401re\embedded-stm32-course-main\stm32-nonos-stdperiph-sdk\lib_stm\libLibraries.a(ucg_box.o)
                0x0800213a                ucg_ClearScreen
 .text.ucg_DrawFrame
                0x0800218a       0x9a D:\STM32CubePrj\lib_sdk_1.0.3_nucleo_f401re\embedded-stm32-course-main\stm32-nonos-stdperiph-sdk\lib_stm\libLibraries.a(ucg_box.o)
                0x0800218a                ucg_DrawFrame
 .text.ucg_ccs_init
                0x08002224       0xc0 D:\STM32CubePrj\lib_sdk_1.0.3_nucleo_f401re\embedded-stm32-course-main\stm32-nonos-stdperiph-sdk\lib_stm\libLibraries.a(ucg_ccs.o)
                0x08002224                ucg_ccs_init
 .text.ucg_ccs_step
                0x080022e4       0x80 D:\STM32CubePrj\lib_sdk_1.0.3_nucleo_f401re\embedded-stm32-course-main\stm32-nonos-stdperiph-sdk\lib_stm\libLibraries.a(ucg_ccs.o)
                0x080022e4                ucg_ccs_step
 .text.ucg_ccs_seek
                0x08002364       0xca D:\STM32CubePrj\lib_sdk_1.0.3_nucleo_f401re\embedded-stm32-course-main\stm32-nonos-stdperiph-sdk\lib_stm\libLibraries.a(ucg_ccs.o)
                0x08002364                ucg_ccs_seek
 .text.ucg_draw_disc_section
                0x0800242e      0x142 D:\STM32CubePrj\lib_sdk_1.0.3_nucleo_f401re\embedded-stm32-course-main\stm32-nonos-stdperiph-sdk\lib_stm\libLibraries.a(ucg_circle.o)
 .text.ucg_draw_disc
                0x08002570       0xe4 D:\STM32CubePrj\lib_sdk_1.0.3_nucleo_f401re\embedded-stm32-course-main\stm32-nonos-stdperiph-sdk\lib_stm\libLibraries.a(ucg_circle.o)
                0x08002570                ucg_draw_disc
 .text.ucg_DrawDisc
                0x08002654       0x3a D:\STM32CubePrj\lib_sdk_1.0.3_nucleo_f401re\embedded-stm32-course-main\stm32-nonos-stdperiph-sdk\lib_stm\libLibraries.a(ucg_circle.o)
                0x08002654                ucg_DrawDisc
 .text.ucg_dev_default_cb
                0x0800268e       0x44 D:\STM32CubePrj\lib_sdk_1.0.3_nucleo_f401re\embedded-stm32-course-main\stm32-nonos-stdperiph-sdk\lib_stm\libLibraries.a(ucg_dev_default_cb.o)
                0x0800268e                ucg_dev_default_cb
 .text.ucg_ext_none
                0x080026d2       0x1c D:\STM32CubePrj\lib_sdk_1.0.3_nucleo_f401re\embedded-stm32-course-main\stm32-nonos-stdperiph-sdk\lib_stm\libLibraries.a(ucg_dev_default_cb.o)
                0x080026d2                ucg_ext_none
 *fill*         0x080026ee        0x2 
 .text.ucg_handle_st7735_l90fx
                0x080026f0       0xd8 D:\STM32CubePrj\lib_sdk_1.0.3_nucleo_f401re\embedded-stm32-course-main\stm32-nonos-stdperiph-sdk\lib_stm\libLibraries.a(ucg_dev_ic_st7735.o)
                0x080026f0                ucg_handle_st7735_l90fx
 .text.ucg_handle_st7735_l90se
                0x080027c8      0x154 D:\STM32CubePrj\lib_sdk_1.0.3_nucleo_f401re\embedded-stm32-course-main\stm32-nonos-stdperiph-sdk\lib_stm\libLibraries.a(ucg_dev_ic_st7735.o)
                0x080027c8                ucg_handle_st7735_l90se
 .text.ucg_dev_ic_st7735_18
                0x0800291c       0xf8 D:\STM32CubePrj\lib_sdk_1.0.3_nucleo_f401re\embedded-stm32-course-main\stm32-nonos-stdperiph-sdk\lib_stm\libLibraries.a(ucg_dev_ic_st7735.o)
                0x0800291c                ucg_dev_ic_st7735_18
 .text.ucg_ext_st7735_18
                0x08002a14       0x28 D:\STM32CubePrj\lib_sdk_1.0.3_nucleo_f401re\embedded-stm32-course-main\stm32-nonos-stdperiph-sdk\lib_stm\libLibraries.a(ucg_dev_ic_st7735.o)
                0x08002a14                ucg_ext_st7735_18
 .text.ucg_PowerDown
                0x08002a3c       0x34 D:\STM32CubePrj\lib_sdk_1.0.3_nucleo_f401re\embedded-stm32-course-main\stm32-nonos-stdperiph-sdk\lib_stm\libLibraries.a(ucg_dev_msg_api.o)
                0x08002a3c                ucg_PowerDown
 .text.ucg_PowerUp
                0x08002a70       0x3c D:\STM32CubePrj\lib_sdk_1.0.3_nucleo_f401re\embedded-stm32-course-main\stm32-nonos-stdperiph-sdk\lib_stm\libLibraries.a(ucg_dev_msg_api.o)
                0x08002a70                ucg_PowerUp
 .text.ucg_SetClipBox
                0x08002aac       0x1e D:\STM32CubePrj\lib_sdk_1.0.3_nucleo_f401re\embedded-stm32-course-main\stm32-nonos-stdperiph-sdk\lib_stm\libLibraries.a(ucg_dev_msg_api.o)
                0x08002aac                ucg_SetClipBox
 .text.ucg_SetMaxClipRange
                0x08002aca       0x30 D:\STM32CubePrj\lib_sdk_1.0.3_nucleo_f401re\embedded-stm32-course-main\stm32-nonos-stdperiph-sdk\lib_stm\libLibraries.a(ucg_dev_msg_api.o)
                0x08002aca                ucg_SetMaxClipRange
 .text.ucg_GetDimension
                0x08002afa       0x24 D:\STM32CubePrj\lib_sdk_1.0.3_nucleo_f401re\embedded-stm32-course-main\stm32-nonos-stdperiph-sdk\lib_stm\libLibraries.a(ucg_dev_msg_api.o)
                0x08002afa                ucg_GetDimension
 .text.ucg_DrawL90FXWithArg
                0x08002b1e       0x1e D:\STM32CubePrj\lib_sdk_1.0.3_nucleo_f401re\embedded-stm32-course-main\stm32-nonos-stdperiph-sdk\lib_stm\libLibraries.a(ucg_dev_msg_api.o)
                0x08002b1e                ucg_DrawL90FXWithArg
 .text.ucg_dev_st7735_18x128x128
                0x08002b3c       0x80 D:\STM32CubePrj\lib_sdk_1.0.3_nucleo_f401re\embedded-stm32-course-main\stm32-nonos-stdperiph-sdk\lib_stm\libLibraries.a(ucg_dev_tft_128x128_st7735.o)
                0x08002b3c                ucg_dev_st7735_18x128x128
 .text.ucg_font_get_byte
                0x08002bbc       0x24 D:\STM32CubePrj\lib_sdk_1.0.3_nucleo_f401re\embedded-stm32-course-main\stm32-nonos-stdperiph-sdk\lib_stm\libLibraries.a(ucg_font.o)
 .text.ucg_font_get_word
                0x08002be0       0x40 D:\STM32CubePrj\lib_sdk_1.0.3_nucleo_f401re\embedded-stm32-course-main\stm32-nonos-stdperiph-sdk\lib_stm\libLibraries.a(ucg_font.o)
 .text.ucg_read_font_info
                0x08002c20      0x142 D:\STM32CubePrj\lib_sdk_1.0.3_nucleo_f401re\embedded-stm32-course-main\stm32-nonos-stdperiph-sdk\lib_stm\libLibraries.a(ucg_font.o)
                0x08002c20                ucg_read_font_info
 .text.ucg_font_decode_get_unsigned_bits
                0x08002d62       0x96 D:\STM32CubePrj\lib_sdk_1.0.3_nucleo_f401re\embedded-stm32-course-main\stm32-nonos-stdperiph-sdk\lib_stm\libLibraries.a(ucg_font.o)
                0x08002d62                ucg_font_decode_get_unsigned_bits
 .text.ucg_font_decode_get_signed_bits
                0x08002df8       0x46 D:\STM32CubePrj\lib_sdk_1.0.3_nucleo_f401re\embedded-stm32-course-main\stm32-nonos-stdperiph-sdk\lib_stm\libLibraries.a(ucg_font.o)
                0x08002df8                ucg_font_decode_get_signed_bits
 .text.ucg_add_vector_y
                0x08002e3e       0x7a D:\STM32CubePrj\lib_sdk_1.0.3_nucleo_f401re\embedded-stm32-course-main\stm32-nonos-stdperiph-sdk\lib_stm\libLibraries.a(ucg_font.o)
 .text.ucg_add_vector_x
                0x08002eb8       0x7a D:\STM32CubePrj\lib_sdk_1.0.3_nucleo_f401re\embedded-stm32-course-main\stm32-nonos-stdperiph-sdk\lib_stm\libLibraries.a(ucg_font.o)
 .text.ucg_font_decode_len
                0x08002f32      0x118 D:\STM32CubePrj\lib_sdk_1.0.3_nucleo_f401re\embedded-stm32-course-main\stm32-nonos-stdperiph-sdk\lib_stm\libLibraries.a(ucg_font.o)
                0x08002f32                ucg_font_decode_len
 .text.ucg_font_setup_decode
                0x0800304a       0x64 D:\STM32CubePrj\lib_sdk_1.0.3_nucleo_f401re\embedded-stm32-course-main\stm32-nonos-stdperiph-sdk\lib_stm\libLibraries.a(ucg_font.o)
 .text.ucg_font_decode_glyph
                0x080030ae      0x14c D:\STM32CubePrj\lib_sdk_1.0.3_nucleo_f401re\embedded-stm32-course-main\stm32-nonos-stdperiph-sdk\lib_stm\libLibraries.a(ucg_font.o)
                0x080030ae                ucg_font_decode_glyph
 .text.ucg_font_get_glyph_data
                0x080031fa       0x7a D:\STM32CubePrj\lib_sdk_1.0.3_nucleo_f401re\embedded-stm32-course-main\stm32-nonos-stdperiph-sdk\lib_stm\libLibraries.a(ucg_font.o)
                0x080031fa                ucg_font_get_glyph_data
 .text.ucg_font_draw_glyph
                0x08003274       0x62 D:\STM32CubePrj\lib_sdk_1.0.3_nucleo_f401re\embedded-stm32-course-main\stm32-nonos-stdperiph-sdk\lib_stm\libLibraries.a(ucg_font.o)
                0x08003274                ucg_font_draw_glyph
 .text.ucg_SetFontMode
                0x080032d6       0x20 D:\STM32CubePrj\lib_sdk_1.0.3_nucleo_f401re\embedded-stm32-course-main\stm32-nonos-stdperiph-sdk\lib_stm\libLibraries.a(ucg_font.o)
                0x080032d6                ucg_SetFontMode
 *fill*         0x080032f6        0x2 
 .text.ucg_DrawGlyph
                0x080032f8       0xb0 D:\STM32CubePrj\lib_sdk_1.0.3_nucleo_f401re\embedded-stm32-course-main\stm32-nonos-stdperiph-sdk\lib_stm\libLibraries.a(ucg_font.o)
                0x080032f8                ucg_DrawGlyph
 .text.task_drawString
                0x080033a8      0x138 D:\STM32CubePrj\lib_sdk_1.0.3_nucleo_f401re\embedded-stm32-course-main\stm32-nonos-stdperiph-sdk\lib_stm\libLibraries.a(ucg_font.o)
                0x080033a8                task_drawString
 .text.ucg_DrawString
                0x080034e0       0x78 D:\STM32CubePrj\lib_sdk_1.0.3_nucleo_f401re\embedded-stm32-course-main\stm32-nonos-stdperiph-sdk\lib_stm\libLibraries.a(ucg_font.o)
                0x080034e0                ucg_DrawString
 .text.ucg_UpdateRefHeight
                0x08003558       0xd8 D:\STM32CubePrj\lib_sdk_1.0.3_nucleo_f401re\embedded-stm32-course-main\stm32-nonos-stdperiph-sdk\lib_stm\libLibraries.a(ucg_font.o)
                0x08003558                ucg_UpdateRefHeight
 .text.ucg_font_calc_vref_font
                0x08003630       0x16 D:\STM32CubePrj\lib_sdk_1.0.3_nucleo_f401re\embedded-stm32-course-main\stm32-nonos-stdperiph-sdk\lib_stm\libLibraries.a(ucg_font.o)
                0x08003630                ucg_font_calc_vref_font
 *fill*         0x08003646        0x2 
 .text.ucg_SetFontPosBaseline
                0x08003648       0x20 D:\STM32CubePrj\lib_sdk_1.0.3_nucleo_f401re\embedded-stm32-course-main\stm32-nonos-stdperiph-sdk\lib_stm\libLibraries.a(ucg_font.o)
                0x08003648                ucg_SetFontPosBaseline
 .text.ucg_SetFont
                0x08003668       0x4c D:\STM32CubePrj\lib_sdk_1.0.3_nucleo_f401re\embedded-stm32-course-main\stm32-nonos-stdperiph-sdk\lib_stm\libLibraries.a(ucg_font.o)
                0x08003668                ucg_SetFont
 .text.ucg_init_struct
                0x080036b4       0x50 D:\STM32CubePrj\lib_sdk_1.0.3_nucleo_f401re\embedded-stm32-course-main\stm32-nonos-stdperiph-sdk\lib_stm\libLibraries.a(ucg_init.o)
                0x080036b4                ucg_init_struct
 .text.ucg_Init
                0x08003704       0x5c D:\STM32CubePrj\lib_sdk_1.0.3_nucleo_f401re\embedded-stm32-course-main\stm32-nonos-stdperiph-sdk\lib_stm\libLibraries.a(ucg_init.o)
                0x08003704                ucg_Init
 .text.ucg_Draw90Line
                0x08003760       0x88 D:\STM32CubePrj\lib_sdk_1.0.3_nucleo_f401re\embedded-stm32-course-main\stm32-nonos-stdperiph-sdk\lib_stm\libLibraries.a(ucg_line.o)
                0x08003760                ucg_Draw90Line
 .text.ucg_DrawHLine
                0x080037e8       0x3e D:\STM32CubePrj\lib_sdk_1.0.3_nucleo_f401re\embedded-stm32-course-main\stm32-nonos-stdperiph-sdk\lib_stm\libLibraries.a(ucg_line.o)
                0x080037e8                ucg_DrawHLine
 .text.ucg_DrawVLine
                0x08003826       0x3e D:\STM32CubePrj\lib_sdk_1.0.3_nucleo_f401re\embedded-stm32-course-main\stm32-nonos-stdperiph-sdk\lib_stm\libLibraries.a(ucg_line.o)
                0x08003826                ucg_DrawVLine
 .text.ucg_SetColor
                0x08003864       0x5c D:\STM32CubePrj\lib_sdk_1.0.3_nucleo_f401re\embedded-stm32-course-main\stm32-nonos-stdperiph-sdk\lib_stm\libLibraries.a(ucg_pixel.o)
                0x08003864                ucg_SetColor
 .text.ucg_UndoRotate
                0x080038c0       0x32 D:\STM32CubePrj\lib_sdk_1.0.3_nucleo_f401re\embedded-stm32-course-main\stm32-nonos-stdperiph-sdk\lib_stm\libLibraries.a(ucg_rotate.o)
                0x080038c0                ucg_UndoRotate
 .text.ucg_rotate_180_xy
                0x080038f2       0x66 D:\STM32CubePrj\lib_sdk_1.0.3_nucleo_f401re\embedded-stm32-course-main\stm32-nonos-stdperiph-sdk\lib_stm\libLibraries.a(ucg_rotate.o)
 .text.ucg_dev_rotate180
                0x08003958      0x100 D:\STM32CubePrj\lib_sdk_1.0.3_nucleo_f401re\embedded-stm32-course-main\stm32-nonos-stdperiph-sdk\lib_stm\libLibraries.a(ucg_rotate.o)
                0x08003958                ucg_dev_rotate180
 .text.ucg_SetRotate180
                0x08003a58       0x34 D:\STM32CubePrj\lib_sdk_1.0.3_nucleo_f401re\embedded-stm32-course-main\stm32-nonos-stdperiph-sdk\lib_stm\libLibraries.a(ucg_rotate.o)
                0x08003a58                ucg_SetRotate180
 .text.memsetl  0x08003a8c       0x32 D:\STM32CubePrj\lib_sdk_1.0.3_nucleo_f401re\embedded-stm32-course-main\stm32-nonos-stdperiph-sdk\lib_stm\libLibraries.a(utilities.o)
                0x08003a8c                memsetl
 .text.ucg_clip_is_x_visible
                0x08003abe       0x4a D:\STM32CubePrj\lib_sdk_1.0.3_nucleo_f401re\embedded-stm32-course-main\stm32-nonos-stdperiph-sdk\lib_stm\libLibraries.a(ucg_clip.o)
 .text.ucg_clip_is_y_visible
                0x08003b08       0x4a D:\STM32CubePrj\lib_sdk_1.0.3_nucleo_f401re\embedded-stm32-course-main\stm32-nonos-stdperiph-sdk\lib_stm\libLibraries.a(ucg_clip.o)
 .text.ucg_clip_intersection
                0x08003b52       0x74 D:\STM32CubePrj\lib_sdk_1.0.3_nucleo_f401re\embedded-stm32-course-main\stm32-nonos-stdperiph-sdk\lib_stm\libLibraries.a(ucg_clip.o)
 .text.ucg_clip_is_pixel_visible
                0x08003bc6       0x32 D:\STM32CubePrj\lib_sdk_1.0.3_nucleo_f401re\embedded-stm32-course-main\stm32-nonos-stdperiph-sdk\lib_stm\libLibraries.a(ucg_clip.o)
                0x08003bc6                ucg_clip_is_pixel_visible
 .text.ucg_clip_l90fx
                0x08003bf8      0x300 D:\STM32CubePrj\lib_sdk_1.0.3_nucleo_f401re\embedded-stm32-course-main\stm32-nonos-stdperiph-sdk\lib_stm\libLibraries.a(ucg_clip.o)
                0x08003bf8                ucg_clip_l90fx
 .text.ucg_clip_l90se
                0x08003ef8       0x54 D:\STM32CubePrj\lib_sdk_1.0.3_nucleo_f401re\embedded-stm32-course-main\stm32-nonos-stdperiph-sdk\lib_stm\libLibraries.a(ucg_clip.o)
                0x08003ef8                ucg_clip_l90se
 .text.ucg_com_PowerDown
                0x08003f4c       0x3e D:\STM32CubePrj\lib_sdk_1.0.3_nucleo_f401re\embedded-stm32-course-main\stm32-nonos-stdperiph-sdk\lib_stm\libLibraries.a(ucg_com_msg_api.o)
                0x08003f4c                ucg_com_PowerDown
 .text.ucg_com_PowerUp
                0x08003f8a       0x60 D:\STM32CubePrj\lib_sdk_1.0.3_nucleo_f401re\embedded-stm32-course-main\stm32-nonos-stdperiph-sdk\lib_stm\libLibraries.a(ucg_com_msg_api.o)
                0x08003f8a                ucg_com_PowerUp
 .text.ucg_com_SetLineStatus
                0x08003fea       0xe2 D:\STM32CubePrj\lib_sdk_1.0.3_nucleo_f401re\embedded-stm32-course-main\stm32-nonos-stdperiph-sdk\lib_stm\libLibraries.a(ucg_com_msg_api.o)
                0x08003fea                ucg_com_SetLineStatus
 .text.ucg_com_SetResetLineStatus
                0x080040cc       0x20 D:\STM32CubePrj\lib_sdk_1.0.3_nucleo_f401re\embedded-stm32-course-main\stm32-nonos-stdperiph-sdk\lib_stm\libLibraries.a(ucg_com_msg_api.o)
                0x080040cc                ucg_com_SetResetLineStatus
 .text.ucg_com_SetCSLineStatus
                0x080040ec       0x20 D:\STM32CubePrj\lib_sdk_1.0.3_nucleo_f401re\embedded-stm32-course-main\stm32-nonos-stdperiph-sdk\lib_stm\libLibraries.a(ucg_com_msg_api.o)
                0x080040ec                ucg_com_SetCSLineStatus
 .text.ucg_com_SetCDLineStatus
                0x0800410c       0x20 D:\STM32CubePrj\lib_sdk_1.0.3_nucleo_f401re\embedded-stm32-course-main\stm32-nonos-stdperiph-sdk\lib_stm\libLibraries.a(ucg_com_msg_api.o)
                0x0800410c                ucg_com_SetCDLineStatus
 .text.ucg_com_DelayMicroseconds
                0x0800412c       0x22 D:\STM32CubePrj\lib_sdk_1.0.3_nucleo_f401re\embedded-stm32-course-main\stm32-nonos-stdperiph-sdk\lib_stm\libLibraries.a(ucg_com_msg_api.o)
                0x0800412c                ucg_com_DelayMicroseconds
 .text.ucg_com_DelayMilliseconds
                0x0800414e       0x2c D:\STM32CubePrj\lib_sdk_1.0.3_nucleo_f401re\embedded-stm32-course-main\stm32-nonos-stdperiph-sdk\lib_stm\libLibraries.a(ucg_com_msg_api.o)
                0x0800414e                ucg_com_DelayMilliseconds
 .text.ucg_com_SendByte
                0x0800417a       0x24 D:\STM32CubePrj\lib_sdk_1.0.3_nucleo_f401re\embedded-stm32-course-main\stm32-nonos-stdperiph-sdk\lib_stm\libLibraries.a(ucg_com_msg_api.o)
                0x0800417a                ucg_com_SendByte
 .text.ucg_com_SendStringP
                0x0800419e       0x40 D:\STM32CubePrj\lib_sdk_1.0.3_nucleo_f401re\embedded-stm32-course-main\stm32-nonos-stdperiph-sdk\lib_stm\libLibraries.a(ucg_com_msg_api.o)
                0x0800419e                ucg_com_SendStringP
 .text.ucg_com_SendCmdArg
                0x080041de       0x74 D:\STM32CubePrj\lib_sdk_1.0.3_nucleo_f401re\embedded-stm32-course-main\stm32-nonos-stdperiph-sdk\lib_stm\libLibraries.a(ucg_com_msg_api.o)
 *fill*         0x08004252        0x2 
 .text.ucg_com_SendCmdSeq
                0x08004254      0x278 D:\STM32CubePrj\lib_sdk_1.0.3_nucleo_f401re\embedded-stm32-course-main\stm32-nonos-stdperiph-sdk\lib_stm\libLibraries.a(ucg_com_msg_api.o)
                0x08004254                ucg_com_SendCmdSeq
 .text.snprintf
                0x080044cc       0x6c C:/ST/STM32CubeIDE_1.19.0/STM32CubeIDE/plugins/com.st.stm32cube.ide.mcu.externaltools.gnu-tools-for-stm32.13.3.rel1.win32_1.0.0.202411081344/tools/bin/../lib/gcc/arm-none-eabi/13.3.1/../../../../arm-none-eabi/lib/thumb/v7e-m+fp/hard\libc_nano.a(libc_a-snprintf.o)
                0x080044cc                sniprintf
                0x080044cc                snprintf
 .text.memset   0x08004538       0x10 C:/ST/STM32CubeIDE_1.19.0/STM32CubeIDE/plugins/com.st.stm32cube.ide.mcu.externaltools.gnu-tools-for-stm32.13.3.rel1.win32_1.0.0.202411081344/tools/bin/../lib/gcc/arm-none-eabi/13.3.1/../../../../arm-none-eabi/lib/thumb/v7e-m+fp/hard\libc_nano.a(libc_a-memset.o)
                0x08004538                memset
 .text.__errno  0x08004548        0xc C:/ST/STM32CubeIDE_1.19.0/STM32CubeIDE/plugins/com.st.stm32cube.ide.mcu.externaltools.gnu-tools-for-stm32.13.3.rel1.win32_1.0.0.202411081344/tools/bin/../lib/gcc/arm-none-eabi/13.3.1/../../../../arm-none-eabi/lib/thumb/v7e-m+fp/hard\libc_nano.a(libc_a-errno.o)
                0x08004548                __errno
 .text.__libc_init_array
                0x08004554       0x48 C:/ST/STM32CubeIDE_1.19.0/STM32CubeIDE/plugins/com.st.stm32cube.ide.mcu.externaltools.gnu-tools-for-stm32.13.3.rel1.win32_1.0.0.202411081344/tools/bin/../lib/gcc/arm-none-eabi/13.3.1/../../../../arm-none-eabi/lib/thumb/v7e-m+fp/hard\libc_nano.a(libc_a-init.o)
                0x08004554                __libc_init_array
 .text.__retarget_lock_acquire_recursive
                0x0800459c        0x2 C:/ST/STM32CubeIDE_1.19.0/STM32CubeIDE/plugins/com.st.stm32cube.ide.mcu.externaltools.gnu-tools-for-stm32.13.3.rel1.win32_1.0.0.202411081344/tools/bin/../lib/gcc/arm-none-eabi/13.3.1/../../../../arm-none-eabi/lib/thumb/v7e-m+fp/hard\libc_nano.a(libc_a-lock.o)
                0x0800459c                __retarget_lock_acquire_recursive
 .text.__retarget_lock_release_recursive
                0x0800459e        0x2 C:/ST/STM32CubeIDE_1.19.0/STM32CubeIDE/plugins/com.st.stm32cube.ide.mcu.externaltools.gnu-tools-for-stm32.13.3.rel1.win32_1.0.0.202411081344/tools/bin/../lib/gcc/arm-none-eabi/13.3.1/../../../../arm-none-eabi/lib/thumb/v7e-m+fp/hard\libc_nano.a(libc_a-lock.o)
                0x0800459e                __retarget_lock_release_recursive
 .text._free_r  0x080045a0       0x94 C:/ST/STM32CubeIDE_1.19.0/STM32CubeIDE/plugins/com.st.stm32cube.ide.mcu.externaltools.gnu-tools-for-stm32.13.3.rel1.win32_1.0.0.202411081344/tools/bin/../lib/gcc/arm-none-eabi/13.3.1/../../../../arm-none-eabi/lib/thumb/v7e-m+fp/hard\libc_nano.a(libc_a-freer.o)
                0x080045a0                _free_r
 .text.sbrk_aligned
                0x08004634       0x44 C:/ST/STM32CubeIDE_1.19.0/STM32CubeIDE/plugins/com.st.stm32cube.ide.mcu.externaltools.gnu-tools-for-stm32.13.3.rel1.win32_1.0.0.202411081344/tools/bin/../lib/gcc/arm-none-eabi/13.3.1/../../../../arm-none-eabi/lib/thumb/v7e-m+fp/hard\libc_nano.a(libc_a-mallocr.o)
 .text._malloc_r
                0x08004678      0x100 C:/ST/STM32CubeIDE_1.19.0/STM32CubeIDE/plugins/com.st.stm32cube.ide.mcu.externaltools.gnu-tools-for-stm32.13.3.rel1.win32_1.0.0.202411081344/tools/bin/../lib/gcc/arm-none-eabi/13.3.1/../../../../arm-none-eabi/lib/thumb/v7e-m+fp/hard\libc_nano.a(libc_a-mallocr.o)
                0x08004678                _malloc_r
 .text.__malloc_lock
                0x08004778        0xc C:/ST/STM32CubeIDE_1.19.0/STM32CubeIDE/plugins/com.st.stm32cube.ide.mcu.externaltools.gnu-tools-for-stm32.13.3.rel1.win32_1.0.0.202411081344/tools/bin/../lib/gcc/arm-none-eabi/13.3.1/../../../../arm-none-eabi/lib/thumb/v7e-m+fp/hard\libc_nano.a(libc_a-mlock.o)
                0x08004778                __malloc_lock
 .text.__malloc_unlock
                0x08004784        0xc C:/ST/STM32CubeIDE_1.19.0/STM32CubeIDE/plugins/com.st.stm32cube.ide.mcu.externaltools.gnu-tools-for-stm32.13.3.rel1.win32_1.0.0.202411081344/tools/bin/../lib/gcc/arm-none-eabi/13.3.1/../../../../arm-none-eabi/lib/thumb/v7e-m+fp/hard\libc_nano.a(libc_a-mlock.o)
                0x08004784                __malloc_unlock
 .text.__ssputs_r
                0x08004790       0xb6 C:/ST/STM32CubeIDE_1.19.0/STM32CubeIDE/plugins/com.st.stm32cube.ide.mcu.externaltools.gnu-tools-for-stm32.13.3.rel1.win32_1.0.0.202411081344/tools/bin/../lib/gcc/arm-none-eabi/13.3.1/../../../../arm-none-eabi/lib/thumb/v7e-m+fp/hard\libc_nano.a(libc_a-nano-svfprintf.o)
                0x08004790                __ssputs_r
 *fill*         0x08004846        0x2 
 .text._svfprintf_r
                0x08004848      0x1f8 C:/ST/STM32CubeIDE_1.19.0/STM32CubeIDE/plugins/com.st.stm32cube.ide.mcu.externaltools.gnu-tools-for-stm32.13.3.rel1.win32_1.0.0.202411081344/tools/bin/../lib/gcc/arm-none-eabi/13.3.1/../../../../arm-none-eabi/lib/thumb/v7e-m+fp/hard\libc_nano.a(libc_a-nano-svfprintf.o)
                0x08004848                _svfiprintf_r
                0x08004848                _svfprintf_r
 .text._printf_common
                0x08004a40       0xda C:/ST/STM32CubeIDE_1.19.0/STM32CubeIDE/plugins/com.st.stm32cube.ide.mcu.externaltools.gnu-tools-for-stm32.13.3.rel1.win32_1.0.0.202411081344/tools/bin/../lib/gcc/arm-none-eabi/13.3.1/../../../../arm-none-eabi/lib/thumb/v7e-m+fp/hard\libc_nano.a(libc_a-nano-vfprintf_i.o)
                0x08004a40                _printf_common
 *fill*         0x08004b1a        0x2 
 .text._printf_i
                0x08004b1c      0x23c C:/ST/STM32CubeIDE_1.19.0/STM32CubeIDE/plugins/com.st.stm32cube.ide.mcu.externaltools.gnu-tools-for-stm32.13.3.rel1.win32_1.0.0.202411081344/tools/bin/../lib/gcc/arm-none-eabi/13.3.1/../../../../arm-none-eabi/lib/thumb/v7e-m+fp/hard\libc_nano.a(libc_a-nano-vfprintf_i.o)
                0x08004b1c                _printf_i
 .text.memmove  0x08004d58       0x34 C:/ST/STM32CubeIDE_1.19.0/STM32CubeIDE/plugins/com.st.stm32cube.ide.mcu.externaltools.gnu-tools-for-stm32.13.3.rel1.win32_1.0.0.202411081344/tools/bin/../lib/gcc/arm-none-eabi/13.3.1/../../../../arm-none-eabi/lib/thumb/v7e-m+fp/hard\libc_nano.a(libc_a-memmove.o)
                0x08004d58                memmove
 .text._sbrk_r  0x08004d8c       0x20 C:/ST/STM32CubeIDE_1.19.0/STM32CubeIDE/plugins/com.st.stm32cube.ide.mcu.externaltools.gnu-tools-for-stm32.13.3.rel1.win32_1.0.0.202411081344/tools/bin/../lib/gcc/arm-none-eabi/13.3.1/../../../../arm-none-eabi/lib/thumb/v7e-m+fp/hard\libc_nano.a(libc_a-sbrkr.o)
                0x08004d8c                _sbrk_r
 .text.memcpy   0x08004dac       0x1c C:/ST/STM32CubeIDE_1.19.0/STM32CubeIDE/plugins/com.st.stm32cube.ide.mcu.externaltools.gnu-tools-for-stm32.13.3.rel1.win32_1.0.0.202411081344/tools/bin/../lib/gcc/arm-none-eabi/13.3.1/../../../../arm-none-eabi/lib/thumb/v7e-m+fp/hard\libc_nano.a(libc_a-memcpy-stub.o)
                0x08004dac                memcpy
 .text._realloc_r
                0x08004dc8       0x5c C:/ST/STM32CubeIDE_1.19.0/STM32CubeIDE/plugins/com.st.stm32cube.ide.mcu.externaltools.gnu-tools-for-stm32.13.3.rel1.win32_1.0.0.202411081344/tools/bin/../lib/gcc/arm-none-eabi/13.3.1/../../../../arm-none-eabi/lib/thumb/v7e-m+fp/hard\libc_nano.a(libc_a-reallocr.o)
                0x08004dc8                _realloc_r
 .text._malloc_usable_size_r
                0x08004e24       0x10 C:/ST/STM32CubeIDE_1.19.0/STM32CubeIDE/plugins/com.st.stm32cube.ide.mcu.externaltools.gnu-tools-for-stm32.13.3.rel1.win32_1.0.0.202411081344/tools/bin/../lib/gcc/arm-none-eabi/13.3.1/../../../../arm-none-eabi/lib/thumb/v7e-m+fp/hard\libc_nano.a(libc_a-msizer.o)
                0x08004e24                _malloc_usable_size_r
 *(.glue_7)
 .glue_7        0x08004e34        0x0 linker stubs
 *(.glue_7t)
 .glue_7t       0x08004e34        0x0 linker stubs
 *(.eh_frame)
 .eh_frame      0x08004e34        0x0 C:/ST/STM32CubeIDE_1.19.0/STM32CubeIDE/plugins/com.st.stm32cube.ide.mcu.externaltools.gnu-tools-for-stm32.13.3.rel1.win32_1.0.0.202411081344/tools/bin/../lib/gcc/arm-none-eabi/13.3.1/thumb/v7e-m+fp/hard/crtbegin.o
 *(.init)
 .init          0x08004e34        0x4 C:/ST/STM32CubeIDE_1.19.0/STM32CubeIDE/plugins/com.st.stm32cube.ide.mcu.externaltools.gnu-tools-for-stm32.13.3.rel1.win32_1.0.0.202411081344/tools/bin/../lib/gcc/arm-none-eabi/13.3.1/thumb/v7e-m+fp/hard/crti.o
                0x08004e34                _init
 .init          0x08004e38        0x8 C:/ST/STM32CubeIDE_1.19.0/STM32CubeIDE/plugins/com.st.stm32cube.ide.mcu.externaltools.gnu-tools-for-stm32.13.3.rel1.win32_1.0.0.202411081344/tools/bin/../lib/gcc/arm-none-eabi/13.3.1/thumb/v7e-m+fp/hard/crtn.o
 *(.fini)
 .fini          0x08004e40        0x4 C:/ST/STM32CubeIDE_1.19.0/STM32CubeIDE/plugins/com.st.stm32cube.ide.mcu.externaltools.gnu-tools-for-stm32.13.3.rel1.win32_1.0.0.202411081344/tools/bin/../lib/gcc/arm-none-eabi/13.3.1/thumb/v7e-m+fp/hard/crti.o
                0x08004e40                _fini
 .fini          0x08004e44        0x8 C:/ST/STM32CubeIDE_1.19.0/STM32CubeIDE/plugins/com.st.stm32cube.ide.mcu.externaltools.gnu-tools-for-stm32.13.3.rel1.win32_1.0.0.202411081344/tools/bin/../lib/gcc/arm-none-eabi/13.3.1/thumb/v7e-m+fp/hard/crtn.o
                0x08004e4c                        . = ALIGN (0x4)
                0x08004e4c                        _etext = .

.vfp11_veneer   0x08004e4c        0x0
 .vfp11_veneer  0x08004e4c        0x0 linker stubs

.v4_bx          0x08004e4c        0x0
 .v4_bx         0x08004e4c        0x0 linker stubs

.iplt           0x08004e4c        0x0
 .iplt          0x08004e4c        0x0 C:/ST/STM32CubeIDE_1.19.0/STM32CubeIDE/plugins/com.st.stm32cube.ide.mcu.externaltools.gnu-tools-for-stm32.13.3.rel1.win32_1.0.0.202411081344/tools/bin/../lib/gcc/arm-none-eabi/13.3.1/thumb/v7e-m+fp/hard/crtbegin.o

.rodata         0x08004e4c     0x16f8
                0x08004e4c                        . = ALIGN (0x4)
 *(.rodata)
 .rodata        0x08004e4c       0x22 ./Src/game/menu_ui.o
 *fill*         0x08004e6e        0x2 
 .rodata        0x08004e70       0x1e ./Src/game/run_game.o
 *fill*         0x08004e8e        0x2 
 .rodata        0x08004e90        0x3 ./Src/graphic/render.o
 *fill*         0x08004e93        0x1 
 .rodata        0x08004e94        0x1 D:\STM32CubePrj\lib_sdk_1.0.3_nucleo_f401re\embedded-stm32-course-main\stm32-nonos-stdperiph-sdk\lib_stm\libLibraries.a(button.o)
 *fill*         0x08004e95        0x3 
 .rodata        0x08004e98        0xf D:\STM32CubePrj\lib_sdk_1.0.3_nucleo_f401re\embedded-stm32-course-main\stm32-nonos-stdperiph-sdk\lib_stm\libLibraries.a(ucg_font.o)
 *(.rodata*)
 *fill*         0x08004ea7        0x1 
 .rodata.LEVELS
                0x08004ea8        0x6 ./Src/game/levels.o
                0x08004ea8                LEVELS
 *fill*         0x08004eae        0x2 
 .rodata.ucg_st7735_set_pos_seq
                0x08004eb0       0x1e D:\STM32CubePrj\lib_sdk_1.0.3_nucleo_f401re\embedded-stm32-course-main\stm32-nonos-stdperiph-sdk\lib_stm\libLibraries.a(ucg_dev_ic_st7735.o)
                0x08004eb0                ucg_st7735_set_pos_seq
 *fill*         0x08004ece        0x2 
 .rodata.ucg_st7735_set_pos_dir0_seq
                0x08004ed0       0x1e D:\STM32CubePrj\lib_sdk_1.0.3_nucleo_f401re\embedded-stm32-course-main\stm32-nonos-stdperiph-sdk\lib_stm\libLibraries.a(ucg_dev_ic_st7735.o)
                0x08004ed0                ucg_st7735_set_pos_dir0_seq
 *fill*         0x08004eee        0x2 
 .rodata.ucg_st7735_set_pos_dir1_seq
                0x08004ef0       0x21 D:\STM32CubePrj\lib_sdk_1.0.3_nucleo_f401re\embedded-stm32-course-main\stm32-nonos-stdperiph-sdk\lib_stm\libLibraries.a(ucg_dev_ic_st7735.o)
                0x08004ef0                ucg_st7735_set_pos_dir1_seq
 *fill*         0x08004f11        0x3 
 .rodata.ucg_st7735_set_pos_dir2_seq
                0x08004f14       0x21 D:\STM32CubePrj\lib_sdk_1.0.3_nucleo_f401re\embedded-stm32-course-main\stm32-nonos-stdperiph-sdk\lib_stm\libLibraries.a(ucg_dev_ic_st7735.o)
                0x08004f14                ucg_st7735_set_pos_dir2_seq
 *fill*         0x08004f35        0x3 
 .rodata.ucg_st7735_set_pos_dir3_seq
                0x08004f38       0x24 D:\STM32CubePrj\lib_sdk_1.0.3_nucleo_f401re\embedded-stm32-course-main\stm32-nonos-stdperiph-sdk\lib_stm\libLibraries.a(ucg_dev_ic_st7735.o)
                0x08004f38                ucg_st7735_set_pos_dir3_seq
 .rodata.ucg_st7735_power_down_seq
                0x08004f5c        0x7 D:\STM32CubePrj\lib_sdk_1.0.3_nucleo_f401re\embedded-stm32-course-main\stm32-nonos-stdperiph-sdk\lib_stm\libLibraries.a(ucg_dev_ic_st7735.o)
 *fill*         0x08004f63        0x1 
 .rodata.ucg_tft_128x160_st7735_init_seq
                0x08004f64       0x2c D:\STM32CubePrj\lib_sdk_1.0.3_nucleo_f401re\embedded-stm32-course-main\stm32-nonos-stdperiph-sdk\lib_stm\libLibraries.a(ucg_dev_tft_128x128_st7735.o)
 .rodata.ucg_font_helvR08_tf
                0x08004f90      0x88b D:\STM32CubePrj\lib_sdk_1.0.3_nucleo_f401re\embedded-stm32-course-main\stm32-nonos-stdperiph-sdk\lib_stm\libLibraries.a(ucg_pixel_font_data.o)
                0x08004f90                ucg_font_helvR08_tf
 *fill*         0x0800581b        0x1 
 .rodata.ucg_font_helvR12_tf
                0x0800581c      0xcf4 D:\STM32CubePrj\lib_sdk_1.0.3_nucleo_f401re\embedded-stm32-course-main\stm32-nonos-stdperiph-sdk\lib_stm\libLibraries.a(ucg_pixel_font_data.o)
                0x0800581c                ucg_font_helvR12_tf
 .rodata._svfprintf_r.str1.1
                0x08006510       0x33 C:/ST/STM32CubeIDE_1.19.0/STM32CubeIDE/plugins/com.st.stm32cube.ide.mcu.externaltools.gnu-tools-for-stm32.13.3.rel1.win32_1.0.0.202411081344/tools/bin/../lib/gcc/arm-none-eabi/13.3.1/../../../../arm-none-eabi/lib/thumb/v7e-m+fp/hard\libc_nano.a(libc_a-nano-svfprintf.o)
                                 0x11 (size before relaxing)
 .rodata._printf_i.str1.1
                0x08006543       0x22 C:/ST/STM32CubeIDE_1.19.0/STM32CubeIDE/plugins/com.st.stm32cube.ide.mcu.externaltools.gnu-tools-for-stm32.13.3.rel1.win32_1.0.0.202411081344/tools/bin/../lib/gcc/arm-none-eabi/13.3.1/../../../../arm-none-eabi/lib/thumb/v7e-m+fp/hard\libc_nano.a(libc_a-nano-vfprintf_i.o)
                0x08006568                        . = ALIGN (0x4)
 *fill*         0x08006543        0x1 

.ARM.extab      0x08006544        0x0
                0x08006544                        . = ALIGN (0x4)
 *(.ARM.extab* .gnu.linkonce.armextab.*)
                0x08006544                        . = ALIGN (0x4)

.ARM            0x08006544        0x8
                0x08006544                        . = ALIGN (0x4)
                0x08006544                        __exidx_start = .
 *(.ARM.exidx*)
 .ARM.exidx     0x08006544        0x8 C:/ST/STM32CubeIDE_1.19.0/STM32CubeIDE/plugins/com.st.stm32cube.ide.mcu.externaltools.gnu-tools-for-stm32.13.3.rel1.win32_1.0.0.202411081344/tools/bin/../lib/gcc/arm-none-eabi/13.3.1/../../../../arm-none-eabi/lib/thumb/v7e-m+fp/hard\libc_nano.a(libc_a-memchr.o)
                0x0800654c                        __exidx_end = .
                0x0800654c                        . = ALIGN (0x4)

.preinit_array  0x0800654c        0x0
                0x0800654c                        . = ALIGN (0x4)
                0x0800654c                        PROVIDE (__preinit_array_start = .)
 *(.preinit_array*)
                0x0800654c                        PROVIDE (__preinit_array_end = .)
                0x0800654c                        . = ALIGN (0x4)

.init_array     0x0800654c        0x4
                0x0800654c                        . = ALIGN (0x4)
                0x0800654c                        PROVIDE (__init_array_start = .)
 *(SORT_BY_NAME(.init_array.*))
 *(.init_array*)
 .init_array    0x0800654c        0x4 C:/ST/STM32CubeIDE_1.19.0/STM32CubeIDE/plugins/com.st.stm32cube.ide.mcu.externaltools.gnu-tools-for-stm32.13.3.rel1.win32_1.0.0.202411081344/tools/bin/../lib/gcc/arm-none-eabi/13.3.1/thumb/v7e-m+fp/hard/crtbegin.o
                0x08006550                        PROVIDE (__init_array_end = .)
                0x08006550                        . = ALIGN (0x4)

.fini_array     0x08006550        0x4
                0x08006550                        . = ALIGN (0x4)
                [!provide]                        PROVIDE (__fini_array_start = .)
 *(SORT_BY_NAME(.fini_array.*))
 *(.fini_array*)
 .fini_array    0x08006550        0x4 C:/ST/STM32CubeIDE_1.19.0/STM32CubeIDE/plugins/com.st.stm32cube.ide.mcu.externaltools.gnu-tools-for-stm32.13.3.rel1.win32_1.0.0.202411081344/tools/bin/../lib/gcc/arm-none-eabi/13.3.1/thumb/v7e-m+fp/hard/crtbegin.o
                [!provide]                        PROVIDE (__fini_array_end = .)
                0x08006554                        . = ALIGN (0x4)
                0x08006554                        _sidata = LOADADDR (.data)

.rel.dyn        0x08006554        0x0
 .rel.iplt      0x08006554        0x0 C:/ST/STM32CubeIDE_1.19.0/STM32CubeIDE/plugins/com.st.stm32cube.ide.mcu.externaltools.gnu-tools-for-stm32.13.3.rel1.win32_1.0.0.202411081344/tools/bin/../lib/gcc/arm-none-eabi/13.3.1/thumb/v7e-m+fp/hard/crtbegin.o

.data           0x20000000       0xac load address 0x08006554
                0x20000000                        . = ALIGN (0x4)
                0x20000000                        _sdata = .
 *(.data)
 *(.data*)
 .data.current_level
                0x20000000        0x1 ./Src/game/levels.o
                0x20000000                current_level
 *fill*         0x20000001        0x3 
 .data.SystemCoreClock
                0x20000004        0x4 D:\STM32CubePrj\lib_sdk_1.0.3_nucleo_f401re\embedded-stm32-course-main\stm32-nonos-stdperiph-sdk\lib_stm\libLibraries.a(system_stm32f4xx.o)
                0x20000004                SystemCoreClock
 .data.AHBPrescTable
                0x20000008       0x10 D:\STM32CubePrj\lib_sdk_1.0.3_nucleo_f401re\embedded-stm32-course-main\stm32-nonos-stdperiph-sdk\lib_stm\libLibraries.a(system_stm32f4xx.o)
                0x20000008                AHBPrescTable
 .data.APBAHBPrescTable
                0x20000018       0x10 D:\STM32CubePrj\lib_sdk_1.0.3_nucleo_f401re\embedded-stm32-course-main\stm32-nonos-stdperiph-sdk\lib_stm\libLibraries.a(stm32f401re_rcc.o)
 .data.pinBtnPad
                0x20000028       0x30 D:\STM32CubePrj\lib_sdk_1.0.3_nucleo_f401re\embedded-stm32-course-main\stm32-nonos-stdperiph-sdk\lib_stm\libLibraries.a(button.o)
 .data.idTaskScanButton
                0x20000058        0x1 D:\STM32CubePrj\lib_sdk_1.0.3_nucleo_f401re\embedded-stm32-course-main\stm32-nonos-stdperiph-sdk\lib_stm\libLibraries.a(button.o)
 .data.idTaskScanDecodeLen
                0x20000059        0x1 D:\STM32CubePrj\lib_sdk_1.0.3_nucleo_f401re\embedded-stm32-course-main\stm32-nonos-stdperiph-sdk\lib_stm\libLibraries.a(ucg_font.o)
 *fill*         0x2000005a        0x2 
 .data._impure_ptr
                0x2000005c        0x4 C:/ST/STM32CubeIDE_1.19.0/STM32CubeIDE/plugins/com.st.stm32cube.ide.mcu.externaltools.gnu-tools-for-stm32.13.3.rel1.win32_1.0.0.202411081344/tools/bin/../lib/gcc/arm-none-eabi/13.3.1/../../../../arm-none-eabi/lib/thumb/v7e-m+fp/hard\libc_nano.a(libc_a-impure.o)
                0x2000005c                _impure_ptr
 .data._impure_data
                0x20000060       0x4c C:/ST/STM32CubeIDE_1.19.0/STM32CubeIDE/plugins/com.st.stm32cube.ide.mcu.externaltools.gnu-tools-for-stm32.13.3.rel1.win32_1.0.0.202411081344/tools/bin/../lib/gcc/arm-none-eabi/13.3.1/../../../../arm-none-eabi/lib/thumb/v7e-m+fp/hard\libc_nano.a(libc_a-impure.o)
                0x20000060                _impure_data
 *(.RamFunc)
 *(.RamFunc*)
                0x200000ac                        . = ALIGN (0x4)
                0x200000ac                        _edata = .

.igot.plt       0x200000ac        0x0 load address 0x08006600
 .igot.plt      0x200000ac        0x0 C:/ST/STM32CubeIDE_1.19.0/STM32CubeIDE/plugins/com.st.stm32cube.ide.mcu.externaltools.gnu-tools-for-stm32.13.3.rel1.win32_1.0.0.202411081344/tools/bin/../lib/gcc/arm-none-eabi/13.3.1/thumb/v7e-m+fp/hard/crtbegin.o
                0x200000ac                        . = ALIGN (0x4)

.bss            0x200000ac     0x1458 load address 0x08006600
                0x200000ac                        _sbss = .
                0x200000ac                        __bss_start__ = _sbss
 *(.bss)
 .bss           0x200000ac       0x1c C:/ST/STM32CubeIDE_1.19.0/STM32CubeIDE/plugins/com.st.stm32cube.ide.mcu.externaltools.gnu-tools-for-stm32.13.3.rel1.win32_1.0.0.202411081344/tools/bin/../lib/gcc/arm-none-eabi/13.3.1/thumb/v7e-m+fp/hard/crtbegin.o
 *(.bss*)
 .bss.ucg       0x200000c8       0xb4 ./Src/graphic/display_init.o
                0x200000c8                ucg
 .bss.__sbrk_heap_end
                0x2000017c        0x4 ./Src/sysmem.o
 .bss.b_sw2     0x20000180        0x8 ./Src/periph/button.o
 .bss.b_sw4     0x20000188        0x8 ./Src/periph/button.o
 .bss.kpad      0x20000190       0x78 D:\STM32CubePrj\lib_sdk_1.0.3_nucleo_f401re\embedded-stm32-course-main\stm32-nonos-stdperiph-sdk\lib_stm\libLibraries.a(button.o)
 .bss.pEventCallbacks
                0x20000208       0x10 D:\STM32CubePrj\lib_sdk_1.0.3_nucleo_f401re\embedded-stm32-course-main\stm32-nonos-stdperiph-sdk\lib_stm\libLibraries.a(button.o)
 .bss.g_pTimerHandle
                0x20000218      0x180 D:\STM32CubePrj\lib_sdk_1.0.3_nucleo_f401re\embedded-stm32-course-main\stm32-nonos-stdperiph-sdk\lib_stm\libLibraries.a(timer.o)
 .bss.g_wMilSecTickTimer
                0x20000398        0x4 D:\STM32CubePrj\lib_sdk_1.0.3_nucleo_f401re\embedded-stm32-course-main\stm32-nonos-stdperiph-sdk\lib_stm\libLibraries.a(timer.o)
 .bss.fontQueue
                0x2000039c       0x10 D:\STM32CubePrj\lib_sdk_1.0.3_nucleo_f401re\embedded-stm32-course-main\stm32-nonos-stdperiph-sdk\lib_stm\libLibraries.a(ucg_font.o)
 .bss.pQueueFont
                0x200003ac     0x1000 D:\STM32CubePrj\lib_sdk_1.0.3_nucleo_f401re\embedded-stm32-course-main\stm32-nonos-stdperiph-sdk\lib_stm\libLibraries.a(ucg_font.o)
 .bss.next.7562
                0x200013ac        0x1 D:\STM32CubePrj\lib_sdk_1.0.3_nucleo_f401re\embedded-stm32-course-main\stm32-nonos-stdperiph-sdk\lib_stm\libLibraries.a(ucg_font.o)
 *fill*         0x200013ad        0x3 
 .bss.__sf      0x200013b0      0x138 C:/ST/STM32CubeIDE_1.19.0/STM32CubeIDE/plugins/com.st.stm32cube.ide.mcu.externaltools.gnu-tools-for-stm32.13.3.rel1.win32_1.0.0.202411081344/tools/bin/../lib/gcc/arm-none-eabi/13.3.1/../../../../arm-none-eabi/lib/thumb/v7e-m+fp/hard\libc_nano.a(libc_a-findfp.o)
                0x200013b0                __sf
 .bss.errno     0x200014e8        0x4 C:/ST/STM32CubeIDE_1.19.0/STM32CubeIDE/plugins/com.st.stm32cube.ide.mcu.externaltools.gnu-tools-for-stm32.13.3.rel1.win32_1.0.0.202411081344/tools/bin/../lib/gcc/arm-none-eabi/13.3.1/../../../../arm-none-eabi/lib/thumb/v7e-m+fp/hard\libc_nano.a(libc_a-reent.o)
                0x200014e8                errno
 .bss.__lock___malloc_recursive_mutex
                0x200014ec        0x1 C:/ST/STM32CubeIDE_1.19.0/STM32CubeIDE/plugins/com.st.stm32cube.ide.mcu.externaltools.gnu-tools-for-stm32.13.3.rel1.win32_1.0.0.202411081344/tools/bin/../lib/gcc/arm-none-eabi/13.3.1/../../../../arm-none-eabi/lib/thumb/v7e-m+fp/hard\libc_nano.a(libc_a-lock.o)
                0x200014ec                __lock___malloc_recursive_mutex
 *fill*         0x200014ed        0x3 
 .bss.__malloc_sbrk_start
                0x200014f0        0x4 C:/ST/STM32CubeIDE_1.19.0/STM32CubeIDE/plugins/com.st.stm32cube.ide.mcu.externaltools.gnu-tools-for-stm32.13.3.rel1.win32_1.0.0.202411081344/tools/bin/../lib/gcc/arm-none-eabi/13.3.1/../../../../arm-none-eabi/lib/thumb/v7e-m+fp/hard\libc_nano.a(libc_a-mallocr.o)
                0x200014f0                __malloc_sbrk_start
 .bss.__malloc_free_list
                0x200014f4        0x4 C:/ST/STM32CubeIDE_1.19.0/STM32CubeIDE/plugins/com.st.stm32cube.ide.mcu.externaltools.gnu-tools-for-stm32.13.3.rel1.win32_1.0.0.202411081344/tools/bin/../lib/gcc/arm-none-eabi/13.3.1/../../../../arm-none-eabi/lib/thumb/v7e-m+fp/hard\libc_nano.a(libc_a-mallocr.o)
                0x200014f4                __malloc_free_list
 *(COMMON)
 COMMON         0x200014f8        0xc D:\STM32CubePrj\lib_sdk_1.0.3_nucleo_f401re\embedded-stm32-course-main\stm32-nonos-stdperiph-sdk\lib_stm\libLibraries.a(ucg_font.o)
                0x200014f8                ucg_draw_str
                0x20001504                        . = ALIGN (0x4)
                0x20001504                        _ebss = .
                0x20001504                        __bss_end__ = _ebss

._user_heap_stack
                0x20001504      0x604 load address 0x08006600
                0x20001508                        . = ALIGN (0x8)
 *fill*         0x20001504        0x4 
                [!provide]                        PROVIDE (end = .)
                0x20001508                        PROVIDE (_end = .)
                0x20001708                        . = (. + _Min_Heap_Size)
 *fill*         0x20001508      0x200 
                0x20001b08                        . = (. + _Min_Stack_Size)
 *fill*         0x20001708      0x400 
                0x20001b08                        . = ALIGN (0x8)

/DISCARD/
 libc.a(*)
 libm.a(*)
 libgcc.a(*)

.ARM.attributes
                0x00000000       0x30
 *(.ARM.attributes)
 .ARM.attributes
                0x00000000       0x22 C:/ST/STM32CubeIDE_1.19.0/STM32CubeIDE/plugins/com.st.stm32cube.ide.mcu.externaltools.gnu-tools-for-stm32.13.3.rel1.win32_1.0.0.202411081344/tools/bin/../lib/gcc/arm-none-eabi/13.3.1/thumb/v7e-m+fp/hard/crti.o
 .ARM.attributes
                0x00000022       0x34 C:/ST/STM32CubeIDE_1.19.0/STM32CubeIDE/plugins/com.st.stm32cube.ide.mcu.externaltools.gnu-tools-for-stm32.13.3.rel1.win32_1.0.0.202411081344/tools/bin/../lib/gcc/arm-none-eabi/13.3.1/thumb/v7e-m+fp/hard/crtbegin.o
 .ARM.attributes
                0x00000056       0x34 ./Src/drivers/gpio.o
 .ARM.attributes
                0x0000008a       0x34 ./Src/drivers/timebase.o
 .ARM.attributes
                0x000000be       0x34 ./Src/game/collision.o
 .ARM.attributes
                0x000000f2       0x34 ./Src/game/levels.o
 .ARM.attributes
                0x00000126       0x34 ./Src/game/menu_ui.o
 .ARM.attributes
                0x0000015a       0x34 ./Src/game/run_game.o
 .ARM.attributes
                0x0000018e       0x34 ./Src/graphic/display_init.o
 .ARM.attributes
                0x000001c2       0x34 ./Src/graphic/render.o
 .ARM.attributes
                0x000001f6       0x34 ./Src/main.o
 .ARM.attributes
                0x0000022a       0x34 ./Src/sysmem.o
 .ARM.attributes
                0x0000025e       0x34 ./Src/periph/button.o
 .ARM.attributes
                0x00000292       0x34 ./Src/periph/buzzer.o
 .ARM.attributes
                0x000002c6       0x34 ./Src/periph/led.o
 .ARM.attributes
                0x000002fa       0x21 ./Startup/startup_stm32f401retx.o
 .ARM.attributes
                0x0000031b       0x34 ./lib_sdk_1.0.3_nucleo_f401re/embedded-stm32-course-main/stm32-nonos-stdperiph-sdk/docs/queue-test/queue.o
 .ARM.attributes
                0x0000034f       0x39 D:\STM32CubePrj\lib_sdk_1.0.3_nucleo_f401re\embedded-stm32-course-main\stm32-nonos-stdperiph-sdk\lib_stm\libLibraries.a(system_stm32f4xx.o)
 .ARM.attributes
                0x00000388       0x39 D:\STM32CubePrj\lib_sdk_1.0.3_nucleo_f401re\embedded-stm32-course-main\stm32-nonos-stdperiph-sdk\lib_stm\libLibraries.a(stm32f401re_gpio.o)
 .ARM.attributes
                0x000003c1       0x39 D:\STM32CubePrj\lib_sdk_1.0.3_nucleo_f401re\embedded-stm32-course-main\stm32-nonos-stdperiph-sdk\lib_stm\libLibraries.a(stm32f401re_rcc.o)
 .ARM.attributes
                0x000003fa       0x39 D:\STM32CubePrj\lib_sdk_1.0.3_nucleo_f401re\embedded-stm32-course-main\stm32-nonos-stdperiph-sdk\lib_stm\libLibraries.a(button.o)
 .ARM.attributes
                0x00000433       0x39 D:\STM32CubePrj\lib_sdk_1.0.3_nucleo_f401re\embedded-stm32-course-main\stm32-nonos-stdperiph-sdk\lib_stm\libLibraries.a(timer.o)
 .ARM.attributes
                0x0000046c       0x39 D:\STM32CubePrj\lib_sdk_1.0.3_nucleo_f401re\embedded-stm32-course-main\stm32-nonos-stdperiph-sdk\lib_stm\libLibraries.a(Ucglib.o)
 .ARM.attributes
                0x000004a5       0x39 D:\STM32CubePrj\lib_sdk_1.0.3_nucleo_f401re\embedded-stm32-course-main\stm32-nonos-stdperiph-sdk\lib_stm\libLibraries.a(ucg_box.o)
 .ARM.attributes
                0x000004de       0x39 D:\STM32CubePrj\lib_sdk_1.0.3_nucleo_f401re\embedded-stm32-course-main\stm32-nonos-stdperiph-sdk\lib_stm\libLibraries.a(ucg_ccs.o)
 .ARM.attributes
                0x00000517       0x39 D:\STM32CubePrj\lib_sdk_1.0.3_nucleo_f401re\embedded-stm32-course-main\stm32-nonos-stdperiph-sdk\lib_stm\libLibraries.a(ucg_circle.o)
 .ARM.attributes
                0x00000550       0x39 D:\STM32CubePrj\lib_sdk_1.0.3_nucleo_f401re\embedded-stm32-course-main\stm32-nonos-stdperiph-sdk\lib_stm\libLibraries.a(ucg_dev_default_cb.o)
 .ARM.attributes
                0x00000589       0x39 D:\STM32CubePrj\lib_sdk_1.0.3_nucleo_f401re\embedded-stm32-course-main\stm32-nonos-stdperiph-sdk\lib_stm\libLibraries.a(ucg_dev_ic_st7735.o)
 .ARM.attributes
                0x000005c2       0x39 D:\STM32CubePrj\lib_sdk_1.0.3_nucleo_f401re\embedded-stm32-course-main\stm32-nonos-stdperiph-sdk\lib_stm\libLibraries.a(ucg_dev_msg_api.o)
 .ARM.attributes
                0x000005fb       0x39 D:\STM32CubePrj\lib_sdk_1.0.3_nucleo_f401re\embedded-stm32-course-main\stm32-nonos-stdperiph-sdk\lib_stm\libLibraries.a(ucg_dev_tft_128x128_st7735.o)
 .ARM.attributes
                0x00000634       0x39 D:\STM32CubePrj\lib_sdk_1.0.3_nucleo_f401re\embedded-stm32-course-main\stm32-nonos-stdperiph-sdk\lib_stm\libLibraries.a(ucg_font.o)
 .ARM.attributes
                0x0000066d       0x39 D:\STM32CubePrj\lib_sdk_1.0.3_nucleo_f401re\embedded-stm32-course-main\stm32-nonos-stdperiph-sdk\lib_stm\libLibraries.a(ucg_init.o)
 .ARM.attributes
                0x000006a6       0x39 D:\STM32CubePrj\lib_sdk_1.0.3_nucleo_f401re\embedded-stm32-course-main\stm32-nonos-stdperiph-sdk\lib_stm\libLibraries.a(ucg_line.o)
 .ARM.attributes
                0x000006df       0x39 D:\STM32CubePrj\lib_sdk_1.0.3_nucleo_f401re\embedded-stm32-course-main\stm32-nonos-stdperiph-sdk\lib_stm\libLibraries.a(ucg_pixel.o)
 .ARM.attributes
                0x00000718       0x39 D:\STM32CubePrj\lib_sdk_1.0.3_nucleo_f401re\embedded-stm32-course-main\stm32-nonos-stdperiph-sdk\lib_stm\libLibraries.a(ucg_pixel_font_data.o)
 .ARM.attributes
                0x00000751       0x39 D:\STM32CubePrj\lib_sdk_1.0.3_nucleo_f401re\embedded-stm32-course-main\stm32-nonos-stdperiph-sdk\lib_stm\libLibraries.a(ucg_rotate.o)
 .ARM.attributes
                0x0000078a       0x39 D:\STM32CubePrj\lib_sdk_1.0.3_nucleo_f401re\embedded-stm32-course-main\stm32-nonos-stdperiph-sdk\lib_stm\libLibraries.a(utilities.o)
 .ARM.attributes
                0x000007c3       0x39 D:\STM32CubePrj\lib_sdk_1.0.3_nucleo_f401re\embedded-stm32-course-main\stm32-nonos-stdperiph-sdk\lib_stm\libLibraries.a(ucg_clip.o)
 .ARM.attributes
                0x000007fc       0x39 D:\STM32CubePrj\lib_sdk_1.0.3_nucleo_f401re\embedded-stm32-course-main\stm32-nonos-stdperiph-sdk\lib_stm\libLibraries.a(ucg_com_msg_api.o)
 .ARM.attributes
                0x00000835       0x34 C:/ST/STM32CubeIDE_1.19.0/STM32CubeIDE/plugins/com.st.stm32cube.ide.mcu.externaltools.gnu-tools-for-stm32.13.3.rel1.win32_1.0.0.202411081344/tools/bin/../lib/gcc/arm-none-eabi/13.3.1/../../../../arm-none-eabi/lib/thumb/v7e-m+fp/hard\libc_nano.a(libc_a-findfp.o)
 .ARM.attributes
                0x00000869       0x34 C:/ST/STM32CubeIDE_1.19.0/STM32CubeIDE/plugins/com.st.stm32cube.ide.mcu.externaltools.gnu-tools-for-stm32.13.3.rel1.win32_1.0.0.202411081344/tools/bin/../lib/gcc/arm-none-eabi/13.3.1/../../../../arm-none-eabi/lib/thumb/v7e-m+fp/hard\libc_nano.a(libc_a-snprintf.o)
 .ARM.attributes
                0x0000089d       0x34 C:/ST/STM32CubeIDE_1.19.0/STM32CubeIDE/plugins/com.st.stm32cube.ide.mcu.externaltools.gnu-tools-for-stm32.13.3.rel1.win32_1.0.0.202411081344/tools/bin/../lib/gcc/arm-none-eabi/13.3.1/../../../../arm-none-eabi/lib/thumb/v7e-m+fp/hard\libc_nano.a(libc_a-memset.o)
 .ARM.attributes
                0x000008d1       0x34 C:/ST/STM32CubeIDE_1.19.0/STM32CubeIDE/plugins/com.st.stm32cube.ide.mcu.externaltools.gnu-tools-for-stm32.13.3.rel1.win32_1.0.0.202411081344/tools/bin/../lib/gcc/arm-none-eabi/13.3.1/../../../../arm-none-eabi/lib/thumb/v7e-m+fp/hard\libc_nano.a(libc_a-reent.o)
 .ARM.attributes
                0x00000905       0x34 C:/ST/STM32CubeIDE_1.19.0/STM32CubeIDE/plugins/com.st.stm32cube.ide.mcu.externaltools.gnu-tools-for-stm32.13.3.rel1.win32_1.0.0.202411081344/tools/bin/../lib/gcc/arm-none-eabi/13.3.1/../../../../arm-none-eabi/lib/thumb/v7e-m+fp/hard\libc_nano.a(libc_a-impure.o)
 .ARM.attributes
                0x00000939       0x34 C:/ST/STM32CubeIDE_1.19.0/STM32CubeIDE/plugins/com.st.stm32cube.ide.mcu.externaltools.gnu-tools-for-stm32.13.3.rel1.win32_1.0.0.202411081344/tools/bin/../lib/gcc/arm-none-eabi/13.3.1/../../../../arm-none-eabi/lib/thumb/v7e-m+fp/hard\libc_nano.a(libc_a-errno.o)
 .ARM.attributes
                0x0000096d       0x34 C:/ST/STM32CubeIDE_1.19.0/STM32CubeIDE/plugins/com.st.stm32cube.ide.mcu.externaltools.gnu-tools-for-stm32.13.3.rel1.win32_1.0.0.202411081344/tools/bin/../lib/gcc/arm-none-eabi/13.3.1/../../../../arm-none-eabi/lib/thumb/v7e-m+fp/hard\libc_nano.a(libc_a-init.o)
 .ARM.attributes
                0x000009a1       0x34 C:/ST/STM32CubeIDE_1.19.0/STM32CubeIDE/plugins/com.st.stm32cube.ide.mcu.externaltools.gnu-tools-for-stm32.13.3.rel1.win32_1.0.0.202411081344/tools/bin/../lib/gcc/arm-none-eabi/13.3.1/../../../../arm-none-eabi/lib/thumb/v7e-m+fp/hard\libc_nano.a(libc_a-lock.o)
 .ARM.attributes
                0x000009d5       0x34 C:/ST/STM32CubeIDE_1.19.0/STM32CubeIDE/plugins/com.st.stm32cube.ide.mcu.externaltools.gnu-tools-for-stm32.13.3.rel1.win32_1.0.0.202411081344/tools/bin/../lib/gcc/arm-none-eabi/13.3.1/../../../../arm-none-eabi/lib/thumb/v7e-m+fp/hard\libc_nano.a(libc_a-freer.o)
 .ARM.attributes
                0x00000a09       0x34 C:/ST/STM32CubeIDE_1.19.0/STM32CubeIDE/plugins/com.st.stm32cube.ide.mcu.externaltools.gnu-tools-for-stm32.13.3.rel1.win32_1.0.0.202411081344/tools/bin/../lib/gcc/arm-none-eabi/13.3.1/../../../../arm-none-eabi/lib/thumb/v7e-m+fp/hard\libc_nano.a(libc_a-mallocr.o)
 .ARM.attributes
                0x00000a3d       0x34 C:/ST/STM32CubeIDE_1.19.0/STM32CubeIDE/plugins/com.st.stm32cube.ide.mcu.externaltools.gnu-tools-for-stm32.13.3.rel1.win32_1.0.0.202411081344/tools/bin/../lib/gcc/arm-none-eabi/13.3.1/../../../../arm-none-eabi/lib/thumb/v7e-m+fp/hard\libc_nano.a(libc_a-mlock.o)
 .ARM.attributes
                0x00000a71       0x34 C:/ST/STM32CubeIDE_1.19.0/STM32CubeIDE/plugins/com.st.stm32cube.ide.mcu.externaltools.gnu-tools-for-stm32.13.3.rel1.win32_1.0.0.202411081344/tools/bin/../lib/gcc/arm-none-eabi/13.3.1/../../../../arm-none-eabi/lib/thumb/v7e-m+fp/hard\libc_nano.a(libc_a-nano-svfprintf.o)
 .ARM.attributes
                0x00000aa5       0x34 C:/ST/STM32CubeIDE_1.19.0/STM32CubeIDE/plugins/com.st.stm32cube.ide.mcu.externaltools.gnu-tools-for-stm32.13.3.rel1.win32_1.0.0.202411081344/tools/bin/../lib/gcc/arm-none-eabi/13.3.1/../../../../arm-none-eabi/lib/thumb/v7e-m+fp/hard\libc_nano.a(libc_a-nano-vfprintf_i.o)
 .ARM.attributes
                0x00000ad9       0x34 C:/ST/STM32CubeIDE_1.19.0/STM32CubeIDE/plugins/com.st.stm32cube.ide.mcu.externaltools.gnu-tools-for-stm32.13.3.rel1.win32_1.0.0.202411081344/tools/bin/../lib/gcc/arm-none-eabi/13.3.1/../../../../arm-none-eabi/lib/thumb/v7e-m+fp/hard\libc_nano.a(libc_a-memmove.o)
 .ARM.attributes
                0x00000b0d       0x34 C:/ST/STM32CubeIDE_1.19.0/STM32CubeIDE/plugins/com.st.stm32cube.ide.mcu.externaltools.gnu-tools-for-stm32.13.3.rel1.win32_1.0.0.202411081344/tools/bin/../lib/gcc/arm-none-eabi/13.3.1/../../../../arm-none-eabi/lib/thumb/v7e-m+fp/hard\libc_nano.a(libc_a-sbrkr.o)
 .ARM.attributes
                0x00000b41       0x1c C:/ST/STM32CubeIDE_1.19.0/STM32CubeIDE/plugins/com.st.stm32cube.ide.mcu.externaltools.gnu-tools-for-stm32.13.3.rel1.win32_1.0.0.202411081344/tools/bin/../lib/gcc/arm-none-eabi/13.3.1/../../../../arm-none-eabi/lib/thumb/v7e-m+fp/hard\libc_nano.a(libc_a-memchr.o)
 .ARM.attributes
                0x00000b5d       0x34 C:/ST/STM32CubeIDE_1.19.0/STM32CubeIDE/plugins/com.st.stm32cube.ide.mcu.externaltools.gnu-tools-for-stm32.13.3.rel1.win32_1.0.0.202411081344/tools/bin/../lib/gcc/arm-none-eabi/13.3.1/../../../../arm-none-eabi/lib/thumb/v7e-m+fp/hard\libc_nano.a(libc_a-memcpy-stub.o)
 .ARM.attributes
                0x00000b91       0x34 C:/ST/STM32CubeIDE_1.19.0/STM32CubeIDE/plugins/com.st.stm32cube.ide.mcu.externaltools.gnu-tools-for-stm32.13.3.rel1.win32_1.0.0.202411081344/tools/bin/../lib/gcc/arm-none-eabi/13.3.1/../../../../arm-none-eabi/lib/thumb/v7e-m+fp/hard\libc_nano.a(libc_a-reallocr.o)
 .ARM.attributes
                0x00000bc5       0x34 C:/ST/STM32CubeIDE_1.19.0/STM32CubeIDE/plugins/com.st.stm32cube.ide.mcu.externaltools.gnu-tools-for-stm32.13.3.rel1.win32_1.0.0.202411081344/tools/bin/../lib/gcc/arm-none-eabi/13.3.1/../../../../arm-none-eabi/lib/thumb/v7e-m+fp/hard\libc_nano.a(libc_a-msizer.o)
 .ARM.attributes
                0x00000bf9       0x22 C:/ST/STM32CubeIDE_1.19.0/STM32CubeIDE/plugins/com.st.stm32cube.ide.mcu.externaltools.gnu-tools-for-stm32.13.3.rel1.win32_1.0.0.202411081344/tools/bin/../lib/gcc/arm-none-eabi/13.3.1/thumb/v7e-m+fp/hard/crtn.o
OUTPUT(arknoid.elf elf32-littlearm)
LOAD linker stubs
LOAD C:/ST/STM32CubeIDE_1.19.0/STM32CubeIDE/plugins/com.st.stm32cube.ide.mcu.externaltools.gnu-tools-for-stm32.13.3.rel1.win32_1.0.0.202411081344/tools/bin/../lib/gcc/arm-none-eabi/13.3.1/../../../../arm-none-eabi/lib/thumb/v7e-m+fp/hard\libc.a
LOAD C:/ST/STM32CubeIDE_1.19.0/STM32CubeIDE/plugins/com.st.stm32cube.ide.mcu.externaltools.gnu-tools-for-stm32.13.3.rel1.win32_1.0.0.202411081344/tools/bin/../lib/gcc/arm-none-eabi/13.3.1/../../../../arm-none-eabi/lib/thumb/v7e-m+fp/hard\libm.a
LOAD C:/ST/STM32CubeIDE_1.19.0/STM32CubeIDE/plugins/com.st.stm32cube.ide.mcu.externaltools.gnu-tools-for-stm32.13.3.rel1.win32_1.0.0.202411081344/tools/bin/../lib/gcc/arm-none-eabi/13.3.1/thumb/v7e-m+fp/hard\libgcc.a

.debug_info     0x00000000    0x3ad05
 .debug_info    0x00000000       0xe3 ./Src/drivers/gpio.o
 .debug_info    0x000000e3      0x64c ./Src/drivers/timebase.o
 .debug_info    0x0000072f      0x254 ./Src/game/collision.o
 .debug_info    0x00000983      0x133 ./Src/game/levels.o
 .debug_info    0x00000ab6      0x836 ./Src/game/menu_ui.o
 .debug_info    0x000012ec      0xa12 ./Src/game/run_game.o
 .debug_info    0x00001cfe      0x777 ./Src/graphic/display_init.o
 .debug_info    0x00002475      0x996 ./Src/graphic/render.o
 .debug_info    0x00002e0b       0xcd ./Src/main.o
 .debug_info    0x00002ed8      0x168 ./Src/sysmem.o
 .debug_info    0x00003040      0x438 ./Src/periph/button.o
 .debug_info    0x00003478      0x2f7 ./Src/periph/buzzer.o
 .debug_info    0x0000376f      0x35d ./Src/periph/led.o
 .debug_info    0x00003acc       0x30 ./Startup/startup_stm32f401retx.o
 .debug_info    0x00003afc      0x2b0 ./lib_sdk_1.0.3_nucleo_f401re/embedded-stm32-course-main/stm32-nonos-stdperiph-sdk/docs/queue-test/queue.o
 .debug_info    0x00003dac      0x5bb D:\STM32CubePrj\lib_sdk_1.0.3_nucleo_f401re\embedded-stm32-course-main\stm32-nonos-stdperiph-sdk\lib_stm\libLibraries.a(system_stm32f4xx.o)
 .debug_info    0x00004367      0x62b D:\STM32CubePrj\lib_sdk_1.0.3_nucleo_f401re\embedded-stm32-course-main\stm32-nonos-stdperiph-sdk\lib_stm\libLibraries.a(stm32f401re_gpio.o)
 .debug_info    0x00004992      0xd5e D:\STM32CubePrj\lib_sdk_1.0.3_nucleo_f401re\embedded-stm32-course-main\stm32-nonos-stdperiph-sdk\lib_stm\libLibraries.a(stm32f401re_rcc.o)
 .debug_info    0x000056f0      0x5fe D:\STM32CubePrj\lib_sdk_1.0.3_nucleo_f401re\embedded-stm32-course-main\stm32-nonos-stdperiph-sdk\lib_stm\libLibraries.a(button.o)
 .debug_info    0x00005cee      0x922 D:\STM32CubePrj\lib_sdk_1.0.3_nucleo_f401re\embedded-stm32-course-main\stm32-nonos-stdperiph-sdk\lib_stm\libLibraries.a(timer.o)
 .debug_info    0x00006610     0x333f D:\STM32CubePrj\lib_sdk_1.0.3_nucleo_f401re\embedded-stm32-course-main\stm32-nonos-stdperiph-sdk\lib_stm\libLibraries.a(Ucglib.o)
 .debug_info    0x0000994f     0x329d D:\STM32CubePrj\lib_sdk_1.0.3_nucleo_f401re\embedded-stm32-course-main\stm32-nonos-stdperiph-sdk\lib_stm\libLibraries.a(ucg_box.o)
 .debug_info    0x0000cbec     0x2b08 D:\STM32CubePrj\lib_sdk_1.0.3_nucleo_f401re\embedded-stm32-course-main\stm32-nonos-stdperiph-sdk\lib_stm\libLibraries.a(ucg_ccs.o)
 .debug_info    0x0000f6f4     0x3274 D:\STM32CubePrj\lib_sdk_1.0.3_nucleo_f401re\embedded-stm32-course-main\stm32-nonos-stdperiph-sdk\lib_stm\libLibraries.a(ucg_circle.o)
 .debug_info    0x00012968     0x324b D:\STM32CubePrj\lib_sdk_1.0.3_nucleo_f401re\embedded-stm32-course-main\stm32-nonos-stdperiph-sdk\lib_stm\libLibraries.a(ucg_dev_default_cb.o)
 .debug_info    0x00015bb3     0x3272 D:\STM32CubePrj\lib_sdk_1.0.3_nucleo_f401re\embedded-stm32-course-main\stm32-nonos-stdperiph-sdk\lib_stm\libLibraries.a(ucg_dev_ic_st7735.o)
 .debug_info    0x00018e25     0x3178 D:\STM32CubePrj\lib_sdk_1.0.3_nucleo_f401re\embedded-stm32-course-main\stm32-nonos-stdperiph-sdk\lib_stm\libLibraries.a(ucg_dev_msg_api.o)
 .debug_info    0x0001bf9d     0x303e D:\STM32CubePrj\lib_sdk_1.0.3_nucleo_f401re\embedded-stm32-course-main\stm32-nonos-stdperiph-sdk\lib_stm\libLibraries.a(ucg_dev_tft_128x128_st7735.o)
 .debug_info    0x0001efdb     0x43ab D:\STM32CubePrj\lib_sdk_1.0.3_nucleo_f401re\embedded-stm32-course-main\stm32-nonos-stdperiph-sdk\lib_stm\libLibraries.a(ucg_font.o)
 .debug_info    0x00023386     0x3856 D:\STM32CubePrj\lib_sdk_1.0.3_nucleo_f401re\embedded-stm32-course-main\stm32-nonos-stdperiph-sdk\lib_stm\libLibraries.a(ucg_init.o)
 .debug_info    0x00026bdc     0x3222 D:\STM32CubePrj\lib_sdk_1.0.3_nucleo_f401re\embedded-stm32-course-main\stm32-nonos-stdperiph-sdk\lib_stm\libLibraries.a(ucg_line.o)
 .debug_info    0x00029dfe     0x3056 D:\STM32CubePrj\lib_sdk_1.0.3_nucleo_f401re\embedded-stm32-course-main\stm32-nonos-stdperiph-sdk\lib_stm\libLibraries.a(ucg_pixel.o)
 .debug_info    0x0002ce54     0x43df D:\STM32CubePrj\lib_sdk_1.0.3_nucleo_f401re\embedded-stm32-course-main\stm32-nonos-stdperiph-sdk\lib_stm\libLibraries.a(ucg_pixel_font_data.o)
 .debug_info    0x00031233     0x3231 D:\STM32CubePrj\lib_sdk_1.0.3_nucleo_f401re\embedded-stm32-course-main\stm32-nonos-stdperiph-sdk\lib_stm\libLibraries.a(ucg_rotate.o)
 .debug_info    0x00034464      0x2bd D:\STM32CubePrj\lib_sdk_1.0.3_nucleo_f401re\embedded-stm32-course-main\stm32-nonos-stdperiph-sdk\lib_stm\libLibraries.a(utilities.o)
 .debug_info    0x00034721     0x315a D:\STM32CubePrj\lib_sdk_1.0.3_nucleo_f401re\embedded-stm32-course-main\stm32-nonos-stdperiph-sdk\lib_stm\libLibraries.a(ucg_clip.o)
 .debug_info    0x0003787b     0x348a D:\STM32CubePrj\lib_sdk_1.0.3_nucleo_f401re\embedded-stm32-course-main\stm32-nonos-stdperiph-sdk\lib_stm\libLibraries.a(ucg_com_msg_api.o)

.debug_abbrev   0x00000000     0x36eb
 .debug_abbrev  0x00000000       0x9b ./Src/drivers/gpio.o
 .debug_abbrev  0x0000009b      0x205 ./Src/drivers/timebase.o
 .debug_abbrev  0x000002a0      0x105 ./Src/game/collision.o
 .debug_abbrev  0x000003a5       0xaa ./Src/game/levels.o
 .debug_abbrev  0x0000044f      0x1fc ./Src/game/menu_ui.o
 .debug_abbrev  0x0000064b      0x23c ./Src/game/run_game.o
 .debug_abbrev  0x00000887      0x189 ./Src/graphic/display_init.o
 .debug_abbrev  0x00000a10      0x1e3 ./Src/graphic/render.o
 .debug_abbrev  0x00000bf3       0x5b ./Src/main.o
 .debug_abbrev  0x00000c4e       0xbc ./Src/sysmem.o
 .debug_abbrev  0x00000d0a      0x1f1 ./Src/periph/button.o
 .debug_abbrev  0x00000efb      0x16c ./Src/periph/buzzer.o
 .debug_abbrev  0x00001067      0x17a ./Src/periph/led.o
 .debug_abbrev  0x000011e1       0x24 ./Startup/startup_stm32f401retx.o
 .debug_abbrev  0x00001205      0x123 ./lib_sdk_1.0.3_nucleo_f401re/embedded-stm32-course-main/stm32-nonos-stdperiph-sdk/docs/queue-test/queue.o
 .debug_abbrev  0x00001328      0x138 D:\STM32CubePrj\lib_sdk_1.0.3_nucleo_f401re\embedded-stm32-course-main\stm32-nonos-stdperiph-sdk\lib_stm\libLibraries.a(system_stm32f4xx.o)
 .debug_abbrev  0x00001460      0x1bf D:\STM32CubePrj\lib_sdk_1.0.3_nucleo_f401re\embedded-stm32-course-main\stm32-nonos-stdperiph-sdk\lib_stm\libLibraries.a(stm32f401re_gpio.o)
 .debug_abbrev  0x0000161f      0x1d4 D:\STM32CubePrj\lib_sdk_1.0.3_nucleo_f401re\embedded-stm32-course-main\stm32-nonos-stdperiph-sdk\lib_stm\libLibraries.a(stm32f401re_rcc.o)
 .debug_abbrev  0x000017f3      0x220 D:\STM32CubePrj\lib_sdk_1.0.3_nucleo_f401re\embedded-stm32-course-main\stm32-nonos-stdperiph-sdk\lib_stm\libLibraries.a(button.o)
 .debug_abbrev  0x00001a13      0x29a D:\STM32CubePrj\lib_sdk_1.0.3_nucleo_f401re\embedded-stm32-course-main\stm32-nonos-stdperiph-sdk\lib_stm\libLibraries.a(timer.o)
 .debug_abbrev  0x00001cad      0x202 D:\STM32CubePrj\lib_sdk_1.0.3_nucleo_f401re\embedded-stm32-course-main\stm32-nonos-stdperiph-sdk\lib_stm\libLibraries.a(Ucglib.o)
 .debug_abbrev  0x00001eaf      0x18b D:\STM32CubePrj\lib_sdk_1.0.3_nucleo_f401re\embedded-stm32-course-main\stm32-nonos-stdperiph-sdk\lib_stm\libLibraries.a(ucg_box.o)
 .debug_abbrev  0x0000203a       0xf5 D:\STM32CubePrj\lib_sdk_1.0.3_nucleo_f401re\embedded-stm32-course-main\stm32-nonos-stdperiph-sdk\lib_stm\libLibraries.a(ucg_ccs.o)
 .debug_abbrev  0x0000212f      0x18b D:\STM32CubePrj\lib_sdk_1.0.3_nucleo_f401re\embedded-stm32-course-main\stm32-nonos-stdperiph-sdk\lib_stm\libLibraries.a(ucg_circle.o)
 .debug_abbrev  0x000022ba      0x19e D:\STM32CubePrj\lib_sdk_1.0.3_nucleo_f401re\embedded-stm32-course-main\stm32-nonos-stdperiph-sdk\lib_stm\libLibraries.a(ucg_dev_default_cb.o)
 .debug_abbrev  0x00002458      0x1dc D:\STM32CubePrj\lib_sdk_1.0.3_nucleo_f401re\embedded-stm32-course-main\stm32-nonos-stdperiph-sdk\lib_stm\libLibraries.a(ucg_dev_ic_st7735.o)
 .debug_abbrev  0x00002634      0x191 D:\STM32CubePrj\lib_sdk_1.0.3_nucleo_f401re\embedded-stm32-course-main\stm32-nonos-stdperiph-sdk\lib_stm\libLibraries.a(ucg_dev_msg_api.o)
 .debug_abbrev  0x000027c5      0x14e D:\STM32CubePrj\lib_sdk_1.0.3_nucleo_f401re\embedded-stm32-course-main\stm32-nonos-stdperiph-sdk\lib_stm\libLibraries.a(ucg_dev_tft_128x128_st7735.o)
 .debug_abbrev  0x00002913      0x2fc D:\STM32CubePrj\lib_sdk_1.0.3_nucleo_f401re\embedded-stm32-course-main\stm32-nonos-stdperiph-sdk\lib_stm\libLibraries.a(ucg_font.o)
 .debug_abbrev  0x00002c0f      0x1c6 D:\STM32CubePrj\lib_sdk_1.0.3_nucleo_f401re\embedded-stm32-course-main\stm32-nonos-stdperiph-sdk\lib_stm\libLibraries.a(ucg_init.o)
 .debug_abbrev  0x00002dd5      0x175 D:\STM32CubePrj\lib_sdk_1.0.3_nucleo_f401re\embedded-stm32-course-main\stm32-nonos-stdperiph-sdk\lib_stm\libLibraries.a(ucg_line.o)
 .debug_abbrev  0x00002f4a      0x148 D:\STM32CubePrj\lib_sdk_1.0.3_nucleo_f401re\embedded-stm32-course-main\stm32-nonos-stdperiph-sdk\lib_stm\libLibraries.a(ucg_pixel.o)
 .debug_abbrev  0x00003092       0x83 D:\STM32CubePrj\lib_sdk_1.0.3_nucleo_f401re\embedded-stm32-course-main\stm32-nonos-stdperiph-sdk\lib_stm\libLibraries.a(ucg_pixel_font_data.o)
 .debug_abbrev  0x00003115      0x1a3 D:\STM32CubePrj\lib_sdk_1.0.3_nucleo_f401re\embedded-stm32-course-main\stm32-nonos-stdperiph-sdk\lib_stm\libLibraries.a(ucg_rotate.o)
 .debug_abbrev  0x000032b8       0xce D:\STM32CubePrj\lib_sdk_1.0.3_nucleo_f401re\embedded-stm32-course-main\stm32-nonos-stdperiph-sdk\lib_stm\libLibraries.a(utilities.o)
 .debug_abbrev  0x00003386      0x173 D:\STM32CubePrj\lib_sdk_1.0.3_nucleo_f401re\embedded-stm32-course-main\stm32-nonos-stdperiph-sdk\lib_stm\libLibraries.a(ucg_clip.o)
 .debug_abbrev  0x000034f9      0x1f2 D:\STM32CubePrj\lib_sdk_1.0.3_nucleo_f401re\embedded-stm32-course-main\stm32-nonos-stdperiph-sdk\lib_stm\libLibraries.a(ucg_com_msg_api.o)

.debug_aranges  0x00000000      0xba0
 .debug_aranges
                0x00000000       0x20 ./Src/drivers/gpio.o
 .debug_aranges
                0x00000020       0x40 ./Src/drivers/timebase.o
 .debug_aranges
                0x00000060       0x30 ./Src/game/collision.o
 .debug_aranges
                0x00000090       0x18 ./Src/game/levels.o
 .debug_aranges
                0x000000a8       0x20 ./Src/game/menu_ui.o
 .debug_aranges
                0x000000c8       0x28 ./Src/game/run_game.o
 .debug_aranges
                0x000000f0       0x20 ./Src/graphic/display_init.o
 .debug_aranges
                0x00000110       0x40 ./Src/graphic/render.o
 .debug_aranges
                0x00000150       0x20 ./Src/main.o
 .debug_aranges
                0x00000170       0x20 ./Src/sysmem.o
 .debug_aranges
                0x00000190       0x58 ./Src/periph/button.o
 .debug_aranges
                0x000001e8       0x28 ./Src/periph/buzzer.o
 .debug_aranges
                0x00000210       0x38 ./Src/periph/led.o
 .debug_aranges
                0x00000248       0x28 ./Startup/startup_stm32f401retx.o
 .debug_aranges
                0x00000270       0x50 ./lib_sdk_1.0.3_nucleo_f401re/embedded-stm32-course-main/stm32-nonos-stdperiph-sdk/docs/queue-test/queue.o
 .debug_aranges
                0x000002c0       0x30 D:\STM32CubePrj\lib_sdk_1.0.3_nucleo_f401re\embedded-stm32-course-main\stm32-nonos-stdperiph-sdk\lib_stm\libLibraries.a(system_stm32f4xx.o)
 .debug_aranges
                0x000002f0       0x88 D:\STM32CubePrj\lib_sdk_1.0.3_nucleo_f401re\embedded-stm32-course-main\stm32-nonos-stdperiph-sdk\lib_stm\libLibraries.a(stm32f401re_gpio.o)
 .debug_aranges
                0x00000378      0x198 D:\STM32CubePrj\lib_sdk_1.0.3_nucleo_f401re\embedded-stm32-course-main\stm32-nonos-stdperiph-sdk\lib_stm\libLibraries.a(stm32f401re_rcc.o)
 .debug_aranges
                0x00000510       0x58 D:\STM32CubePrj\lib_sdk_1.0.3_nucleo_f401re\embedded-stm32-course-main\stm32-nonos-stdperiph-sdk\lib_stm\libLibraries.a(button.o)
 .debug_aranges
                0x00000568       0x70 D:\STM32CubePrj\lib_sdk_1.0.3_nucleo_f401re\embedded-stm32-course-main\stm32-nonos-stdperiph-sdk\lib_stm\libLibraries.a(timer.o)
 .debug_aranges
                0x000005d8       0x48 D:\STM32CubePrj\lib_sdk_1.0.3_nucleo_f401re\embedded-stm32-course-main\stm32-nonos-stdperiph-sdk\lib_stm\libLibraries.a(Ucglib.o)
 .debug_aranges
                0x00000620       0x48 D:\STM32CubePrj\lib_sdk_1.0.3_nucleo_f401re\embedded-stm32-course-main\stm32-nonos-stdperiph-sdk\lib_stm\libLibraries.a(ucg_box.o)
 .debug_aranges
                0x00000668       0x30 D:\STM32CubePrj\lib_sdk_1.0.3_nucleo_f401re\embedded-stm32-course-main\stm32-nonos-stdperiph-sdk\lib_stm\libLibraries.a(ucg_ccs.o)
 .debug_aranges
                0x00000698       0x48 D:\STM32CubePrj\lib_sdk_1.0.3_nucleo_f401re\embedded-stm32-course-main\stm32-nonos-stdperiph-sdk\lib_stm\libLibraries.a(ucg_circle.o)
 .debug_aranges
                0x000006e0       0x48 D:\STM32CubePrj\lib_sdk_1.0.3_nucleo_f401re\embedded-stm32-course-main\stm32-nonos-stdperiph-sdk\lib_stm\libLibraries.a(ucg_dev_default_cb.o)
 .debug_aranges
                0x00000728       0x40 D:\STM32CubePrj\lib_sdk_1.0.3_nucleo_f401re\embedded-stm32-course-main\stm32-nonos-stdperiph-sdk\lib_stm\libLibraries.a(ucg_dev_ic_st7735.o)
 .debug_aranges
                0x00000768       0x60 D:\STM32CubePrj\lib_sdk_1.0.3_nucleo_f401re\embedded-stm32-course-main\stm32-nonos-stdperiph-sdk\lib_stm\libLibraries.a(ucg_dev_msg_api.o)
 .debug_aranges
                0x000007c8       0x20 D:\STM32CubePrj\lib_sdk_1.0.3_nucleo_f401re\embedded-stm32-course-main\stm32-nonos-stdperiph-sdk\lib_stm\libLibraries.a(ucg_dev_tft_128x128_st7735.o)
 .debug_aranges
                0x000007e8      0x168 D:\STM32CubePrj\lib_sdk_1.0.3_nucleo_f401re\embedded-stm32-course-main\stm32-nonos-stdperiph-sdk\lib_stm\libLibraries.a(ucg_font.o)
 .debug_aranges
                0x00000950       0x28 D:\STM32CubePrj\lib_sdk_1.0.3_nucleo_f401re\embedded-stm32-course-main\stm32-nonos-stdperiph-sdk\lib_stm\libLibraries.a(ucg_init.o)
 .debug_aranges
                0x00000978       0x48 D:\STM32CubePrj\lib_sdk_1.0.3_nucleo_f401re\embedded-stm32-course-main\stm32-nonos-stdperiph-sdk\lib_stm\libLibraries.a(ucg_line.o)
 .debug_aranges
                0x000009c0       0x28 D:\STM32CubePrj\lib_sdk_1.0.3_nucleo_f401re\embedded-stm32-course-main\stm32-nonos-stdperiph-sdk\lib_stm\libLibraries.a(ucg_pixel.o)
 .debug_aranges
                0x000009e8       0x18 D:\STM32CubePrj\lib_sdk_1.0.3_nucleo_f401re\embedded-stm32-course-main\stm32-nonos-stdperiph-sdk\lib_stm\libLibraries.a(ucg_pixel_font_data.o)
 .debug_aranges
                0x00000a00       0x68 D:\STM32CubePrj\lib_sdk_1.0.3_nucleo_f401re\embedded-stm32-course-main\stm32-nonos-stdperiph-sdk\lib_stm\libLibraries.a(ucg_rotate.o)
 .debug_aranges
                0x00000a68       0x48 D:\STM32CubePrj\lib_sdk_1.0.3_nucleo_f401re\embedded-stm32-course-main\stm32-nonos-stdperiph-sdk\lib_stm\libLibraries.a(utilities.o)
 .debug_aranges
                0x00000ab0       0x50 D:\STM32CubePrj\lib_sdk_1.0.3_nucleo_f401re\embedded-stm32-course-main\stm32-nonos-stdperiph-sdk\lib_stm\libLibraries.a(ucg_clip.o)
 .debug_aranges
                0x00000b00       0xa0 D:\STM32CubePrj\lib_sdk_1.0.3_nucleo_f401re\embedded-stm32-course-main\stm32-nonos-stdperiph-sdk\lib_stm\libLibraries.a(ucg_com_msg_api.o)

.debug_rnglists
                0x00000000      0x1bf
 .debug_rnglists
                0x00000000       0x13 ./Src/drivers/gpio.o
 .debug_rnglists
                0x00000013       0x2b ./Src/drivers/timebase.o
 .debug_rnglists
                0x0000003e       0x22 ./Src/game/collision.o
 .debug_rnglists
                0x00000060       0x14 ./Src/game/menu_ui.o
 .debug_rnglists
                0x00000074       0x1a ./Src/game/run_game.o
 .debug_rnglists
                0x0000008e       0x13 ./Src/graphic/display_init.o
 .debug_rnglists
                0x000000a1       0x2c ./Src/graphic/render.o
 .debug_rnglists
                0x000000cd       0x13 ./Src/main.o
 .debug_rnglists
                0x000000e0       0x13 ./Src/sysmem.o
 .debug_rnglists
                0x000000f3       0x3d ./Src/periph/button.o
 .debug_rnglists
                0x00000130       0x19 ./Src/periph/buzzer.o
 .debug_rnglists
                0x00000149       0x25 ./Src/periph/led.o
 .debug_rnglists
                0x0000016e       0x19 ./Startup/startup_stm32f401retx.o
 .debug_rnglists
                0x00000187       0x38 ./lib_sdk_1.0.3_nucleo_f401re/embedded-stm32-course-main/stm32-nonos-stdperiph-sdk/docs/queue-test/queue.o

.debug_macro    0x00000000    0x10273
 .debug_macro   0x00000000      0x10d ./Src/drivers/gpio.o
 .debug_macro   0x0000010d      0xae4 ./Src/drivers/gpio.o
 .debug_macro   0x00000bf1       0x22 ./Src/drivers/gpio.o
 .debug_macro   0x00000c13       0x8e ./Src/drivers/gpio.o
 .debug_macro   0x00000ca1       0x51 ./Src/drivers/gpio.o
 .debug_macro   0x00000cf2      0x103 ./Src/drivers/gpio.o
 .debug_macro   0x00000df5       0x6a ./Src/drivers/gpio.o