Archive member included to satisfy reference by file (symbol)

D:\STM32CubePrj\lib_sdk_1.0.3_nucleo_f401re\embedded-stm32-course-main\stm32-nonos-stdperiph-sdk\lib_stm\libLibraries.a(system_stm32f4xx.o)
                              ./Src/main.o (SystemCoreClockUpdate)
D:\STM32CubePrj\lib_sdk_1.0.3_nucleo_f401re\embedded-stm32-course-main\stm32-nonos-stdperiph-sdk\lib_stm\libLibraries.a(button.o)
                              ./Src/main.o (Button_Init)
D:\STM32CubePrj\lib_sdk_1.0.3_nucleo_f401re\embedded-stm32-course-main\stm32-nonos-stdperiph-sdk\lib_stm\libLibraries.a(eventbutton.o)
                              ./Src/main.o (EventButton_Init)
D:\STM32CubePrj\lib_sdk_1.0.3_nucleo_f401re\embedded-stm32-course-main\stm32-nonos-stdperiph-sdk\lib_stm\libLibraries.a(eventman.o)
                              D:\STM32CubePrj\lib_sdk_1.0.3_nucleo_f401re\embedded-stm32-course-main\stm32-nonos-stdperiph-sdk\lib_stm\libLibraries.a(eventbutton.o) (EventSchedulerAdd)
D:\STM32CubePrj\lib_sdk_1.0.3_nucleo_f401re\embedded-stm32-course-main\stm32-nonos-stdperiph-sdk\lib_stm\libLibraries.a(timer.o)
                              ./Src/main.o (TimerInit)
D:\STM32CubePrj\lib_sdk_1.0.3_nucleo_f401re\embedded-stm32-course-main\stm32-nonos-stdperiph-sdk\lib_stm\libLibraries.a(serial.o)
                              D:\STM32CubePrj\lib_sdk_1.0.3_nucleo_f401re\embedded-stm32-course-main\stm32-nonos-stdperiph-sdk\lib_stm\libLibraries.a(eventbutton.o) (Serial_SendPacket)
D:\STM32CubePrj\lib_sdk_1.0.3_nucleo_f401re\embedded-stm32-course-main\stm32-nonos-stdperiph-sdk\lib_stm\libLibraries.a(Ucglib.o)
                              ./Src/main.o (Ucglib4WireSWSPI_begin)
D:\STM32CubePrj\lib_sdk_1.0.3_nucleo_f401re\embedded-stm32-course-main\stm32-nonos-stdperiph-sdk\lib_stm\libLibraries.a(ucg_box.o)
                              ./Src/main.o (ucg_DrawBox)
D:\STM32CubePrj\lib_sdk_1.0.3_nucleo_f401re\embedded-stm32-course-main\stm32-nonos-stdperiph-sdk\lib_stm\libLibraries.a(ucg_ccs.o)
                              D:\STM32CubePrj\lib_sdk_1.0.3_nucleo_f401re\embedded-stm32-course-main\stm32-nonos-stdperiph-sdk\lib_stm\libLibraries.a(ucg_box.o) (ucg_ccs_init)
D:\STM32CubePrj\lib_sdk_1.0.3_nucleo_f401re\embedded-stm32-course-main\stm32-nonos-stdperiph-sdk\lib_stm\libLibraries.a(ucg_circle.o)
                              D:\STM32CubePrj\lib_sdk_1.0.3_nucleo_f401re\embedded-stm32-course-main\stm32-nonos-stdperiph-sdk\lib_stm\libLibraries.a(ucg_box.o) (ucg_DrawCircle)
D:\STM32CubePrj\lib_sdk_1.0.3_nucleo_f401re\embedded-stm32-course-main\stm32-nonos-stdperiph-sdk\lib_stm\libLibraries.a(ucg_dev_default_cb.o)
                              D:\STM32CubePrj\lib_sdk_1.0.3_nucleo_f401re\embedded-stm32-course-main\stm32-nonos-stdperiph-sdk\lib_stm\libLibraries.a(Ucglib.o) (ucg_dev_default_cb)
D:\STM32CubePrj\lib_sdk_1.0.3_nucleo_f401re\embedded-stm32-course-main\stm32-nonos-stdperiph-sdk\lib_stm\libLibraries.a(ucg_dev_ic_st7735.o)
                              D:\STM32CubePrj\lib_sdk_1.0.3_nucleo_f401re\embedded-stm32-course-main\stm32-nonos-stdperiph-sdk\lib_stm\libLibraries.a(Ucglib.o) (ucg_ext_st7735_18)
D:\STM32CubePrj\lib_sdk_1.0.3_nucleo_f401re\embedded-stm32-course-main\stm32-nonos-stdperiph-sdk\lib_stm\libLibraries.a(ucg_dev_msg_api.o)
                              D:\STM32CubePrj\lib_sdk_1.0.3_nucleo_f401re\embedded-stm32-course-main\stm32-nonos-stdperiph-sdk\lib_stm\libLibraries.a(ucg_box.o) (ucg_SetMaxClipRange)
D:\STM32CubePrj\lib_sdk_1.0.3_nucleo_f401re\embedded-stm32-course-main\stm32-nonos-stdperiph-sdk\lib_stm\libLibraries.a(ucg_dev_tft_128x128_st7735.o)
                              D:\STM32CubePrj\lib_sdk_1.0.3_nucleo_f401re\embedded-stm32-course-main\stm32-nonos-stdperiph-sdk\lib_stm\libLibraries.a(Ucglib.o) (ucg_dev_st7735_18x128x128)
D:\STM32CubePrj\lib_sdk_1.0.3_nucleo_f401re\embedded-stm32-course-main\stm32-nonos-stdperiph-sdk\lib_stm\libLibraries.a(ucg_font.o)
                              D:\STM32CubePrj\lib_sdk_1.0.3_nucleo_f401re\embedded-stm32-course-main\stm32-nonos-stdperiph-sdk\lib_stm\libLibraries.a(Ucglib.o) (ucg_SetFontMode)
D:\STM32CubePrj\lib_sdk_1.0.3_nucleo_f401re\embedded-stm32-course-main\stm32-nonos-stdperiph-sdk\lib_stm\libLibraries.a(ucg_init.o)
                              D:\STM32CubePrj\lib_sdk_1.0.3_nucleo_f401re\embedded-stm32-course-main\stm32-nonos-stdperiph-sdk\lib_stm\libLibraries.a(Ucglib.o) (ucg_Init)
D:\STM32CubePrj\lib_sdk_1.0.3_nucleo_f401re\embedded-stm32-course-main\stm32-nonos-stdperiph-sdk\lib_stm\libLibraries.a(ucg_line.o)
                              D:\STM32CubePrj\lib_sdk_1.0.3_nucleo_f401re\embedded-stm32-course-main\stm32-nonos-stdperiph-sdk\lib_stm\libLibraries.a(ucg_font.o) (ucg_Draw90Line)
D:\STM32CubePrj\lib_sdk_1.0.3_nucleo_f401re\embedded-stm32-course-main\stm32-nonos-stdperiph-sdk\lib_stm\libLibraries.a(ucg_pixel.o)
                              ./Src/main.o (ucg_SetColor)
[...]
Memory Configuration

Name             Origin             Length             Attributes
RAM              0x20000000         0x00018000         xrw
FLASH            0x08000000         0x00080000         xr
*default*        0x00000000         0xffffffff

Linker script and memory map

LOAD C:/ST/STM32CubeIDE_1.19.0/STM32CubeIDE/plugins/com.st.stm32cube.ide.mcu.externaltools.gnu-tools-for-stm32.13.3.rel1.win32_1.0.0.202411081344/tools/bin/../lib/gcc/arm-none-eabi/13.3.1/thumb/v7e-m+fp/hard/crti.o
LOAD C:/ST/STM32CubeIDE_1.19.0/STM32CubeIDE/plugins/com.st.stm32cube.ide.mcu.externaltools.gnu-tools-for-stm32.13.3.rel1.win32_1.0.0.202411081344/tools/bin/../lib/gcc/arm-none-eabi/13.3.1/thumb/v7e-m+fp/hard/crtbegin.o
LOAD C:/ST/STM32CubeIDE_1.19.0/STM32CubeIDE/plugins/com.st.stm32cube.ide.mcu.externaltools.gnu-tools-for-stm32.13.3.rel1.win32_1.0.0.202411081344/tools/bin/../lib/gcc/arm-none-eabi/13.3.1/../../../../arm-none-eabi/lib/thumb/v7e-m+fp/hard/crt0.o
LOAD ./Src/main.o
LOAD ./Src/syscalls.o
LOAD ./Src/sysmem.o
LOAD ./Startup/startup_stm32f401retx.o
LOAD ./lib_sdk_1.0.3_nucleo_f401re/embedded-stm32-course-main/stm32-nonos-stdperiph-sdk/docs/light-sensor-library/LightDependentResistor.o
LOAD ./lib_sdk_1.0.3_nucleo_f401re/embedded-stm32-course-main/stm32-nonos-stdperiph-sdk/docs/queue-test/queue.o
LOAD ./lib_sdk_1.0.3_nucleo_f401re/embedded-stm32-course-main/stm32-nonos-stdperiph-sdk/shared/Utilities/kalman_filter.o
LOAD D:\STM32CubePrj\lib_sdk_1.0.3_nucleo_f401re\embedded-stm32-course-main\stm32-nonos-stdperiph-sdk\lib_stm\libLibraries.a
START GROUP
LOAD C:/ST/STM32CubeIDE_1.19.0/STM32CubeIDE/plugins/com.st.stm32cube.ide.mcu.externaltools.gnu-tools-for-stm32.13.3.rel1.win32_1.0.0.202411081344/tools/bin/../lib/gcc/arm-none-eabi/13.3.1/../../../../arm-none-eabi/lib/thumb/v7e-m+fp/hard\libc_nano.a
LOAD C:/ST/STM32CubeIDE_1.19.0/STM32CubeIDE/plugins/com.st.stm32cube.ide.mcu.externaltools.gnu-tools-for-stm32.13.3.rel1.win32_1.0.0.202411081344/tools/bin/../lib/gcc/arm-none-eabi/13.3.1/../../../../arm-none-eabi/lib/thumb/v7e-m+fp/hard\libm.a
END GROUP
START GROUP
LOAD C:/ST/STM32CubeIDE_1.19.0/STM32CubeIDE/plugins/com.st.stm32cube.ide.mcu.externaltools.gnu-tools-for-stm32.13.3.rel1.win32_1.0.0.202411081344/tools/bin/../lib/gcc/arm-none-eabi/13.3.1/thumb/v7e-m+fp/hard\libgcc.a
LOAD C:/ST/STM32CubeIDE_1.19.0/STM32CubeIDE/plugins/com.st.stm32cube.ide.mcu.externaltools.gnu-tools-for-stm32.13.3.rel1.win32_1.0.0.202411081344/tools/bin/../lib/gcc/arm-none-eabi/13.3.1/../../../../arm-none-eabi/lib/thumb/v7e-m+fp/hard\libc_nano.a
END GROUP
START GROUP
LOAD C:/ST/STM32CubeIDE_1.19.0/STM32CubeIDE/plugins/com.st.stm32cube.ide.mcu.externaltools.gnu-tools-for-stm32.13.3.rel1.win32_1.0.0.202411081344/tools/bin/../lib/gcc/arm-none-eabi/13.3.1/thumb/v7e-m+fp/hard\libgcc.a
LOAD C:/ST/STM32CubeIDE_1.19.0/STM32CubeIDE/plugins/com.st.stm32cube.ide.mcu.externaltools.gnu-tools-for-stm32.13.3.rel1.win32_1.0.0.202411081344/tools/bin/../lib/gcc/arm-none-eabi/13.3.1/../../../../arm-none-eabi/lib/thumb/v7e-m+fp/hard\libc_nano.a
LOAD C:/ST/STM32CubeIDE_1.19.0/STM32CubeIDE/plugins/com.st.stm32cube.ide.mcu.externaltools.gnu-tools-for-stm32.13.3.rel1.win32_1.0.0.202411081344/tools/bin/../lib/gcc/arm-none-eabi/13.3.1/../../../../arm-none-eabi/lib/thumb/v7e-m+fp/hard\libnosys.a
END GROUP
START GROUP
LOAD C:/ST/STM32CubeIDE_1.19.0/STM32CubeIDE/plugins/com.st.stm32cube.ide.mcu.externaltools.gnu-tools-for-stm32.13.3.rel1.win32_1.0.0.202411081344/tools/bin/../lib/gcc/arm-none-eabi/13.3.1/thumb/v7e-m+fp/hard\libgcc.a
LOAD C:/ST/STM32CubeIDE_1.19.0/STM32CubeIDE/plugins/com.st.stm32cube.ide.mcu.externaltools.gnu-tools-for-stm32.13.3.rel1.win32_1.0.0.202411081344/tools/bin/../lib/gcc/arm-none-eabi/13.3.1/../../../../arm-none-eabi/lib/thumb/v7e-m+fp/hard\libc_nano.a
LOAD C:/ST/STM32CubeIDE_1.19.0/STM32CubeIDE/plugins/com.st.stm32cube.ide.mcu.externaltools.gnu-tools-for-stm32.13.3.rel1.win32_1.0.0.202411081344/tools/bin/../lib/gcc/arm-none-eabi/13.3.1/../../../../arm-none-eabi/lib/thumb/v7e-m+fp/hard\libnosys.a
END GROUP
LOAD C:/ST/STM32CubeIDE_1.19.0/STM32CubeIDE/plugins/com.st.stm32cube.ide.mcu.externaltools.gnu-tools-for-stm32.13.3.rel1.win32_1.0.0.202411081344/tools/bin/../lib/gcc/arm-none-eabi/13.3.1/thumb/v7e-m+fp/hard/crtend.o
LOAD C:/ST/STM32CubeIDE_1.19.0/STM32CubeIDE/plugins/com.st.stm32cube.ide.mcu.externaltools.gnu-tools-for-stm32.13.3.rel1.win32_1.0.0.202411081344/tools/bin/../lib/gcc/arm-none-eabi/13.3.1/thumb/v7e-m+fp/hard/crtn.o
                0x20018000                        _estack = (ORIGIN (RAM) + LENGTH (RAM))
                0x00000200                        _Min_Heap_Size = 0x200
                0x00000400                        _Min_Stack_Size = 0x400

.isr_vector     0x08000000      0x194
                0x08000000                        . = ALIGN (0x4)
 *(.isr_vector)
 .isr_vector    0x08000000      0x194 ./Startup/startup_stm32f401retx.o
                0x08000000                g_pfnVectors
                0x08000194                        . = ALIGN (0x4)

.text           0x080001a0     0x5750
                0x080001a0                        . = ALIGN (0x4)
 *(.text)
 .text          0x080001a0       0x40 C:/ST/STM32CubeIDE_1.19.0/STM32CubeIDE/plugins/com.st.stm32cube.ide.mcu.externaltools.gnu-tools-for-stm32.13.3.rel1.win32_1.0.0.202411081344/tools/bin/../lib/gcc/arm-none-eabi/13.3.1/thumb/v7e-m+fp/hard/crtbegin.o
 .text          0x080001e0       0xa0 C:/ST/STM32CubeIDE_1.19.0/STM32CubeIDE/plugins/com.st.stm32cube.ide.mcu.externaltools.gnu-tools-for-stm32.13.3.rel1.win32_1.0.0.202411081344/tools/bin/../lib/gcc/arm-none-eabi/13.3.1/../../../../arm-none-eabi/lib/thumb/v7e-m+fp/hard\libc_nano.a(libc_a-memchr.o)
                0x080001e0                memchr
 *(.text*)
 .text.gen9Box  0x08000280      0x14c ./Src/main.o
                0x08000280                gen9Box
 .text.startNewGame
                0x080003cc       0xec ./Src/main.o
                0x080003cc                startNewGame
 .text.endGameOverDelay
                0x080004b8       0x14 ./Src/main.o
                0x080004b8                endGameOverDelay
 .text.gameOver
                0x080004cc       0xac ./Src/main.o
                0x080004cc                gameOver
 .text.ballCollide
                0x08000578      0x1c4 ./Src/main.o
                0x08000578                ballCollide
 .text.ballCollideBox
                0x0800073c      0x180 ./Src/main.o
                0x0800073c                ballCollideBox
 .text.main     0x080008bc      0x194 ./Src/main.o
                0x080008bc                main
 .text._getpid  0x08000a50       0x10 ./Src/syscalls.o
                0x08000a50                _getpid
 .text._kill    0x08000a60       0x20 ./Src/syscalls.o
                0x08000a60                _kill
 .text._exit    0x08000a80       0x16 ./Src/syscalls.o
                0x08000a80                _exit
 .text._read    0x08000a96       0x3a ./Src/syscalls.o
                0x08000a96                _read
 .text._write   0x08000ad0       0x38 ./Src/syscalls.o
                0x08000ad0                _write
 .text._close   0x08000b08       0x18 ./Src/syscalls.o
                0x08000b08                _close
 .text._fstat   0x08000b20       0x20 ./Src/syscalls.o
                0x08000b20                _fstat
 .text._isatty  0x08000b40       0x16 ./Src/syscalls.o
                0x08000b40                _isatty
 .text._lseek   0x08000b56       0x1a ./Src/syscalls.o
                0x08000b56                _lseek
 .text._sbrk    0x08000b70       0x6c ./Src/sysmem.o
                0x08000b70                _sbrk
 .text.Reset_Handler
                0x08000bdc       0x50 ./Startup/startup_stm32f401retx.o
                0x08000bdc                Reset_Handler
 .text.Default_Handler
                0x08000c2c        0x2 ./Startup/startup_stm32f401retx.o
                0x08000c2c                EXTI2_IRQHandler
                0x08000c2c                DebugMon_Handler
                0x08000c2c                SPI4_IRQHandler
                0x08000c2c                TIM1_CC_IRQHandler
                0x08000c2c                DMA2_Stream5_IRQHandler
                0x08000c2c                HardFault_Handler
                0x08000c2c                DMA1_Stream5_IRQHandler
                0x08000c2c                SDIO_IRQHandler
                0x08000c2c                TAMP_STAMP_IRQHandler
                0x08000c2c                PendSV_Handler
                0x08000c2c                NMI_Handler
                0x08000c2c                EXTI3_IRQHandler
                0x08000c2c                TIM1_UP_TIM10_IRQHandler
                0x08000c2c                I2C3_ER_IRQHandler
                0x08000c2c                EXTI18_OTG_FS_WKUP_IRQHandler
                0x08000c2c                EXTI0_IRQHandler
                0x08000c2c                I2C2_EV_IRQHandler
                0x08000c2c                DMA1_Stream2_IRQHandler
                0x08000c2c                UsageFault_Handler
                0x08000c2c                DMA2_Stream2_IRQHandler
                0x08000c2c                SPI1_IRQHandler
                0x08000c2c                TIM1_BRK_TIM9_IRQHandler
                0x08000c2c                DMA2_Stream3_IRQHandler
                0x08000c2c                USART6_IRQHandler
                0x08000c2c                DMA2_Stream0_IRQHandler
                0x08000c2c                TIM4_IRQHandler
                0x08000c2c                I2C1_EV_IRQHandler
                0x08000c2c                DMA1_Stream6_IRQHandler
                0x08000c2c                DMA1_Stream1_IRQHandler
                0x08000c2c                TIM3_IRQHandler
                0x08000c2c                RCC_IRQHandler
                0x08000c2c                Default_Handler
                0x08000c2c                EXTI15_10_IRQHandler
                0x08000c2c                ADC_IRQHandler
                0x08000c2c                DMA1_Stream7_IRQHandler
                0x08000c2c                TIM5_IRQHandler
                0x08000c2c                DMA2_Stream7_IRQHandler
                0x08000c2c                I2C3_EV_IRQHandler
                0x08000c2c                EXTI9_5_IRQHandler
                0x08000c2c                SPI2_IRQHandler
                0x08000c2c                MemManage_Handler
                0x08000c2c                DMA1_Stream0_IRQHandler
                0x08000c2c                SVC_Handler
                0x08000c2c                EXTI4_IRQHandler
                0x08000c2c                EXTI22_RTC_WKUP_IRQHandler
                0x08000c2c                TIM2_IRQHandler
                0x08000c2c                EXTI16_PVD_IRQHandler
                0x08000c2c                TIM1_TRG_COM_TIM11_IRQHandler
                0x08000c2c                EXTI1_IRQHandler
                0x08000c2c                EXTI17_RTC_Alarm_IRQHandler
                0x08000c2c                I2C2_ER_IRQHandler
                0x08000c2c                DMA2_Stream1_IRQHandler
                0x08000c2c                FLASH_IRQHandler
                0x08000c2c                DMA2_Stream4_IRQHandler
                0x08000c2c                BusFault_Handler
                0x08000c2c                USART1_IRQHandler
                0x08000c2c                OTG_FS_IRQHandler
                0x08000c2c                SPI3_IRQHandler
                0x08000c2c                DMA1_Stream4_IRQHandler
                0x08000c2c                I2C1_ER_IRQHandler
                0x08000c2c                DMA2_Stream6_IRQHandler
                0x08000c2c                DMA1_Stream3_IRQHandler
 .text.bufInit  0x08000c2e       0x36 ./lib_sdk_1.0.3_nucleo_f401re/embedded-stm32-course-main/stm32-nonos-stdperiph-sdk/docs/queue-test/queue.o
                0x08000c2e                bufInit
 .text.bufNumItems
                0x08000c64       0x18 ./lib_sdk_1.0.3_nucleo_f401re/embedded-stm32-course-main/stm32-nonos-stdperiph-sdk/docs/queue-test/queue.o
                0x08000c64                bufNumItems
 .text.bufIsFull
                0x08000c7c       0x32 ./lib_sdk_1.0.3_nucleo_f401re/embedded-stm32-course-main/stm32-nonos-stdperiph-sdk/docs/queue-test/queue.o
                0x08000c7c                bufIsFull
 .text.bufIsEmpty
                0x08000cae       0x22 ./lib_sdk_1.0.3_nucleo_f401re/embedded-stm32-course-main/stm32-nonos-stdperiph-sdk/docs/queue-test/queue.o
                0x08000cae                bufIsEmpty
 .text.bufFlush
                0x08000cd0       0x32 ./lib_sdk_1.0.3_nucleo_f401re/embedded-stm32-course-main/stm32-nonos-stdperiph-sdk/docs/queue-test/queue.o
                0x08000cd0                bufFlush
 .text.bufEnDat
                0x08000d02       0xaa ./lib_sdk_1.0.3_nucleo_f401re/embedded-stm32-course-main/stm32-nonos-stdperiph-sdk/docs/queue-test/queue.o
                0x08000d02                bufEnDat
 .text.bufDeDat
                0x08000dac       0x78 ./lib_sdk_1.0.3_nucleo_f401re/embedded-stm32-course-main/stm32-nonos-stdperiph-sdk/docs/queue-test/queue.o
                0x08000dac                bufDeDat
 .text.SystemInit
                0x08000e24       0x6c D:\STM32CubePrj\lib_sdk_1.0.3_nucleo_f401re\embedded-stm32-course-main\stm32-nonos-stdperiph-sdk\lib_stm\libLibraries.a(system_stm32f4xx.o)
                0x08000e24                SystemInit
 .text.SystemCoreClockUpdate
                0x08000e90       0xf8 D:\STM32CubePrj\lib_sdk_1.0.3_nucleo_f401re\embedded-stm32-course-main\stm32-nonos-stdperiph-sdk\lib_stm\libLibraries.a(system_stm32f4xx.o)
                0x08000e90                SystemCoreClockUpdate
 .text.SetSysClock
                0x08000f88       0xa0 D:\STM32CubePrj\lib_sdk_1.0.3_nucleo_f401re\embedded-stm32-course-main\stm32-nonos-stdperiph-sdk\lib_stm\libLibraries.a(system_stm32f4xx.o)
 .text.Button_Init
                0x08001028       0xbc D:\STM32CubePrj\lib_sdk_1.0.3_nucleo_f401re\embedded-stm32-course-main\stm32-nonos-stdperiph-sdk\lib_stm\libLibraries.a(button.o)
                0x08001028                Button_Init
 .text.Button_SetMode
                0x080010e4       0x3c D:\STM32CubePrj\lib_sdk_1.0.3_nucleo_f401re\embedded-stm32-course-main\stm32-nonos-stdperiph-sdk\lib_stm\libLibraries.a(button.o)
                0x080010e4                Button_SetMode
 .text.Button_RegisterEventCallback
                0x08001120       0x28 D:\STM32CubePrj\lib_sdk_1.0.3_nucleo_f401re\embedded-stm32-course-main\stm32-nonos-stdperiph-sdk\lib_stm\libLibraries.a(button.o)
                0x08001120                Button_RegisterEventCallback
 .text.Button_GetLogicInputPin
                0x08001148       0x3c D:\STM32CubePrj\lib_sdk_1.0.3_nucleo_f401re\embedded-stm32-course-main\stm32-nonos-stdperiph-sdk\lib_stm\libLibraries.a(button.o)
                0x08001148                Button_GetLogicInputPin
 .text.ButtonScanTypeEdge
                0x08001184      0x1fc D:\STM32CubePrj\lib_sdk_1.0.3_nucleo_f401re\embedded-stm32-course-main\stm32-nonos-stdperiph-sdk\lib_stm\libLibraries.a(button.o)
 .text.ButtonScan
                0x08001380       0x4c D:\STM32CubePrj\lib_sdk_1.0.3_nucleo_f401re\embedded-stm32-course-main\stm32-nonos-stdperiph-sdk\lib_stm\libLibraries.a(button.o)
 .text.BTNGPIO_Init
                0x080013cc       0x6c D:\STM32CubePrj\lib_sdk_1.0.3_nucleo_f401re\embedded-stm32-course-main\stm32-nonos-stdperiph-sdk\lib_stm\libLibraries.a(button.o)
 .text.EventButton_Init
                0x08001438       0x6c D:\STM32CubePrj\lib_sdk_1.0.3_nucleo_f401re\embedded-stm32-course-main\stm32-nonos-stdperiph-sdk\lib_stm\libLibraries.a(eventbutton.o)
                0x08001438                EventButton_Init
 .text.ButtonProcessEventEdge
                0x080014a4       0x34 D:\STM32CubePrj\lib_sdk_1.0.3_nucleo_f401re\embedded-stm32-course-main\stm32-nonos-stdperiph-sdk\lib_stm\libLibraries.a(eventbutton.o)
 .text.ButtonProcessEventPress
                0x080014d8       0x48 D:\STM32CubePrj\lib_sdk_1.0.3_nucleo_f401re\embedded-stm32-course-main\stm32-nonos-stdperiph-sdk\lib_stm\libLibraries.a(eventbutton.o)
 .text.ButtonProcessEventHold
                0x08001520       0x5e D:\STM32CubePrj\lib_sdk_1.0.3_nucleo_f401re\embedded-stm32-course-main\stm32-nonos-stdperiph-sdk\lib_stm\libLibraries.a(eventbutton.o)
 .text.ButtonProcessEventRelease
                0x0800157e       0x5e D:\STM32CubePrj\lib_sdk_1.0.3_nucleo_f401re\embedded-stm32-course-main\stm32-nonos-stdperiph-sdk\lib_stm\libLibraries.a(eventbutton.o)
 .text.EventSchedulerAdd
                0x080015dc       0x2c D:\STM32CubePrj\lib_sdk_1.0.3_nucleo_f401re\embedded-stm32-course-main\stm32-nonos-stdperiph-sdk\lib_stm\libLibraries.a(eventman.o)
                0x080015dc                EventSchedulerAdd
 .text.NVIC_SetPriority
                0x08001608       0x54 D:\STM32CubePrj\lib_sdk_1.0.3_nucleo_f401re\embedded-stm32-course-main\stm32-nonos-stdperiph-sdk\lib_stm\libLibraries.a(timer.o)
 .text.SysTick_Config
                0x0800165c       0x44 D:\STM32CubePrj\lib_sdk_1.0.3_nucleo_f401re\embedded-stm32-course-main\stm32-nonos-stdperiph-sdk\lib_stm\libLibraries.a(timer.o)
 .text.TimerInit
                0x080016a0       0x44 D:\STM32CubePrj\lib_sdk_1.0.3_nucleo_f401re\embedded-stm32-course-main\stm32-nonos-stdperiph-sdk\lib_stm\libLibraries.a(timer.o)
                0x080016a0                TimerInit
 .text.TimerStart
                0x080016e4       0xc4 D:\STM32CubePrj\lib_sdk_1.0.3_nucleo_f401re\embedded-stm32-course-main\stm32-nonos-stdperiph-sdk\lib_stm\libLibraries.a(timer.o)
                0x080016e4                TimerStart
 .text.TimerStop
                0x080017a8       0xa0 D:\STM32CubePrj\lib_sdk_1.0.3_nucleo_f401re\embedded-stm32-course-main\stm32-nonos-stdperiph-sdk\lib_stm\libLibraries.a(timer.o)
                0x080017a8                TimerStop
 .text.GetMilSecTick
                0x08001848       0x18 D:\STM32CubePrj\lib_sdk_1.0.3_nucleo_f401re\embedded-stm32-course-main\stm32-nonos-stdperiph-sdk\lib_stm\libLibraries.a(timer.o)
                0x08001848                GetMilSecTick
 .text.processTimerScheduler
                0x08001860       0xf0 D:\STM32CubePrj\lib_sdk_1.0.3_nucleo_f401re\embedded-stm32-course-main\stm32-nonos-stdperiph-sdk\lib_stm\libLibraries.a(timer.o)
                0x08001860                processTimerScheduler
 .text.TimeExpired
                0x08001950       0xcc D:\STM32CubePrj\lib_sdk_1.0.3_nucleo_f401re\embedded-stm32-course-main\stm32-nonos-stdperiph-sdk\lib_stm\libLibraries.a(timer.o)
 .text.SysTick_Handler
                0x08001a1c       0x1c D:\STM32CubePrj\lib_sdk_1.0.3_nucleo_f401re\embedded-stm32-course-main\stm32-nonos-stdperiph-sdk\lib_stm\libLibraries.a(timer.o)
                0x08001a1c                SysTick_Handler
 .text.USART2_IRQHandler
                0x08001a38       0x50 D:\STM32CubePrj\lib_sdk_1.0.3_nucleo_f401re\embedded-stm32-course-main\stm32-nonos-stdperiph-sdk\lib_stm\libLibraries.a(serial.o)
                0x08001a38                USART2_IRQHandler
 .text.delayMicroseconds
                0x08001a88       0x14 D:\STM32CubePrj\lib_sdk_1.0.3_nucleo_f401re\embedded-stm32-course-main\stm32-nonos-stdperiph-sdk\lib_stm\libLibraries.a(Ucglib.o)
 .text.ucg_gpio_init
                0x08001a9c       0x60 D:\STM32CubePrj\lib_sdk_1.0.3_nucleo_f401re\embedded-stm32-course-main\stm32-nonos-stdperiph-sdk\lib_stm\libLibraries.a(Ucglib.o)
 .text.ucg_com_arduino_send_generic_SW_SPI
                0x08001afc       0x74 D:\STM32CubePrj\lib_sdk_1.0.3_nucleo_f401re\embedded-stm32-course-main\stm32-nonos-stdperiph-sdk\lib_stm\libLibraries.a(Ucglib.o)
 .text.ucg_com_arduino_generic_SW_SPI
                0x08001b70      0x1ec D:\STM32CubePrj\lib_sdk_1.0.3_nucleo_f401re\embedded-stm32-course-main\stm32-nonos-stdperiph-sdk\lib_stm\libLibraries.a(Ucglib.o)
 .text.Ucglib4WireSWSPI_begin
                0x08001d5c       0x38 D:\STM32CubePrj\lib_sdk_1.0.3_nucleo_f401re\embedded-stm32-course-main\stm32-nonos-stdperiph-sdk\lib_stm\libLibraries.a(Ucglib.o)
                0x08001d5c                Ucglib4WireSWSPI_begin
 .text.ucg_DrawBox
                0x08001d94       0x56 D:\STM32CubePrj\lib_sdk_1.0.3_nucleo_f401re\embedded-stm32-course-main\stm32-nonos-stdperiph-sdk\lib_stm\libLibraries.a(ucg_box.o)
                0x08001d94                ucg_DrawBox
 .text.ucg_ClearScreen
                0x08001dea       0x50 D:\STM32CubePrj\lib_sdk_1.0.3_nucleo_f401re\embedded-stm32-course-main\stm32-nonos-stdperiph-sdk\lib_stm\libLibraries.a(ucg_box.o)
                0x08001dea                ucg_ClearScreen
 .text.ucg_ccs_init
                0x08001e3a       0xc0 D:\STM32CubePrj\lib_sdk_1.0.3_nucleo_f401re\embedded-stm32-course-main\stm32-nonos-stdperiph-sdk\lib_stm\libLibraries.a(ucg_ccs.o)
                0x08001e3a                ucg_ccs_init
 .text.ucg_ccs_step
                0x08001efa       0x80 D:\STM32CubePrj\lib_sdk_1.0.3_nucleo_f401re\embedded-stm32-course-main\stm32-nonos-stdperiph-sdk\lib_stm\libLibraries.a(ucg_ccs.o)
                0x08001efa                ucg_ccs_step
 .text.ucg_ccs_seek
                0x08001f7a       0xca D:\STM32CubePrj\lib_sdk_1.0.3_nucleo_f401re\embedded-stm32-course-main\stm32-nonos-stdperiph-sdk\lib_stm\libLibraries.a(ucg_ccs.o)
                0x08001f7a                ucg_ccs_seek
 .text.ucg_draw_disc_section
                0x08002044      0x142 D:\STM32CubePrj\lib_sdk_1.0.3_nucleo_f401re\embedded-stm32-course-main\stm32-nonos-stdperiph-sdk\lib_stm\libLibraries.a(ucg_circle.o)
 .text.ucg_draw_disc
                0x08002186       0xe4 D:\STM32CubePrj\lib_sdk_1.0.3_nucleo_f401re\embedded-stm32-course-main\stm32-nonos-stdperiph-sdk\lib_stm\libLibraries.a(ucg_circle.o)
                0x08002186                ucg_draw_disc
 .text.ucg_DrawDisc
                0x0800226a       0x3a D:\STM32CubePrj\lib_sdk_1.0.3_nucleo_f401re\embedded-stm32-course-main\stm32-nonos-stdperiph-sdk\lib_stm\libLibraries.a(ucg_circle.o)
                0x0800226a                ucg_DrawDisc
 .text.ucg_dev_default_cb
                0x080022a4       0x44 D:\STM32CubePrj\lib_sdk_1.0.3_nucleo_f401re\embedded-stm32-course-main\stm32-nonos-stdperiph-sdk\lib_stm\libLibraries.a(ucg_dev_default_cb.o)
                0x080022a4                ucg_dev_default_cb
 .text.ucg_ext_none
                0x080022e8       0x1c D:\STM32CubePrj\lib_sdk_1.0.3_nucleo_f401re\embedded-stm32-course-main\stm32-nonos-stdperiph-sdk\lib_stm\libLibraries.a(ucg_dev_default_cb.o)
                0x080022e8                ucg_ext_none
 .text.ucg_handle_st7735_l90fx
                0x08002304       0xd8 D:\STM32CubePrj\lib_sdk_1.0.3_nucleo_f401re\embedded-stm32-course-main\stm32-nonos-stdperiph-sdk\lib_stm\libLibraries.a(ucg_dev_ic_st7735.o)
                0x08002304                ucg_handle_st7735_l90fx
 .text.ucg_handle_st7735_l90se
                0x080023dc      0x154 D:\STM32CubePrj\lib_sdk_1.0.3_nucleo_f401re\embedded-stm32-course-main\stm32-nonos-stdperiph-sdk\lib_stm\libLibraries.a(ucg_dev_ic_st7735.o)
                0x080023dc                ucg_handle_st7735_l90se
 .text.ucg_dev_ic_st7735_18
                0x08002530       0xf8 D:\STM32CubePrj\lib_sdk_1.0.3_nucleo_f401re\embedded-stm32-course-main\stm32-nonos-stdperiph-sdk\lib_stm\libLibraries.a(ucg_dev_ic_st7735.o)
                0x08002530                ucg_dev_ic_st7735_18
 .text.ucg_ext_st7735_18
                0x08002628       0x28 D:\STM32CubePrj\lib_sdk_1.0.3_nucleo_f401re\embedded-stm32-course-main\stm32-nonos-stdperiph-sdk\lib_stm\libLibraries.a(ucg_dev_ic_st7735.o)
                0x08002628                ucg_ext_st7735_18
 .text.ucg_PowerDown
                0x08002650       0x34 D:\STM32CubePrj\lib_sdk_1.0.3_nucleo_f401re\embedded-stm32-course-main\stm32-nonos-stdperiph-sdk\lib_stm\libLibraries.a(ucg_dev_msg_api.o)
                0x08002650                ucg_PowerDown
 .text.ucg_PowerUp
                0x08002684       0x3c D:\STM32CubePrj\lib_sdk_1.0.3_nucleo_f401re\embedded-stm32-course-main\stm32-nonos-stdperiph-sdk\lib_stm\libLibraries.a(ucg_dev_msg_api.o)
                0x08002684                ucg_PowerUp
 .text.ucg_SetClipBox
                0x080026c0       0x1e D:\STM32CubePrj\lib_sdk_1.0.3_nucleo_f401re\embedded-stm32-course-main\stm32-nonos-stdperiph-sdk\lib_stm\libLibraries.a(ucg_dev_msg_api.o)
                0x080026c0                ucg_SetClipBox
 .text.ucg_SetMaxClipRange
                0x080026de       0x30 D:\STM32CubePrj\lib_sdk_1.0.3_nucleo_f401re\embedded-stm32-course-main\stm32-nonos-stdperiph-sdk\lib_stm\libLibraries.a(ucg_dev_msg_api.o)
                0x080026de                ucg_SetMaxClipRange
 .text.ucg_GetDimension
                0x0800270e       0x24 D:\STM32CubePrj\lib_sdk_1.0.3_nucleo_f401re\embedded-stm32-course-main\stm32-nonos-stdperiph-sdk\lib_stm\libLibraries.a(ucg_dev_msg_api.o)
                0x0800270e                ucg_GetDimension
 .text.ucg_DrawL90FXWithArg
                0x08002732       0x1e D:\STM32CubePrj\lib_sdk_1.0.3_nucleo_f401re\embedded-stm32-course-main\stm32-nonos-stdperiph-sdk\lib_stm\libLibraries.a(ucg_dev_msg_api.o)
                0x08002732                ucg_DrawL90FXWithArg
 .text.ucg_dev_st7735_18x128x128
                0x08002750       0x80 D:\STM32CubePrj\lib_sdk_1.0.3_nucleo_f401re\embedded-stm32-course-main\stm32-nonos-stdperiph-sdk\lib_stm\libLibraries.a(ucg_dev_tft_128x128_st7735.o)
                0x08002750                ucg_dev_st7735_18x128x128
 .text.ucg_font_get_byte
                0x080027d0       0x24 D:\STM32CubePrj\lib_sdk_1.0.3_nucleo_f401re\embedded-stm32-course-main\stm32-nonos-stdperiph-sdk\lib_stm\libLibraries.a(ucg_font.o)
 .text.ucg_font_get_word
                0x080027f4       0x40 D:\STM32CubePrj\lib_sdk_1.0.3_nucleo_f401re\embedded-stm32-course-main\stm32-nonos-stdperiph-sdk\lib_stm\libLibraries.a(ucg_font.o)
 .text.ucg_read_font_info
                0x08002834      0x142 D:\STM32CubePrj\lib_sdk_1.0.3_nucleo_f401re\embedded-stm32-course-main\stm32-nonos-stdperiph-sdk\lib_stm\libLibraries.a(ucg_font.o)
                0x08002834                ucg_read_font_info
 .text.ucg_font_decode_get_unsigned_bits
                0x08002976       0x96 D:\STM32CubePrj\lib_sdk_1.0.3_nucleo_f401re\embedded-stm32-course-main\stm32-nonos-stdperiph-sdk\lib_stm\libLibraries.a(ucg_font.o)
                0x08002976                ucg_font_decode_get_unsigned_bits
 .text.ucg_font_decode_get_signed_bits
                0x08002a0c       0x46 D:\STM32CubePrj\lib_sdk_1.0.3_nucleo_f401re\embedded-stm32-course-main\stm32-nonos-stdperiph-sdk\lib_stm\libLibraries.a(ucg_font.o)
                0x08002a0c                ucg_font_decode_get_signed_bits
 .text.ucg_add_vector_y
                0x08002a52       0x7a D:\STM32CubePrj\lib_sdk_1.0.3_nucleo_f401re\embedded-stm32-course-main\stm32-nonos-stdperiph-sdk\lib_stm\libLibraries.a(ucg_font.o)
 .text.ucg_add_vector_x
                0x08002acc       0x7a D:\STM32CubePrj\lib_sdk_1.0.3_nucleo_f401re\embedded-stm32-course-main\stm32-nonos-stdperiph-sdk\lib_stm\libLibraries.a(ucg_font.o)
 .text.ucg_font_decode_len
                0x08002b46      0x118 D:\STM32CubePrj\lib_sdk_1.0.3_nucleo_f401re\embedded-stm32-course-main\stm32-nonos-stdperiph-sdk\lib_stm\libLibraries.a(ucg_font.o)
                0x08002b46                ucg_font_decode_len
 .text.ucg_font_setup_decode
                0x08002c5e       0x64 D:\STM32CubePrj\lib_sdk_1.0.3_nucleo_f401re\embedded-stm32-course-main\stm32-nonos-stdperiph-sdk\lib_stm\libLibraries.a(ucg_font.o)
 .text.ucg_font_decode_glyph
                0x08002cc2      0x14c D:\STM32CubePrj\lib_sdk_1.0.3_nucleo_f401re\embedded-stm32-course-main\stm32-nonos-stdperiph-sdk\lib_stm\libLibraries.a(ucg_font.o)
                0x08002cc2                ucg_font_decode_glyph
 .text.ucg_font_get_glyph_data
                0x08002e0e       0x7a D:\STM32CubePrj\lib_sdk_1.0.3_nucleo_f401re\embedded-stm32-course-main\stm32-nonos-stdperiph-sdk\lib_stm\libLibraries.a(ucg_font.o)
                0x08002e0e                ucg_font_get_glyph_data
 .text.ucg_font_draw_glyph
                0x08002e88       0x62 D:\STM32CubePrj\lib_sdk_1.0.3_nucleo_f401re\embedded-stm32-course-main\stm32-nonos-stdperiph-sdk\lib_stm\libLibraries.a(ucg_font.o)
                0x08002e88                ucg_font_draw_glyph
 .text.ucg_SetFontMode
                0x08002eea       0x20 D:\STM32CubePrj\lib_sdk_1.0.3_nucleo_f401re\embedded-stm32-course-main\stm32-nonos-stdperiph-sdk\lib_stm\libLibraries.a(ucg_font.o)
                0x08002eea                ucg_SetFontMode
 *fill*         0x08002f0a        0x2 
 .text.ucg_DrawGlyph
                0x08002f0c       0xb0 D:\STM32CubePrj\lib_sdk_1.0.3_nucleo_f401re\embedded-stm32-course-main\stm32-nonos-stdperiph-sdk\lib_stm\libLibraries.a(ucg_font.o)
                0x08002f0c                ucg_DrawGlyph
 .text.task_drawString
                0x08002fbc      0x138 D:\STM32CubePrj\lib_sdk_1.0.3_nucleo_f401re\embedded-stm32-course-main\stm32-nonos-stdperiph-sdk\lib_stm\libLibraries.a(ucg_font.o)
                0x08002fbc                task_drawString
 .text.ucg_DrawString
                0x080030f4       0x78 D:\STM32CubePrj\lib_sdk_1.0.3_nucleo_f401re\embedded-stm32-course-main\stm32-nonos-stdperiph-sdk\lib_stm\libLibraries.a(ucg_font.o)
                0x080030f4                ucg_DrawString
 .text.ucg_UpdateRefHeight
                0x0800316c       0xd8 D:\STM32CubePrj\lib_sdk_1.0.3_nucleo_f401re\embedded-stm32-course-main\stm32-nonos-stdperiph-sdk\lib_stm\libLibraries.a(ucg_font.o)
                0x0800316c                ucg_UpdateRefHeight
 .text.ucg_font_calc_vref_font
                0x08003244       0x16 D:\STM32CubePrj\lib_sdk_1.0.3_nucleo_f401re\embedded-stm32-course-main\stm32-nonos-stdperiph-sdk\lib_stm\libLibraries.a(ucg_font.o)
                0x08003244                ucg_font_calc_vref_font
 *fill*         0x0800325a        0x2 
 .text.ucg_SetFontPosBaseline
                0x0800325c       0x20 D:\STM32CubePrj\lib_sdk_1.0.3_nucleo_f401re\embedded-stm32-course-main\stm32-nonos-stdperiph-sdk\lib_stm\libLibraries.a(ucg_font.o)
                0x0800325c                ucg_SetFontPosBaseline
 .text.ucg_SetFont
                0x0800327c       0x4c D:\STM32CubePrj\lib_sdk_1.0.3_nucleo_f401re\embedded-stm32-course-main\stm32-nonos-stdperiph-sdk\lib_stm\libLibraries.a(ucg_font.o)
                0x0800327c                ucg_SetFont
 .text.ucg_init_struct
                0x080032c8       0x50 D:\STM32CubePrj\lib_sdk_1.0.3_nucleo_f401re\embedded-stm32-course-main\stm32-nonos-stdperiph-sdk\lib_stm\libLibraries.a(ucg_init.o)
                0x080032c8                ucg_init_struct
 .text.ucg_Init
                0x08003318       0x5c D:\STM32CubePrj\lib_sdk_1.0.3_nucleo_f401re\embedded-stm32-course-main\stm32-nonos-stdperiph-sdk\lib_stm\libLibraries.a(ucg_init.o)
                0x08003318                ucg_Init
 .text.ucg_Draw90Line
                0x08003374       0x88 D:\STM32CubePrj\lib_sdk_1.0.3_nucleo_f401re\embedded-stm32-course-main\stm32-nonos-stdperiph-sdk\lib_stm\libLibraries.a(ucg_line.o)
                0x08003374                ucg_Draw90Line
 .text.ucg_DrawHLine
                0x080033fc       0x3e D:\STM32CubePrj\lib_sdk_1.0.3_nucleo_f401re\embedded-stm32-course-main\stm32-nonos-stdperiph-sdk\lib_stm\libLibraries.a(ucg_line.o)
                0x080033fc                ucg_DrawHLine
 .text.ucg_DrawVLine
                0x0800343a       0x3e D:\STM32CubePrj\lib_sdk_1.0.3_nucleo_f401re\embedded-stm32-course-main\stm32-nonos-stdperiph-sdk\lib_stm\libLibraries.a(ucg_line.o)
                0x0800343a                ucg_DrawVLine
 .text.ucg_SetColor
                0x08003478       0x5c D:\STM32CubePrj\lib_sdk_1.0.3_nucleo_f401re\embedded-stm32-course-main\stm32-nonos-stdperiph-sdk\lib_stm\libLibraries.a(ucg_pixel.o)
                0x08003478                ucg_SetColor
 .text.ucg_UndoRotate
                0x080034d4       0x32 D:\STM32CubePrj\lib_sdk_1.0.3_nucleo_f401re\embedded-stm32-course-main\stm32-nonos-stdperiph-sdk\lib_stm\libLibraries.a(ucg_rotate.o)
                0x080034d4                ucg_UndoRotate
 .text.ucg_rotate_180_xy
                0x08003506       0x66 D:\STM32CubePrj\lib_sdk_1.0.3_nucleo_f401re\embedded-stm32-course-main\stm32-nonos-stdperiph-sdk\lib_stm\libLibraries.a(ucg_rotate.o)
 .text.ucg_dev_rotate180
                0x0800356c      0x100 D:\STM32CubePrj\lib_sdk_1.0.3_nucleo_f401re\embedded-stm32-course-main\stm32-nonos-stdperiph-sdk\lib_stm\libLibraries.a(ucg_rotate.o)
                0x0800356c                ucg_dev_rotate180
 .text.ucg_SetRotate180
                0x0800366c       0x34 D:\STM32CubePrj\lib_sdk_1.0.3_nucleo_f401re\embedded-stm32-course-main\stm32-nonos-stdperiph-sdk\lib_stm\libLibraries.a(ucg_rotate.o)
                0x0800366c                ucg_SetRotate180
 .text.memsetl  0x080036a0       0x32 D:\STM32CubePrj\lib_sdk_1.0.3_nucleo_f401re\embedded-stm32-course-main\stm32-nonos-stdperiph-sdk\lib_stm\libLibraries.a(utilities.o)
                0x080036a0                memsetl
 .text.GPIO_Init
                0x080036d2      0x11c D:\STM32CubePrj\lib_sdk_1.0.3_nucleo_f401re\embedded-stm32-course-main\stm32-nonos-stdperiph-sdk\lib_stm\libLibraries.a(stm32f401re_gpio.o)
                0x080036d2                GPIO_Init
 .text.GPIO_ReadInputDataBit
                0x080037ee       0x34 D:\STM32CubePrj\lib_sdk_1.0.3_nucleo_f401re\embedded-stm32-course-main\stm32-nonos-stdperiph-sdk\lib_stm\libLibraries.a(stm32f401re_gpio.o)
                0x080037ee                GPIO_ReadInputDataBit
 .text.GPIO_WriteBit
                0x08003822       0x30 D:\STM32CubePrj\lib_sdk_1.0.3_nucleo_f401re\embedded-stm32-course-main\stm32-nonos-stdperiph-sdk\lib_stm\libLibraries.a(stm32f401re_gpio.o)
                0x08003822                GPIO_WriteBit
 *fill*         0x08003852        0x2 
 .text.RCC_GetClocksFreq
                0x08003854      0x150 D:\STM32CubePrj\lib_sdk_1.0.3_nucleo_f401re\embedded-stm32-course-main\stm32-nonos-stdperiph-sdk\lib_stm\libLibraries.a(stm32f401re_rcc.o)
                0x08003854                RCC_GetClocksFreq
 .text.RCC_AHB1PeriphClockCmd
                0x080039a4       0x40 D:\STM32CubePrj\lib_sdk_1.0.3_nucleo_f401re\embedded-stm32-course-main\stm32-nonos-stdperiph-sdk\lib_stm\libLibraries.a(stm32f401re_rcc.o)
                0x080039a4                RCC_AHB1PeriphClockCmd
 .text.USART_ReceiveData
                0x080039e4       0x20 D:\STM32CubePrj\lib_sdk_1.0.3_nucleo_f401re\embedded-stm32-course-main\stm32-nonos-stdperiph-sdk\lib_stm\libLibraries.a(stm32f401re_usart.o)
                0x080039e4                USART_ReceiveData
 .text.USART_GetITStatus
                0x08003a04       0xb6 D:\STM32CubePrj\lib_sdk_1.0.3_nucleo_f401re\embedded-stm32-course-main\stm32-nonos-stdperiph-sdk\lib_stm\libLibraries.a(stm32f401re_usart.o)
                0x08003a04                USART_GetITStatus
 .text.USART_ClearITPendingBit
                0x08003aba       0x3a D:\STM32CubePrj\lib_sdk_1.0.3_nucleo_f401re\embedded-stm32-course-main\stm32-nonos-stdperiph-sdk\lib_stm\libLibraries.a(stm32f401re_usart.o)
                0x08003aba                USART_ClearITPendingBit
 .text.ucg_clip_is_x_visible
                0x08003af4       0x4a D:\STM32CubePrj\lib_sdk_1.0.3_nucleo_f401re\embedded-stm32-course-main\stm32-nonos-stdperiph-sdk\lib_stm\libLibraries.a(ucg_clip.o)
 .text.ucg_clip_is_y_visible
                0x08003b3e       0x4a D:\STM32CubePrj\lib_sdk_1.0.3_nucleo_f401re\embedded-stm32-course-main\stm32-nonos-stdperiph-sdk\lib_stm\libLibraries.a(ucg_clip.o)
 .text.ucg_clip_intersection
                0x08003b88       0x74 D:\STM32CubePrj\lib_sdk_1.0.3_nucleo_f401re\embedded-stm32-course-main\stm32-nonos-stdperiph-sdk\lib_stm\libLibraries.a(ucg_clip.o)
 .text.ucg_clip_is_pixel_visible
                0x08003bfc       0x32 D:\STM32CubePrj\lib_sdk_1.0.3_nucleo_f401re\embedded-stm32-course-main\stm32-nonos-stdperiph-sdk\lib_stm\libLibraries.a(ucg_clip.o)
                0x08003bfc                ucg_clip_is_pixel_visible
 *fill*         0x08003c2e        0x2 
 .text.ucg_clip_l90fx
                0x08003c30      0x300 D:\STM32CubePrj\lib_sdk_1.0.3_nucleo_f401re\embedded-stm32-course-main\stm32-nonos-stdperiph-sdk\lib_stm\libLibraries.a(ucg_clip.o)
                0x08003c30                ucg_clip_l90fx
 .text.ucg_clip_l90se
                0x08003f30       0x54 D:\STM32CubePrj\lib_sdk_1.0.3_nucleo_f401re\embedded-stm32-course-main\stm32-nonos-stdperiph-sdk\lib_stm\libLibraries.a(ucg_clip.o)
                0x08003f30                ucg_clip_l90se
 .text.ucg_com_PowerDown
                0x08003f84       0x3e D:\STM32CubePrj\lib_sdk_1.0.3_nucleo_f401re\embedded-stm32-course-main\stm32-nonos-stdperiph-sdk\lib_stm\libLibraries.a(ucg_com_msg_api.o)
                0x08003f84                ucg_com_PowerDown
 .text.ucg_com_PowerUp
                0x08003fc2       0x60 D:\STM32CubePrj\lib_sdk_1.0.3_nucleo_f401re\embedded-stm32-course-main\stm32-nonos-stdperiph-sdk\lib_stm\libLibraries.a(ucg_com_msg_api.o)
                0x08003fc2                ucg_com_PowerUp
 .text.ucg_com_SetLineStatus
                0x08004022       0xe2 D:\STM32CubePrj\lib_sdk_1.0.3_nucleo_f401re\embedded-stm32-course-main\stm32-nonos-stdperiph-sdk\lib_stm\libLibraries.a(ucg_com_msg_api.o)
                0x08004022                ucg_com_SetLineStatus
 .text.ucg_com_SetResetLineStatus
                0x08004104       0x20 D:\STM32CubePrj\lib_sdk_1.0.3_nucleo_f401re\embedded-stm32-course-main\stm32-nonos-stdperiph-sdk\lib_stm\libLibraries.a(ucg_com_msg_api.o)
                0x08004104                ucg_com_SetResetLineStatus
 .text.ucg_com_SetCSLineStatus
                0x08004124       0x20 D:\STM32CubePrj\lib_sdk_1.0.3_nucleo_f401re\embedded-stm32-course-main\stm32-nonos-stdperiph-sdk\lib_stm\libLibraries.a(ucg_com_msg_api.o)
                0x08004124                ucg_com_SetCSLineStatus
 .text.ucg_com_SetCDLineStatus
                0x08004144       0x20 D:\STM32CubePrj\lib_sdk_1.0.3_nucleo_f401re\embedded-stm32-course-main\stm32-nonos-stdperiph-sdk\lib_stm\libLibraries.a(ucg_com_msg_api.o)
                0x08004144                ucg_com_SetCDLineStatus
 .text.ucg_com_DelayMicroseconds
                0x08004164       0x22 D:\STM32CubePrj\lib_sdk_1.0.3_nucleo_f401re\embedded-stm32-course-main\stm32-nonos-stdperiph-sdk\lib_stm\libLibraries.a(ucg_com_msg_api.o)
                0x08004164                ucg_com_DelayMicroseconds
 .text.ucg_com_DelayMilliseconds
                0x08004186       0x2c D:\STM32CubePrj\lib_sdk_1.0.3_nucleo_f401re\embedded-stm32-course-main\stm32-nonos-stdperiph-sdk\lib_stm\libLibraries.a(ucg_com_msg_api.o)
                0x08004186                ucg_com_DelayMilliseconds
 .text.ucg_com_SendByte
                0x080041b2       0x24 D:\STM32CubePrj\lib_sdk_1.0.3_nucleo_f401re\embedded-stm32-course-main\stm32-nonos-stdperiph-sdk\lib_stm\libLibraries.a(ucg_com_msg_api.o)
                0x080041b2                ucg_com_SendByte
 .text.ucg_com_SendStringP
                0x080041d6       0x40 D:\STM32CubePrj\lib_sdk_1.0.3_nucleo_f401re\embedded-stm32-course-main\stm32-nonos-stdperiph-sdk\lib_stm\libLibraries.a(ucg_com_msg_api.o)
                0x080041d6                ucg_com_SendStringP
 .text.ucg_com_SendCmdArg
                0x08004216       0x74 D:\STM32CubePrj\lib_sdk_1.0.3_nucleo_f401re\embedded-stm32-course-main\stm32-nonos-stdperiph-sdk\lib_stm\libLibraries.a(ucg_com_msg_api.o)
 *fill*         0x0800428a        0x2 
 .text.ucg_com_SendCmdSeq
                0x0800428c      0x278 D:\STM32CubePrj\lib_sdk_1.0.3_nucleo_f401re\embedded-stm32-course-main\stm32-nonos-stdperiph-sdk\lib_stm\libLibraries.a(ucg_com_msg_api.o)
                0x0800428c                ucg_com_SendCmdSeq
 .text.rand     0x08004504       0x7c C:/ST/STM32CubeIDE_1.19.0/STM32CubeIDE/plugins/com.st.stm32cube.ide.mcu.externaltools.gnu-tools-for-stm32.13.3.rel1.win32_1.0.0.202411081344/tools/bin/../lib/gcc/arm-none-eabi/13.3.1/../../../../arm-none-eabi/lib/thumb/v7e-m+fp/hard\libc_nano.a(libc_a-rand.o)
                0x08004504                rand
 .text.std      0x08004580       0x6c C:/ST/STM32CubeIDE_1.19.0/STM32CubeIDE/plugins/com.st.stm32cube.ide.mcu.externaltools.gnu-tools-for-stm32.13.3.rel1.win32_1.0.0.202411081344/tools/bin/../lib/gcc/arm-none-eabi/13.3.1/../../../../arm-none-eabi/lib/thumb/v7e-m+fp/hard\libc_nano.a(libc_a-findfp.o)
 .text.stdio_exit_handler
                0x080045ec       0x18 C:/ST/STM32CubeIDE_1.19.0/STM32CubeIDE/plugins/com.st.stm32cube.ide.mcu.externaltools.gnu-tools-for-stm32.13.3.rel1.win32_1.0.0.202411081344/tools/bin/../lib/gcc/arm-none-eabi/13.3.1/../../../../arm-none-eabi/lib/thumb/v7e-m+fp/hard\libc_nano.a(libc_a-findfp.o)
 .text.cleanup_stdio
                0x08004604       0x40 C:/ST/STM32CubeIDE_1.19.0/STM32CubeIDE/plugins/com.st.stm32cube.ide.mcu.externaltools.gnu-tools-for-stm32.13.3.rel1.win32_1.0.0.202411081344/tools/bin/../lib/gcc/arm-none-eabi/13.3.1/../../../../arm-none-eabi/lib/thumb/v7e-m+fp/hard\libc_nano.a(libc_a-findfp.o)
 .text.global_stdio_init.part.0
                0x08004644       0x3c C:/ST/STM32CubeIDE_1.19.0/STM32CubeIDE/plugins/com.st.stm32cube.ide.mcu.externaltools.gnu-tools-for-stm32.13.3.rel1.win32_1.0.0.202411081344/tools/bin/../lib/gcc/arm-none-eabi/13.3.1/../../../../arm-none-eabi/lib/thumb/v7e-m+fp/hard\libc_nano.a(libc_a-findfp.o)
 .text.__sfp_lock_acquire
                0x08004680        0xc C:/ST/STM32CubeIDE_1.19.0/STM32CubeIDE/plugins/com.st.stm32cube.ide.mcu.externaltools.gnu-tools-for-stm32.13.3.rel1.win32_1.0.0.202411081344/tools/bin/../lib/gcc/arm-none-eabi/13.3.1/../../../../arm-none-eabi/lib/thumb/v7e-m+fp/hard\libc_nano.a(libc_a-findfp.o)
                0x08004680                __sfp_lock_acquire
 .text.__sfp_lock_release
                0x0800468c        0xc C:/ST/STM32CubeIDE_1.19.0/STM32CubeIDE/plugins/com.st.stm32cube.ide.mcu.externaltools.gnu-tools-for-stm32.13.3.rel1.win32_1.0.0.202411081344/tools/bin/../lib/gcc/arm-none-eabi/13.3.1/../../../../arm-none-eabi/lib/thumb/v7e-m+fp/hard\libc_nano.a(libc_a-findfp.o)
                0x0800468c                __sfp_lock_release
 .text.__sinit  0x08004698       0x30 C:/ST/STM32CubeIDE_1.19.0/STM32CubeIDE/plugins/com.st.stm32cube.ide.mcu.externaltools.gnu-tools-for-stm32.13.3.rel1.win32_1.0.0.202411081344/tools/bin/../lib/gcc/arm-none-eabi/13.3.1/../../../../arm-none-eabi/lib/thumb/v7e-m+fp/hard\libc_nano.a(libc_a-findfp.o)
                0x08004698                __sinit
 .text._fwalk_sglue
                0x080046c8       0x3c C:/ST/STM32CubeIDE_1.19.0/STM32CubeIDE/plugins/com.st.stm32cube.ide.mcu.externaltools.gnu-tools-for-stm32.13.3.rel1.win32_1.0.0.202411081344/tools/bin/../lib/gcc/arm-none-eabi/13.3.1/../../../../arm-none-eabi/lib/thumb/v7e-m+fp/hard\libc_nano.a(libc_a-fwalk.o)
                0x080046c8                _fwalk_sglue
 .text.snprintf
                0x08004704       0x6c C:/ST/STM32CubeIDE_1.19.0/STM32CubeIDE/plugins/com.st.stm32cube.ide.mcu.externaltools.gnu-tools-for-stm32.13.3.rel1.win32_1.0.0.202411081344/tools/bin/../lib/gcc/arm-none-eabi/13.3.1/../../../../arm-none-eabi/lib/thumb/v7e-m+fp/hard\libc_nano.a(libc_a-snprintf.o)
                0x08004704                sniprintf
                0x08004704                snprintf
 .text.sprintf  0x08004770       0x44 C:/ST/STM32CubeIDE_1.19.0/STM32CubeIDE/plugins/com.st.stm32cube.ide.mcu.externaltools.gnu-tools-for-stm32.13.3.rel1.win32_1.0.0.202411081344/tools/bin/../lib/gcc/arm-none-eabi/13.3.1/../../../../arm-none-eabi/lib/thumb/v7e-m+fp/hard\libc_nano.a(libc_a-sprintf.o)
                0x08004770                siprintf
                0x08004770                sprintf
 .text.__sread  0x080047b4       0x22 C:/ST/STM32CubeIDE_1.19.0/STM32CubeIDE/plugins/com.st.stm32cube.ide.mcu.externaltools.gnu-tools-for-stm32.13.3.rel1.win32_1.0.0.202411081344/tools/bin/../lib/gcc/arm-none-eabi/13.3.1/../../../../arm-none-eabi/lib/thumb/v7e-m+fp/hard\libc_nano.a(libc_a-stdio.o)
                0x080047b4                __sread
 .text.__swrite
                0x080047d6       0x38 C:/ST/STM32CubeIDE_1.19.0/STM32CubeIDE/plugins/com.st.stm32cube.ide.mcu.externaltools.gnu-tools-for-stm32.13.3.rel1.win32_1.0.0.202411081344/tools/bin/../lib/gcc/arm-none-eabi/13.3.1/../../../../arm-none-eabi/lib/thumb/v7e-m+fp/hard\libc_nano.a(libc_a-stdio.o)
                0x080047d6                __swrite
 .text.__sseek  0x0800480e       0x24 C:/ST/STM32CubeIDE_1.19.0/STM32CubeIDE/plugins/com.st.stm32cube.ide.mcu.externaltools.gnu-tools-for-stm32.13.3.rel1.win32_1.0.0.202411081344/tools/bin/../lib/gcc/arm-none-eabi/13.3.1/../../../../arm-none-eabi/lib/thumb/v7e-m+fp/hard\libc_nano.a(libc_a-stdio.o)
                0x0800480e                __sseek
 .text.__sclose
                0x08004832        0x8 C:/ST/STM32CubeIDE_1.19.0/STM32CubeIDE/plugins/com.st.stm32cube.ide.mcu.externaltools.gnu-tools-for-stm32.13.3.rel1.win32_1.0.0.202411081344/tools/bin/../lib/gcc/arm-none-eabi/13.3.1/../../../../arm-none-eabi/lib/thumb/v7e-m+fp/hard\libc_nano.a(libc_a-stdio.o)
                0x08004832                __sclose
 .text.memset   0x0800483a       0x10 C:/ST/STM32CubeIDE_1.19.0/STM32CubeIDE/plugins/com.st.stm32cube.ide.mcu.externaltools.gnu-tools-for-stm32.13.3.rel1.win32_1.0.0.202411081344/tools/bin/../lib/gcc/arm-none-eabi/13.3.1/../../../../arm-none-eabi/lib/thumb/v7e-m+fp/hard\libc_nano.a(libc_a-memset.o)
                0x0800483a                memset
 *fill*         0x0800484a        0x2 
 .text._close_r
                0x0800484c       0x20 C:/ST/STM32CubeIDE_1.19.0/STM32CubeIDE/plugins/com.st.stm32cube.ide.mcu.externaltools.gnu-tools-for-stm32.13.3.rel1.win32_1.0.0.202411081344/tools/bin/../lib/gcc/arm-none-eabi/13.3.1/../../../../arm-none-eabi/lib/thumb/v7e-m+fp/hard\libc_nano.a(libc_a-closer.o)
                0x0800484c                _close_r
 .text._lseek_r
                0x0800486c       0x24 C:/ST/STM32CubeIDE_1.19.0/STM32CubeIDE/plugins/com.st.stm32cube.ide.mcu.externaltools.gnu-tools-for-stm32.13.3.rel1.win32_1.0.0.202411081344/tools/bin/../lib/gcc/arm-none-eabi/13.3.1/../../../../arm-none-eabi/lib/thumb/v7e-m+fp/hard\libc_nano.a(libc_a-lseekr.o)
                0x0800486c                _lseek_r
 .text._read_r  0x08004890       0x24 C:/ST/STM32CubeIDE_1.19.0/STM32CubeIDE/plugins/com.st.stm32cube.ide.mcu.externaltools.gnu-tools-for-stm32.13.3.rel1.win32_1.0.0.202411081344/tools/bin/../lib/gcc/arm-none-eabi/13.3.1/../../../../arm-none-eabi/lib/thumb/v7e-m+fp/hard\libc_nano.a(libc_a-readr.o)
                0x08004890                _read_r
 .text._write_r
                0x080048b4       0x24 C:/ST/STM32CubeIDE_1.19.0/STM32CubeIDE/plugins/com.st.stm32cube.ide.mcu.externaltools.gnu-tools-for-stm32.13.3.rel1.win32_1.0.0.202411081344/tools/bin/../lib/gcc/arm-none-eabi/13.3.1/../../../../arm-none-eabi/lib/thumb/v7e-m+fp/hard\libc_nano.a(libc_a-writer.o)
                0x080048b4                _write_r
 .text.__errno  0x080048d8        0xc C:/ST/STM32CubeIDE_1.19.0/STM32CubeIDE/plugins/com.st.stm32cube.ide.mcu.externaltools.gnu-tools-for-stm32.13.3.rel1.win32_1.0.0.202411081344/tools/bin/../lib/gcc/arm-none-eabi/13.3.1/../../../../arm-none-eabi/lib/thumb/v7e-m+fp/hard\libc_nano.a(libc_a-errno.o)
                0x080048d8                __errno
 .text.__libc_init_array
                0x080048e4       0x48 C:/ST/STM32CubeIDE_1.19.0/STM32CubeIDE/plugins/com.st.stm32cube.ide.mcu.externaltools.gnu-tools-for-stm32.13.3.rel1.win32_1.0.0.202411081344/tools/bin/../lib/gcc/arm-none-eabi/13.3.1/../../../../arm-none-eabi/lib/thumb/v7e-m+fp/hard\libc_nano.a(libc_a-init.o)
                0x080048e4                __libc_init_array
 .text.__retarget_lock_init_recursive
                0x0800492c        0x2 C:/ST/STM32CubeIDE_1.19.0/STM32CubeIDE/plugins/com.st.stm32cube.ide.mcu.externaltools.gnu-tools-for-stm32.13.3.rel1.win32_1.0.0.202411081344/tools/bin/../lib/gcc/arm-none-eabi/13.3.1/../../../../arm-none-eabi/lib/thumb/v7e-m+fp/hard\libc_nano.a(libc_a-lock.o)
                0x0800492c                __retarget_lock_init_recursive
 .text.__retarget_lock_acquire_recursive
                0x0800492e        0x2 C:/ST/STM32CubeIDE_1.19.0/STM32CubeIDE/plugins/com.st.stm32cube.ide.mcu.externaltools.gnu-tools-for-stm32.13.3.rel1.win32_1.0.0.202411081344/tools/bin/../lib/gcc/arm-none-eabi/13.3.1/../../../../arm-none-eabi/lib/thumb/v7e-m+fp/hard\libc_nano.a(libc_a-lock.o)
                0x0800492e                __retarget_lock_acquire_recursive
 .text.__retarget_lock_release_recursive
                0x08004930        0x2 C:/ST/STM32CubeIDE_1.19.0/STM32CubeIDE/plugins/com.st.stm32cube.ide.mcu.externaltools.gnu-tools-for-stm32.13.3.rel1.win32_1.0.0.202411081344/tools/bin/../lib/gcc/arm-none-eabi/13.3.1/../../../../arm-none-eabi/lib/thumb/v7e-m+fp/hard\libc_nano.a(libc_a-lock.o)
                0x08004930                __retarget_lock_release_recursive
 *fill*         0x08004932        0x2 
 .text.__assert_func
                0x08004934       0x3c C:/ST/STM32CubeIDE_1.19.0/STM32CubeIDE/plugins/com.st.stm32cube.ide.mcu.externaltools.gnu-tools-for-stm32.13.3.rel1.win32_1.0.0.202411081344/tools/bin/../lib/gcc/arm-none-eabi/13.3.1/../../../../arm-none-eabi/lib/thumb/v7e-m+fp/hard\libc_nano.a(libc_a-assert.o)
                0x08004934                __assert_func
 .text._free_r  0x08004970       0x94 C:/ST/STM32CubeIDE_1.19.0/STM32CubeIDE/plugins/com.st.stm32cube.ide.mcu.externaltools.gnu-tools-for-stm32.13.3.rel1.win32_1.0.0.202411081344/tools/bin/../lib/gcc/arm-none-eabi/13.3.1/../../../../arm-none-eabi/lib/thumb/v7e-m+fp/hard\libc_nano.a(libc_a-freer.o)
                0x08004970                _free_r
 .text.malloc   0x08004a04       0x10 C:/ST/STM32CubeIDE_1.19.0/STM32CubeIDE/plugins/com.st.stm32cube.ide.mcu.externaltools.gnu-tools-for-stm32.13.3.rel1.win32_1.0.0.202411081344/tools/bin/../lib/gcc/arm-none-eabi/13.3.1/../../../../arm-none-eabi/lib/thumb/v7e-m+fp/hard\libc_nano.a(libc_a-malloc.o)
                0x08004a04                malloc
 .text.sbrk_aligned
                0x08004a14       0x44 C:/ST/STM32CubeIDE_1.19.0/STM32CubeIDE/plugins/com.st.stm32cube.ide.mcu.externaltools.gnu-tools-for-stm32.13.3.rel1.win32_1.0.0.202411081344/tools/bin/../lib/gcc/arm-none-eabi/13.3.1/../../../../arm-none-eabi/lib/thumb/v7e-m+fp/hard\libc_nano.a(libc_a-mallocr.o)
 .text._malloc_r
                0x08004a58      0x100 C:/ST/STM32CubeIDE_1.19.0/STM32CubeIDE/plugins/com.st.stm32cube.ide.mcu.externaltools.gnu-tools-for-stm32.13.3.rel1.win32_1.0.0.202411081344/tools/bin/../lib/gcc/arm-none-eabi/13.3.1/../../../../arm-none-eabi/lib/thumb/v7e-m+fp/hard\libc_nano.a(libc_a-mallocr.o)
                0x08004a58                _malloc_r
 .text.__malloc_lock
                0x08004b58        0xc C:/ST/STM32CubeIDE_1.19.0/STM32CubeIDE/plugins/com.st.stm32cube.ide.mcu.externaltools.gnu-tools-for-stm32.13.3.rel1.win32_1.0.0.202411081344/tools/bin/../lib/gcc/arm-none-eabi/13.3.1/../../../../arm-none-eabi/lib/thumb/v7e-m+fp/hard\libc_nano.a(libc_a-mlock.o)
                0x08004b58                __malloc_lock
 .text.__malloc_unlock
                0x08004b64        0xc C:/ST/STM32CubeIDE_1.19.0/STM32CubeIDE/plugins/com.st.stm32cube.ide.mcu.externaltools.gnu-tools-for-stm32.13.3.rel1.win32_1.0.0.202411081344/tools/bin/../lib/gcc/arm-none-eabi/13.3.1/../../../../arm-none-eabi/lib/thumb/v7e-m+fp/hard\libc_nano.a(libc_a-mlock.o)
                0x08004b64                __malloc_unlock
 .text.__ssputs_r
                0x08004b70       0xb6 C:/ST/STM32CubeIDE_1.19.0/STM32CubeIDE/plugins/com.st.stm32cube.ide.mcu.externaltools.gnu-tools-for-stm32.13.3.rel1.win32_1.0.0.202411081344/tools/bin/../lib/gcc/arm-none-eabi/13.3.1/../../../../arm-none-eabi/lib/thumb/v7e-m+fp/hard\libc_nano.a(libc_a-nano-svfprintf.o)
                0x08004b70                __ssputs_r
 *fill*         0x08004c26        0x2 
 .text._svfprintf_r
                0x08004c28      0x1f8 C:/ST/STM32CubeIDE_1.19.0/STM32CubeIDE/plugins/com.st.stm32cube.ide.mcu.externaltools.gnu-tools-for-stm32.13.3.rel1.win32_1.0.0.202411081344/tools/bin/../lib/gcc/arm-none-eabi/13.3.1/../../../../arm-none-eabi/lib/thumb/v7e-m+fp/hard\libc_nano.a(libc_a-nano-svfprintf.o)
                0x08004c28                _svfiprintf_r
                0x08004c28                _svfprintf_r
 .text._printf_common
                0x08004e20       0xda C:/ST/STM32CubeIDE_1.19.0/STM32CubeIDE/plugins/com.st.stm32cube.ide.mcu.externaltools.gnu-tools-for-stm32.13.3.rel1.win32_1.0.0.202411081344/tools/bin/../lib/gcc/arm-none-eabi/13.3.1/../../../../arm-none-eabi/lib/thumb/v7e-m+fp/hard\libc_nano.a(libc_a-nano-vfprintf_i.o)
                0x08004e20                _printf_common
 *fill*         0x08004efa        0x2 
 .text._printf_i
                0x08004efc      0x23c C:/ST/STM32CubeIDE_1.19.0/STM32CubeIDE/plugins/com.st.stm32cube.ide.mcu.externaltools.gnu-tools-for-stm32.13.3.rel1.win32_1.0.0.202411081344/tools/bin/../lib/gcc/arm-none-eabi/13.3.1/../../../../arm-none-eabi/lib/thumb/v7e-m+fp/hard\libc_nano.a(libc_a-nano-vfprintf_i.o)
                0x08004efc                _printf_i
 .text.__sflush_r
                0x08005138      0x108 C:/ST/STM32CubeIDE_1.19.0/STM32CubeIDE/plugins/com.st.stm32cube.ide.mcu.externaltools.gnu-tools-for-stm32.13.3.rel1.win32_1.0.0.202411081344/tools/bin/../lib/gcc/arm-none-eabi/13.3.1/../../../../arm-none-eabi/lib/thumb/v7e-m+fp/hard\libc_nano.a(libc_a-fflush.o)
                0x08005138                __sflush_r
 .text._fflush_r
                0x08005240       0x50 C:/ST/STM32CubeIDE_1.19.0/STM32CubeIDE/plugins/com.st.stm32cube.ide.mcu.externaltools.gnu-tools-for-stm32.13.3.rel1.win32_1.0.0.202411081344/tools/bin/../lib/gcc/arm-none-eabi/13.3.1/../../../../arm-none-eabi/lib/thumb/v7e-m+fp/hard\libc_nano.a(libc_a-fflush.o)
                0x08005240                _fflush_r
 .text.fprintf  0x08005290       0x24 C:/ST/STM32CubeIDE_1.19.0/STM32CubeIDE/plugins/com.st.stm32cube.ide.mcu.externaltools.gnu-tools-for-stm32.13.3.rel1.win32_1.0.0.202411081344/tools/bin/../lib/gcc/arm-none-eabi/13.3.1/../../../../arm-none-eabi/lib/thumb/v7e-m+fp/hard\libc_nano.a(libc_a-fprintf.o)
                0x08005290                fiprintf
                0x08005290                fprintf
 .text.memmove  0x080052b4       0x34 C:/ST/STM32CubeIDE_1.19.0/STM32CubeIDE/plugins/com.st.stm32cube.ide.mcu.externaltools.gnu-tools-for-stm32.13.3.rel1.win32_1.0.0.202411081344/tools/bin/../lib/gcc/arm-none-eabi/13.3.1/../../../../arm-none-eabi/lib/thumb/v7e-m+fp/hard\libc_nano.a(libc_a-memmove.o)
                0x080052b4                memmove
 .text._sbrk_r  0x080052e8       0x20 C:/ST/STM32CubeIDE_1.19.0/STM32CubeIDE/plugins/com.st.stm32cube.ide.mcu.externaltools.gnu-tools-for-stm32.13.3.rel1.win32_1.0.0.202411081344/tools/bin/../lib/gcc/arm-none-eabi/13.3.1/../../../../arm-none-eabi/lib/thumb/v7e-m+fp/hard\libc_nano.a(libc_a-sbrkr.o)
                0x080052e8                _sbrk_r
 .text.memcpy   0x08005308       0x1c C:/ST/STM32CubeIDE_1.19.0/STM32CubeIDE/plugins/com.st.stm32cube.ide.mcu.externaltools.gnu-tools-for-stm32.13.3.rel1.win32_1.0.0.202411081344/tools/bin/../lib/gcc/arm-none-eabi/13.3.1/../../../../arm-none-eabi/lib/thumb/v7e-m+fp/hard\libc_nano.a(libc_a-memcpy-stub.o)
                0x08005308                memcpy
 .text.abort    0x08005324        0xe C:/ST/STM32CubeIDE_1.19.0/STM32CubeIDE/plugins/com.st.stm32cube.ide.mcu.externaltools.gnu-tools-for-stm32.13.3.rel1.win32_1.0.0.202411081344/tools/bin/../lib/gcc/arm-none-eabi/13.3.1/../../../../arm-none-eabi/lib/thumb/v7e-m+fp/hard\libc_nano.a(libc_a-abort.o)
                0x08005324                abort
 .text._realloc_r
                0x08005332       0x5c C:/ST/STM32CubeIDE_1.19.0/STM32CubeIDE/plugins/com.st.stm32cube.ide.mcu.externaltools.gnu-tools-for-stm32.13.3.rel1.win32_1.0.0.202411081344/tools/bin/../lib/gcc/arm-none-eabi/13.3.1/../../../../arm-none-eabi/lib/thumb/v7e-m+fp/hard\libc_nano.a(libc_a-reallocr.o)
                0x08005332                _realloc_r
 .text.__sfputc_r
                0x0800538e       0x2e C:/ST/STM32CubeIDE_1.19.0/STM32CubeIDE/plugins/com.st.stm32cube.ide.mcu.externaltools.gnu-tools-for-stm32.13.3.rel1.win32_1.0.0.202411081344/tools/bin/../lib/gcc/arm-none-eabi/13.3.1/../../../../arm-none-eabi/lib/thumb/v7e-m+fp/hard\libc_nano.a(libc_a-nano-vfprintf.o)
 .text.__sfputs_r
                0x080053bc       0x24 C:/ST/STM32CubeIDE_1.19.0/STM32CubeIDE/plugins/com.st.stm32cube.ide.mcu.externaltools.gnu-tools-for-stm32.13.3.rel1.win32_1.0.0.202411081344/tools/bin/../lib/gcc/arm-none-eabi/13.3.1/../../../../arm-none-eabi/lib/thumb/v7e-m+fp/hard\libc_nano.a(libc_a-nano-vfprintf.o)
                0x080053bc                __sfputs_r
 .text._vfprintf_r
                0x080053e0      0x230 C:/ST/STM32CubeIDE_1.19.0/STM32CubeIDE/plugins/com.st.stm32cube.ide.mcu.externaltools.gnu-tools-for-stm32.13.3.rel1.win32_1.0.0.202411081344/tools/bin/../lib/gcc/arm-none-eabi/13.3.1/../../../../arm-none-eabi/lib/thumb/v7e-m+fp/hard\libc_nano.a(libc_a-nano-vfprintf.o)
                0x080053e0                _vfprintf_r
                0x080053e0                _vfiprintf_r
 .text.__swbuf_r
                0x08005610       0x7c C:/ST/STM32CubeIDE_1.19.0/STM32CubeIDE/plugins/com.st.stm32cube.ide.mcu.externaltools.gnu-tools-for-stm32.13.3.rel1.win32_1.0.0.202411081344/tools/bin/../lib/gcc/arm-none-eabi/13.3.1/../../../../arm-none-eabi/lib/thumb/v7e-m+fp/hard\libc_nano.a(libc_a-wbuf.o)
                0x08005610                __swbuf_r
 .text.__swsetup_r
                0x0800568c       0xac C:/ST/STM32CubeIDE_1.19.0/STM32CubeIDE/plugins/com.st.stm32cube.ide.mcu.externaltools.gnu-tools-for-stm32.13.3.rel1.win32_1.0.0.202411081344/tools/bin/../lib/gcc/arm-none-eabi/13.3.1/../../../../arm-none-eabi/lib/thumb/v7e-m+fp/hard\libc_nano.a(libc_a-wsetup.o)
                0x0800568c                __swsetup_r
 .text._raise_r
                0x08005738       0x50 C:/ST/STM32CubeIDE_1.19.0/STM32CubeIDE/plugins/com.st.stm32cube.ide.mcu.externaltools.gnu-tools-for-stm32.13.3.rel1.win32_1.0.0.202411081344/tools/bin/../lib/gcc/arm-none-eabi/13.3.1/../../../../arm-none-eabi/lib/thumb/v7e-m+fp/hard\libc_nano.a(libc_a-signal.o)
                0x08005738                _raise_r
 .text.raise    0x08005788       0x10 C:/ST/STM32CubeIDE_1.19.0/STM32CubeIDE/plugins/com.st.stm32cube.ide.mcu.externaltools.gnu-tools-for-stm32.13.3.rel1.win32_1.0.0.202411081344/tools/bin/../lib/gcc/arm-none-eabi/13.3.1/../../../../arm-none-eabi/lib/thumb/v7e-m+fp/hard\libc_nano.a(libc_a-signal.o)
                0x08005788                raise
 .text._kill_r  0x08005798       0x24 C:/ST/STM32CubeIDE_1.19.0/STM32CubeIDE/plugins/com.st.stm32cube.ide.mcu.externaltools.gnu-tools-for-stm32.13.3.rel1.win32_1.0.0.202411081344/tools/bin/../lib/gcc/arm-none-eabi/13.3.1/../../../../arm-none-eabi/lib/thumb/v7e-m+fp/hard\libc_nano.a(libc_a-signalr.o)
                0x08005798                _kill_r
 .text._getpid_r
                0x080057bc        0x4 C:/ST/STM32CubeIDE_1.19.0/STM32CubeIDE/plugins/com.st.stm32cube.ide.mcu.externaltools.gnu-tools-for-stm32.13.3.rel1.win32_1.0.0.202411081344/tools/bin/../lib/gcc/arm-none-eabi/13.3.1/../../../../arm-none-eabi/lib/thumb/v7e-m+fp/hard\libc_nano.a(libc_a-signalr.o)
                0x080057bc                _getpid_r
 .text._malloc_usable_size_r
                0x080057c0       0x10 C:/ST/STM32CubeIDE_1.19.0/STM32CubeIDE/plugins/com.st.stm32cube.ide.mcu.externaltools.gnu-tools-for-stm32.13.3.rel1.win32_1.0.0.202411081344/tools/bin/../lib/gcc/arm-none-eabi/13.3.1/../../../../arm-none-eabi/lib/thumb/v7e-m+fp/hard\libc_nano.a(libc_a-msizer.o)
                0x080057c0                _malloc_usable_size_r
 .text.__swhatbuf_r
                0x080057d0       0x4c C:/ST/STM32CubeIDE_1.19.0/STM32CubeIDE/plugins/com.st.stm32cube.ide.mcu.externaltools.gnu-tools-for-stm32.13.3.rel1.win32_1.0.0.202411081344/tools/bin/../lib/gcc/arm-none-eabi/13.3.1/../../../../arm-none-eabi/lib/thumb/v7e-m+fp/hard\libc_nano.a(libc_a-makebuf.o)
                0x080057d0                __swhatbuf_r
 .text.__smakebuf_r
                0x0800581c       0x78 C:/ST/STM32CubeIDE_1.19.0/STM32CubeIDE/plugins/com.st.stm32cube.ide.mcu.externaltools.gnu-tools-for-stm32.13.3.rel1.win32_1.0.0.202411081344/tools/bin/../lib/gcc/arm-none-eabi/13.3.1/../../../../arm-none-eabi/lib/thumb/v7e-m+fp/hard\libc_nano.a(libc_a-makebuf.o)
                0x0800581c                __smakebuf_r
 .text._fstat_r
                0x08005894       0x24 C:/ST/STM32CubeIDE_1.19.0/STM32CubeIDE/plugins/com.st.stm32cube.ide.mcu.externaltools.gnu-tools-for-stm32.13.3.rel1.win32_1.0.0.202411081344/tools/bin/../lib/gcc/arm-none-eabi/13.3.1/../../../../arm-none-eabi/lib/thumb/v7e-m+fp/hard\libc_nano.a(libc_a-fstatr.o)
                0x08005894                _fstat_r
 .text._isatty_r
                0x080058b8       0x20 C:/ST/STM32CubeIDE_1.19.0/STM32CubeIDE/plugins/com.st.stm32cube.ide.mcu.externaltools.gnu-tools-for-stm32.13.3.rel1.win32_1.0.0.202411081344/tools/bin/../lib/gcc/arm-none-eabi/13.3.1/../../../../arm-none-eabi/lib/thumb/v7e-m+fp/hard\libc_nano.a(libc_a-isattyr.o)
                0x080058b8                _isatty_r
 *(.glue_7)
 .glue_7        0x080058d8        0x0 linker stubs
 *(.glue_7t)
 .glue_7t       0x080058d8        0x0 linker stubs
 *(.eh_frame)
 .eh_frame      0x080058d8        0x0 C:/ST/STM32CubeIDE_1.19.0/STM32CubeIDE/plugins/com.st.stm32cube.ide.mcu.externaltools.gnu-tools-for-stm32.13.3.rel1.win32_1.0.0.202411081344/tools/bin/../lib/gcc/arm-none-eabi/13.3.1/thumb/v7e-m+fp/hard/crtbegin.o
 *(.init)
 .init          0x080058d8        0x4 C:/ST/STM32CubeIDE_1.19.0/STM32CubeIDE/plugins/com.st.stm32cube.ide.mcu.externaltools.gnu-tools-for-stm32.13.3.rel1.win32_1.0.0.202411081344/tools/bin/../lib/gcc/arm-none-eabi/13.3.1/thumb/v7e-m+fp/hard/crti.o
                0x080058d8                _init
 .init          0x080058dc        0x8 C:/ST/STM32CubeIDE_1.19.0/STM32CubeIDE/plugins/com.st.stm32cube.ide.mcu.externaltools.gnu-tools-for-stm32.13.3.rel1.win32_1.0.0.202411081344/tools/bin/../lib/gcc/arm-none-eabi/13.3.1/thumb/v7e-m+fp/hard/crtn.o
 *(.fini)
 .fini          0x080058e4        0x4 C:/ST/STM32CubeIDE_1.19.0/STM32CubeIDE/plugins/com.st.stm32cube.ide.mcu.externaltools.gnu-tools-for-stm32.13.3.rel1.win32_1.0.0.202411081344/tools/bin/../lib/gcc/arm-none-eabi/13.3.1/thumb/v7e-m+fp/hard/crti.o
                0x080058e4                _fini
 .fini          0x080058e8        0x8 C:/ST/STM32CubeIDE_1.19.0/STM32CubeIDE/plugins/com.st.stm32cube.ide.mcu.externaltools.gnu-tools-for-stm32.13.3.rel1.win32_1.0.0.202411081344/tools/bin/../lib/gcc/arm-none-eabi/13.3.1/thumb/v7e-m+fp/hard/crtn.o
                0x080058f0                        . = ALIGN (0x4)
                0x080058f0                        _etext = .

.vfp11_veneer   0x080058f0        0x0
 .vfp11_veneer  0x080058f0        0x0 linker stubs

.v4_bx          0x080058f0        0x0
 .v4_bx         0x080058f0        0x0 linker stubs

.iplt           0x080058f0        0x0
 .iplt          0x080058f0        0x0 C:/ST/STM32CubeIDE_1.19.0/STM32CubeIDE/plugins/com.st.stm32cube.ide.mcu.externaltools.gnu-tools-for-stm32.13.3.rel1.win32_1.0.0.202411081344/tools/bin/../lib/gcc/arm-none-eabi/13.3.1/thumb/v7e-m+fp/hard/crtbegin.o

.rodata         0x080058f0     0x15bc
                0x080058f0                        . = ALIGN (0x4)
 *(.rodata)
 .rodata        0x080058f0       0x36 ./Src/main.o
 *fill*         0x08005926        0x2 
 .rodata        0x08005928        0x1 D:\STM32CubePrj\lib_sdk_1.0.3_nucleo_f401re\embedded-stm32-course-main\stm32-nonos-stdperiph-sdk\lib_stm\libLibraries.a(button.o)
 *fill*         0x08005929        0x3 
 .rodata        0x0800592c        0xf D:\STM32CubePrj\lib_sdk_1.0.3_nucleo_f401re\embedded-stm32-course-main\stm32-nonos-stdperiph-sdk\lib_stm\libLibraries.a(ucg_font.o)
 *(.rodata*)
 *fill*         0x0800593b        0x1 
 .rodata.ucg_st7735_set_pos_seq
                0x0800593c       0x1e D:\STM32CubePrj\lib_sdk_1.0.3_nucleo_f401re\embedded-stm32-course-main\stm32-nonos-stdperiph-sdk\lib_stm\libLibraries.a(ucg_dev_ic_st7735.o)
                0x0800593c                ucg_st7735_set_pos_seq
 *fill*         0x0800595a        0x2 
 .rodata.ucg_st7735_set_pos_dir0_seq
                0x0800595c       0x1e D:\STM32CubePrj\lib_sdk_1.0.3_nucleo_f401re\embedded-stm32-course-main\stm32-nonos-stdperiph-sdk\lib_stm\libLibraries.a(ucg_dev_ic_st7735.o)
                0x0800595c                ucg_st7735_set_pos_dir0_seq
 *fill*         0x0800597a        0x2 
 .rodata.ucg_st7735_set_pos_dir1_seq
                0x0800597c       0x21 D:\STM32CubePrj\lib_sdk_1.0.3_nucleo_f401re\embedded-stm32-course-main\stm32-nonos-stdperiph-sdk\lib_stm\libLibraries.a(ucg_dev_ic_st7735.o)
                0x0800597c                ucg_st7735_set_pos_dir1_seq
 *fill*         0x0800599d        0x3 
 .rodata.ucg_st7735_set_pos_dir2_seq
                0x080059a0       0x21 D:\STM32CubePrj\lib_sdk_1.0.3_nucleo_f401re\embedded-stm32-course-main\stm32-nonos-stdperiph-sdk\lib_stm\libLibraries.a(ucg_dev_ic_st7735.o)
                0x080059a0                ucg_st7735_set_pos_dir2_seq
 *fill*         0x080059c1        0x3 
 .rodata.ucg_st7735_set_pos_dir3_seq
                0x080059c4       0x24 D:\STM32CubePrj\lib_sdk_1.0.3_nucleo_f401re\embedded-stm32-course-main\stm32-nonos-stdperiph-sdk\lib_stm\libLibraries.a(ucg_dev_ic_st7735.o)
                0x080059c4                ucg_st7735_set_pos_dir3_seq
 .rodata.ucg_st7735_power_down_seq
                0x080059e8        0x7 D:\STM32CubePrj\lib_sdk_1.0.3_nucleo_f401re\embedded-stm32-course-main\stm32-nonos-stdperiph-sdk\lib_stm\libLibraries.a(ucg_dev_ic_st7735.o)
 *fill*         0x080059ef        0x1 
 .rodata.ucg_tft_128x160_st7735_init_seq
                0x080059f0       0x2c D:\STM32CubePrj\lib_sdk_1.0.3_nucleo_f401re\embedded-stm32-course-main\stm32-nonos-stdperiph-sdk\lib_stm\libLibraries.a(ucg_dev_tft_128x128_st7735.o)
 .rodata.ucg_font_helvR08_tf
                0x08005a1c      0x88b D:\STM32CubePrj\lib_sdk_1.0.3_nucleo_f401re\embedded-stm32-course-main\stm32-nonos-stdperiph-sdk\lib_stm\libLibraries.a(ucg_pixel_font_data.o)
                0x08005a1c                ucg_font_helvR08_tf
 *fill*         0x080062a7        0x1 
 .rodata.ucg_font_helvR10_tf
                0x080062a8      0xb24 D:\STM32CubePrj\lib_sdk_1.0.3_nucleo_f401re\embedded-stm32-course-main\stm32-nonos-stdperiph-sdk\lib_stm\libLibraries.a(ucg_pixel_font_data.o)
                0x080062a8                ucg_font_helvR10_tf
 .rodata.srand.str1.1
                0x08006dcc       0xde C:/ST/STM32CubeIDE_1.19.0/STM32CubeIDE/plugins/com.st.stm32cube.ide.mcu.externaltools.gnu-tools-for-stm32.13.3.rel1.win32_1.0.0.202411081344/tools/bin/../lib/gcc/arm-none-eabi/13.3.1/../../../../arm-none-eabi/lib/thumb/v7e-m+fp/hard\libc_nano.a(libc_a-rand.o)
                                 0x6f (size before relaxing)
 .rodata.__assert_func.str1.1
                0x08006eaa       0x3d C:/ST/STM32CubeIDE_1.19.0/STM32CubeIDE/plugins/com.st.stm32cube.ide.mcu.externaltools.gnu-tools-for-stm32.13.3.rel1.win32_1.0.0.202411081344/tools/bin/../lib/gcc/arm-none-eabi/13.3.1/../../../../arm-none-eabi/lib/thumb/v7e-m+fp/hard\libc_nano.a(libc_a-assert.o)
 .rodata._svfprintf_r.str1.1
                0x08006eaa       0x11 C:/ST/STM32CubeIDE_1.19.0/STM32CubeIDE/plugins/com.st.stm32cube.ide.mcu.externaltools.gnu-tools-for-stm32.13.3.rel1.win32_1.0.0.202411081344/tools/bin/../lib/gcc/arm-none-eabi/13.3.1/../../../../arm-none-eabi/lib/thumb/v7e-m+fp/hard\libc_nano.a(libc_a-nano-svfprintf.o)
 .rodata._printf_i.str1.1
                0x08006eaa       0x22 C:/ST/STM32CubeIDE_1.19.0/STM32CubeIDE/plugins/com.st.stm32cube.ide.mcu.externaltools.gnu-tools-for-stm32.13.3.rel1.win32_1.0.0.202411081344/tools/bin/../lib/gcc/arm-none-eabi/13.3.1/../../../../arm-none-eabi/lib/thumb/v7e-m+fp/hard\libc_nano.a(libc_a-nano-vfprintf_i.o)
 .rodata._vfprintf_r.str1.1
                0x08006eaa       0x11 C:/ST/STM32CubeIDE_1.19.0/STM32CubeIDE/plugins/com.st.stm32cube.ide.mcu.externaltools.gnu-tools-for-stm32.13.3.rel1.win32_1.0.0.202411081344/tools/bin/../lib/gcc/arm-none-eabi/13.3.1/../../../../arm-none-eabi/lib/thumb/v7e-m+fp/hard\libc_nano.a(libc_a-nano-vfprintf.o)
                0x08006ee8                        . = ALIGN (0x4)
 *fill*         0x08006eaa        0x2 

.ARM.extab      0x08006eac        0x0
                0x08006eac                        . = ALIGN (0x4)
 *(.ARM.extab* .gnu.linkonce.armextab.*)
                0x08006eac                        . = ALIGN (0x4)

.ARM            0x08006eac        0x8
                0x08006eac                        . = ALIGN (0x4)
                0x08006eac                        __exidx_start = .
 *(.ARM.exidx*)
 .ARM.exidx     0x08006eac        0x8 C:/ST/STM32CubeIDE_1.19.0/STM32CubeIDE/plugins/com.st.stm32cube.ide.mcu.externaltools.gnu-tools-for-stm32.13.3.rel1.win32_1.0.0.202411081344/tools/bin/../lib/gcc/arm-none-eabi/13.3.1/../../../../arm-none-eabi/lib/thumb/v7e-m+fp/hard\libc_nano.a(libc_a-memchr.o)
                0x08006eb4                        __exidx_end = .
                0x08006eb4                        . = ALIGN (0x4)

.preinit_array  0x08006eb4        0x0
                0x08006eb4                        . = ALIGN (0x4)
                0x08006eb4                        PROVIDE (__preinit_array_start = .)
 *(.preinit_array*)
                0x08006eb4                        PROVIDE (__preinit_array_end = .)
                0x08006eb4                        . = ALIGN (0x4)

.init_array     0x08006eb4        0x4
                0x08006eb4                        . = ALIGN (0x4)
                0x08006eb4                        PROVIDE (__init_array_start = .)
 *(SORT_BY_NAME(.init_array.*))
 *(.init_array*)
 .init_array    0x08006eb4        0x4 C:/ST/STM32CubeIDE_1.19.0/STM32CubeIDE/plugins/com.st.stm32cube.ide.mcu.externaltools.gnu-tools-for-stm32.13.3.rel1.win32_1.0.0.202411081344/tools/bin/../lib/gcc/arm-none-eabi/13.3.1/thumb/v7e-m+fp/hard/crtbegin.o
                0x08006eb8                        PROVIDE (__init_array_end = .)
                0x08006eb8                        . = ALIGN (0x4)

.fini_array     0x08006eb8        0x4
                0x08006eb8                        . = ALIGN (0x4)
                [!provide]                        PROVIDE (__fini_array_start = .)
 *(SORT_BY_NAME(.fini_array.*))
 *(.fini_array*)
 .fini_array    0x08006eb8        0x4 C:/ST/STM32CubeIDE_1.19.0/STM32CubeIDE/plugins/com.st.stm32cube.ide.mcu.externaltools.gnu-tools-for-stm32.13.3.rel1.win32_1.0.0.202411081344/tools/bin/../lib/gcc/arm-none-eabi/13.3.1/thumb/v7e-m+fp/hard/crtbegin.o
                [!provide]                        PROVIDE (__fini_array_end = .)
                0x08006ebc                        . = ALIGN (0x4)
                0x08006ebc                        _sidata = LOADADDR (.data)

.rel.dyn        0x08006ebc        0x0
 .rel.iplt      0x08006ebc        0x0 C:/ST/STM32CubeIDE_1.19.0/STM32CubeIDE/plugins/com.st.stm32cube.ide.mcu.externaltools.gnu-tools-for-stm32.13.3.rel1.win32_1.0.0.202411081344/tools/bin/../lib/gcc/arm-none-eabi/13.3.1/thumb/v7e-m+fp/hard/crtbegin.o

.data           0x20000000       0xc8 load address 0x08006ebc
                0x20000000                        . = ALIGN (0x4)
                0x20000000                        _sdata = .
 *(.data)
 *(.data*)
 .data.key_2_released
                0x20000000        0x1 ./Src/main.o
                0x20000000                key_2_released
 .data.key_4_released
                0x20000001        0x1 ./Src/main.o
                0x20000001                key_4_released
 .data.box_x    0x20000002        0x2 ./Src/main.o
                0x20000002                box_x
 .data.ball_x   0x20000004        0x2 ./Src/main.o
                0x20000004                ball_x
 .data.ball_y   0x20000006        0x2 ./Src/main.o
                0x20000006                ball_y
 .data.ball_dx  0x20000008        0x1 ./Src/main.o
                0x20000008                ball_dx
 .data.ball_dy  0x20000009        0x1 ./Src/main.o
                0x20000009                ball_dy
 .data.ball_r   0x2000000a        0x1 ./Src/main.o
                0x2000000a                ball_r
 *fill*         0x2000000b        0x1 
 .data.old_score
                0x2000000c        0x4 ./Src/main.o
                0x2000000c                old_score
 .data.boxes_left
                0x20000010        0x4 ./Src/main.o
                0x20000010                boxes_left
 .data.SystemCoreClock
                0x20000014        0x4 D:\STM32CubePrj\lib_sdk_1.0.3_nucleo_f401re\embedded-stm32-course-main\stm32-nonos-stdperiph-sdk\lib_stm\libLibraries.a(system_stm32f4xx.o)
                0x20000014                SystemCoreClock
 .data.AHBPrescTable
                0x20000018       0x10 D:\STM32CubePrj\lib_sdk_1.0.3_nucleo_f401re\embedded-stm32-course-main\stm32-nonos-stdperiph-sdk\lib_stm\libLibraries.a(system_stm32f4xx.o)
                0x20000018                AHBPrescTable
 .data.pinBtnPad
                0x20000028       0x30 D:\STM32CubePrj\lib_sdk_1.0.3_nucleo_f401re\embedded-stm32-course-main\stm32-nonos-stdperiph-sdk\lib_stm\libLibraries.a(button.o)
 .data.idTaskScanButton
                0x20000058        0x1 D:\STM32CubePrj\lib_sdk_1.0.3_nucleo_f401re\embedded-stm32-course-main\stm32-nonos-stdperiph-sdk\lib_stm\libLibraries.a(button.o)
 .data.idTaskScanDecodeLen
                0x20000059        0x1 D:\STM32CubePrj\lib_sdk_1.0.3_nucleo_f401re\embedded-stm32-course-main\stm32-nonos-stdperiph-sdk\lib_stm\libLibraries.a(ucg_font.o)
 *fill*         0x2000005a        0x2 
 .data.APBAHBPrescTable
                0x2000005c       0x10 D:\STM32CubePrj\lib_sdk_1.0.3_nucleo_f401re\embedded-stm32-course-main\stm32-nonos-stdperiph-sdk\lib_stm\libLibraries.a(stm32f401re_rcc.o)
 .data.__sglue  0x2000006c        0xc C:/ST/STM32CubeIDE_1.19.0/STM32CubeIDE/plugins/com.st.stm32cube.ide.mcu.externaltools.gnu-tools-for-stm32.13.3.rel1.win32_1.0.0.202411081344/tools/bin/../lib/gcc/arm-none-eabi/13.3.1/../../../../arm-none-eabi/lib/thumb/v7e-m+fp/hard\libc_nano.a(libc_a-findfp.o)
                0x2000006c                __sglue
 .data._impure_ptr
                0x20000078        0x4 C:/ST/STM32CubeIDE_1.19.0/STM32CubeIDE/plugins/com.st.stm32cube.ide.mcu.externaltools.gnu-tools-for-stm32.13.3.rel1.win32_1.0.0.202411081344/tools/bin/../lib/gcc/arm-none-eabi/13.3.1/../../../../arm-none-eabi/lib/thumb/v7e-m+fp/hard\libc_nano.a(libc_a-impure.o)
                0x20000078                _impure_ptr
 .data._impure_data
                0x2000007c       0x4c C:/ST/STM32CubeIDE_1.19.0/STM32CubeIDE/plugins/com.st.stm32cube.ide.mcu.externaltools.gnu-tools-for-stm32.13.3.rel1.win32_1.0.0.202411081344/tools/bin/../lib/gcc/arm-none-eabi/13.3.1/../../../../arm-none-eabi/lib/thumb/v7e-m+fp/hard\libc_nano.a(libc_a-impure.o)
                0x2000007c                _impure_data
 *(.RamFunc)
 *(.RamFunc*)
                0x200000c8                        . = ALIGN (0x4)
                0x200000c8                        _edata = .

.igot.plt       0x200000c8        0x0 load address 0x08006f84
 .igot.plt      0x200000c8        0x0 C:/ST/STM32CubeIDE_1.19.0/STM32CubeIDE/plugins/com.st.stm32cube.ide.mcu.externaltools.gnu-tools-for-stm32.13.3.rel1.win32_1.0.0.202411081344/tools/bin/../lib/gcc/arm-none-eabi/13.3.1/thumb/v7e-m+fp/hard/crtbegin.o
                0x200000c8                        . = ALIGN (0x4)

.bss            0x200000c8     0x1478 load address 0x08006f84
                0x200000c8                        _sbss = .
                0x200000c8                        __bss_start__ = _sbss
 *(.bss)
 .bss           0x200000c8       0x1c C:/ST/STM32CubeIDE_1.19.0/STM32CubeIDE/plugins/com.st.stm32cube.ide.mcu.externaltools.gnu-tools-for-stm32.13.3.rel1.win32_1.0.0.202411081344/tools/bin/../lib/gcc/arm-none-eabi/13.3.1/thumb/v7e-m+fp/hard/crtbegin.o
 *(.bss*)
 .bss.ucg       0x200000e4       0xb4 ./Src/main.o
 .bss.box_alive
                0x20000198        0x9 ./Src/main.o
                0x20000198                box_alive
 *fill*         0x200001a1        0x3 
 .bss.score     0x200001a4        0x4 ./Src/main.o
                0x200001a4                score
 .bss.current_state
                0x200001a8        0x1 ./Src/main.o
                0x200001a8                current_state
 *fill*         0x200001a9        0x3 
 .bss.__sbrk_heap_end
                0x200001ac        0x4 ./Src/sysmem.o
 .bss.kpad      0x200001b0       0x78 D:\STM32CubePrj\lib_sdk_1.0.3_nucleo_f401re\embedded-stm32-course-main\stm32-nonos-stdperiph-sdk\lib_stm\libLibraries.a(button.o)
 .bss.pEventCallbacks
                0x20000228       0x10 D:\STM32CubePrj\lib_sdk_1.0.3_nucleo_f401re\embedded-stm32-course-main\stm32-nonos-stdperiph-sdk\lib_stm\libLibraries.a(button.o)
 .bss.eventQueue
                0x20000238       0x10 D:\STM32CubePrj\lib_sdk_1.0.3_nucleo_f401re\embedded-stm32-course-main\stm32-nonos-stdperiph-sdk\lib_stm\libLibraries.a(eventman.o)
 .bss.g_pTimerHandle
                0x20000248      0x180 D:\STM32CubePrj\lib_sdk_1.0.3_nucleo_f401re\embedded-stm32-course-main\stm32-nonos-stdperiph-sdk\lib_stm\libLibraries.a(timer.o)
 .bss.g_wMilSecTickTimer
                0x200003c8        0x4 D:\STM32CubePrj\lib_sdk_1.0.3_nucleo_f401re\embedded-stm32-course-main\stm32-nonos-stdperiph-sdk\lib_stm\libLibraries.a(timer.o)
 .bss.g_pUartQueueRx
                0x200003cc        0x8 D:\STM32CubePrj\lib_sdk_1.0.3_nucleo_f401re\embedded-stm32-course-main\stm32-nonos-stdperiph-sdk\lib_stm\libLibraries.a(serial.o)
 .bss.fontQueue
                0x200003d4       0x10 D:\STM32CubePrj\lib_sdk_1.0.3_nucleo_f401re\embedded-stm32-course-main\stm32-nonos-stdperiph-sdk\lib_stm\libLibraries.a(ucg_font.o)
 .bss.pQueueFont
                0x200003e4     0x1000 D:\STM32CubePrj\lib_sdk_1.0.3_nucleo_f401re\embedded-stm32-course-main\stm32-nonos-stdperiph-sdk\lib_stm\libLibraries.a(ucg_font.o)
 .bss.next.7562
                0x200013e4        0x1 D:\STM32CubePrj\lib_sdk_1.0.3_nucleo_f401re\embedded-stm32-course-main\stm32-nonos-stdperiph-sdk\lib_stm\libLibraries.a(ucg_font.o)
 *fill*         0x200013e5        0x3 
 .bss.__sf      0x200013e8      0x138 C:/ST/STM32CubeIDE_1.19.0/STM32CubeIDE/plugins/com.st.stm32cube.ide.mcu.externaltools.gnu-tools-for-stm32.13.3.rel1.win32_1.0.0.202411081344/tools/bin/../lib/gcc/arm-none-eabi/13.3.1/../../../../arm-none-eabi/lib/thumb/v7e-m+fp/hard\libc_nano.a(libc_a-findfp.o)
                0x200013e8                __sf
 .bss.__stdio_exit_handler
                0x20001520        0x4 C:/ST/STM32CubeIDE_1.19.0/STM32CubeIDE/plugins/com.st.stm32cube.ide.mcu.externaltools.gnu-tools-for-stm32.13.3.rel1.win32_1.0.0.202411081344/tools/bin/../lib/gcc/arm-none-eabi/13.3.1/../../../../arm-none-eabi/lib/thumb/v7e-m+fp/hard\libc_nano.a(libc_a-findfp.o)
                0x20001520                __stdio_exit_handler
 .bss.errno     0x20001524        0x4 C:/ST/STM32CubeIDE_1.19.0/STM32CubeIDE/plugins/com.st.stm32cube.ide.mcu.externaltools.gnu-tools-for-stm32.13.3.rel1.win32_1.0.0.202411081344/tools/bin/../lib/gcc/arm-none-eabi/13.3.1/../../../../arm-none-eabi/lib/thumb/v7e-m+fp/hard\libc_nano.a(libc_a-reent.o)
                0x20001524                errno
 .bss.__lock___malloc_recursive_mutex
                0x20001528        0x1 C:/ST/STM32CubeIDE_1.19.0/STM32CubeIDE/plugins/com.st.stm32cube.ide.mcu.externaltools.gnu-tools-for-stm32.13.3.rel1.win32_1.0.0.202411081344/tools/bin/../lib/gcc/arm-none-eabi/13.3.1/../../../../arm-none-eabi/lib/thumb/v7e-m+fp/hard\libc_nano.a(libc_a-lock.o)
                0x20001528                __lock___malloc_recursive_mutex
 .bss.__lock___sfp_recursive_mutex
                0x20001529        0x1 C:/ST/STM32CubeIDE_1.19.0/STM32CubeIDE/plugins/com.st.stm32cube.ide.mcu.externaltools.gnu-tools-for-stm32.13.3.rel1.win32_1.0.0.202411081344/tools/bin/../lib/gcc/arm-none-eabi/13.3.1/../../../../arm-none-eabi/lib/thumb/v7e-m+fp/hard\libc_nano.a(libc_a-lock.o)
                0x20001529                __lock___sfp_recursive_mutex
 *fill*         0x2000152a        0x2 
 .bss.__malloc_sbrk_start
                0x2000152c        0x4 C:/ST/STM32CubeIDE_1.19.0/STM32CubeIDE/plugins/com.st.stm32cube.ide.mcu.externaltools.gnu-tools-for-stm32.13.3.rel1.win32_1.0.0.202411081344/tools/bin/../lib/gcc/arm-none-eabi/13.3.1/../../../../arm-none-eabi/lib/thumb/v7e-m+fp/hard\libc_nano.a(libc_a-mallocr.o)
                0x2000152c                __malloc_sbrk_start
 .bss.__malloc_free_list
                0x20001530        0x4 C:/ST/STM32CubeIDE_1.19.0/STM32CubeIDE/plugins/com.st.stm32cube.ide.mcu.externaltools.gnu-tools-for-stm32.13.3.rel1.win32_1.0.0.202411081344/tools/bin/../lib/gcc/arm-none-eabi/13.3.1/../../../../arm-none-eabi/lib/thumb/v7e-m+fp/hard\libc_nano.a(libc_a-mallocr.o)
                0x20001530                __malloc_free_list
 *(COMMON)
 COMMON         0x20001534        0xc D:\STM32CubePrj\lib_sdk_1.0.3_nucleo_f401re\embedded-stm32-course-main\stm32-nonos-stdperiph-sdk\lib_stm\libLibraries.a(ucg_font.o)
                0x20001534                ucg_draw_str
                0x20001540                        . = ALIGN (0x4)
                0x20001540                        _ebss = .
                0x20001540                        __bss_end__ = _ebss

._user_heap_stack
                0x20001540      0x600 load address 0x08006f84
                0x20001540                        . = ALIGN (0x8)
                [!provide]                        PROVIDE (end = .)
                0x20001540                        PROVIDE (_end = .)
                0x20001740                        . = (. + _Min_Heap_Size)
 *fill*         0x20001540      0x200 
                0x20001b40                        . = (. + _Min_Stack_Size)
 *fill*         0x20001740      0x400 
                0x20001b40                        . = ALIGN (0x8)

/DISCARD/
 libc.a(*)
 libm.a(*)
 libgcc.a(*)

.ARM.attributes
                0x00000000       0x30
 *(.ARM.attributes)
 .ARM.attributes
                0x00000000       0x22 C:/ST/STM32CubeIDE_1.19.0/STM32CubeIDE/plugins/com.st.stm32cube.ide.mcu.externaltools.gnu-tools-for-stm32.13.3.rel1.win32_1.0.0.202411081344/tools/bin/../lib/gcc/arm-none-eabi/13.3.1/thumb/v7e-m+fp/hard/crti.o
 .ARM.attributes
                0x00000022       0x34 C:/ST/STM32CubeIDE_1.19.0/STM32CubeIDE/plugins/com.st.stm32cube.ide.mcu.externaltools.gnu-tools-for-stm32.13.3.rel1.win32_1.0.0.202411081344/tools/bin/../lib/gcc/arm-none-eabi/13.3.1/thumb/v7e-m+fp/hard/crtbegin.o
 .ARM.attributes
                0x00000056       0x34 ./Src/main.o
 .ARM.attributes
                0x0000008a       0x34 ./Src/syscalls.o
 .ARM.attributes
                0x000000be       0x34 ./Src/sysmem.o
 .ARM.attributes
                0x000000f2       0x21 ./Startup/startup_stm32f401retx.o
 .ARM.attributes
                0x00000113       0x34 ./lib_sdk_1.0.3_nucleo_f401re/embedded-stm32-course-main/stm32-nonos-stdperiph-sdk/docs/queue-test/queue.o
 .ARM.attributes
                0x00000147       0x39 D:\STM32CubePrj\lib_sdk_1.0.3_nucleo_f401re\embedded-stm32-course-main\stm32-nonos-stdperiph-sdk\lib_stm\libLibraries.a(system_stm32f4xx.o)
 .ARM.attributes
                0x00000180       0x39 D:\STM32CubePrj\lib_sdk_1.0.3_nucleo_f401re\embedded-stm32-course-main\stm32-nonos-stdperiph-sdk\lib_stm\libLibraries.a(button.o)
 .ARM.attributes
                0x000001b9       0x39 D:\STM32CubePrj\lib_sdk_1.0.3_nucleo_f401re\embedded-stm32-course-main\stm32-nonos-stdperiph-sdk\lib_stm\libLibraries.a(eventbutton.o)
 .ARM.attributes
                0x000001f2       0x39 D:\STM32CubePrj\lib_sdk_1.0.3_nucleo_f401re\embedded-stm32-course-main\stm32-nonos-stdperiph-sdk\lib_stm\libLibraries.a(eventman.o)
 .ARM.attributes
                0x0000022b       0x39 D:\STM32CubePrj\lib_sdk_1.0.3_nucleo_f401re\embedded-stm32-course-main\stm32-nonos-stdperiph-sdk\lib_stm\libLibraries.a(timer.o)
 .ARM.attributes
                0x00000264       0x39 D:\STM32CubePrj\lib_sdk_1.0.3_nucleo_f401re\embedded-stm32-course-main\stm32-nonos-stdperiph-sdk\lib_stm\libLibraries.a(serial.o)
 .ARM.attributes
                0x0000029d       0x39 D:\STM32CubePrj\lib_sdk_1.0.3_nucleo_f401re\embedded-stm32-course-main\stm32-nonos-stdperiph-sdk\lib_stm\libLibraries.a(Ucglib.o)
 .ARM.attributes
                0x000002d6       0x39 D:\STM32CubePrj\lib_sdk_1.0.3_nucleo_f401re\embedded-stm32-course-main\stm32-nonos-stdperiph-sdk\lib_stm\libLibraries.a(ucg_box.o)
 .ARM.attributes
                0x0000030f       0x39 D:\STM32CubePrj\lib_sdk_1.0.3_nucleo_f401re\embedded-stm32-course-main\stm32-nonos-stdperiph-sdk\lib_stm\libLibraries.a(ucg_ccs.o)
 .ARM.attributes
                0x00000348       0x39 D:\STM32CubePrj\lib_sdk_1.0.3_nucleo_f401re\embedded-stm32-course-main\stm32-nonos-stdperiph-sdk\lib_stm\libLibraries.a(ucg_circle.o)
 .ARM.attributes
                0x00000381       0x39 D:\STM32CubePrj\lib_sdk_1.0.3_nucleo_f401re\embedded-stm32-course-main\stm32-nonos-stdperiph-sdk\lib_stm\libLibraries.a(ucg_dev_default_cb.o)
 .ARM.attributes
                0x000003ba       0x39 D:\STM32CubePrj\lib_sdk_1.0.3_nucleo_f401re\embedded-stm32-course-main\stm32-nonos-stdperiph-sdk\lib_stm\libLibraries.a(ucg_dev_ic_st7735.o)
 .ARM.attributes
                0x000003f3       0x39 D:\STM32CubePrj\lib_sdk_1.0.3_nucleo_f401re\embedded-stm32-course-main\stm32-nonos-stdperiph-sdk\lib_stm\libLibraries.a(ucg_dev_msg_api.o)
 .ARM.attributes
                0x0000042c       0x39 D:\STM32CubePrj\lib_sdk_1.0.3_nucleo_f401re\embedded-stm32-course-main\stm32-nonos-stdperiph-sdk\lib_stm\libLibraries.a(ucg_dev_tft_128x128_st7735.o)
 .ARM.attributes
                0x00000465       0x39 D:\STM32CubePrj\lib_sdk_1.0.3_nucleo_f401re\embedded-stm32-course-main\stm32-nonos-stdperiph-sdk\lib_stm\libLibraries.a(ucg_font.o)
 .ARM.attributes
                0x0000049e       0x39 D:\STM32CubePrj\lib_sdk_1.0.3_nucleo_f401re\embedded-stm32-course-main\stm32-nonos-stdperiph-sdk\lib_stm\libLibraries.a(ucg_init.o)
 .ARM.attributes
                0x000004d7       0x39 D:\STM32CubePrj\lib_sdk_1.0.3_nucleo_f401re\embedded-stm32-course-main\stm32-nonos-stdperiph-sdk\lib_stm\libLibraries.a(ucg_line.o)
 .ARM.attributes
                0x00000510       0x39 D:\STM32CubePrj\lib_sdk_1.0.3_nucleo_f401re\embedded-stm32-course-main\stm32-nonos-stdperiph-sdk\lib_stm\libLibraries.a(ucg_pixel.o)
 .ARM.attributes
                0x00000549       0x39 D:\STM32CubePrj\lib_sdk_1.0.3_nucleo_f401re\embedded-stm32-course-main\stm32-nonos-stdperiph-sdk\lib_stm\libLibraries.a(ucg_pixel_font_data.o)
 .ARM.attributes
                0x00000582       0x39 D:\STM32CubePrj\lib_sdk_1.0.3_nucleo_f401re\embedded-stm32-course-main\stm32-nonos-stdperiph-sdk\lib_stm\libLibraries.a(ucg_rotate.o)
 .ARM.attributes
                0x000005bb       0x39 D:\STM32CubePrj\lib_sdk_1.0.3_nucleo_f401re\embedded-stm32-course-main\stm32-nonos-stdperiph-sdk\lib_stm\libLibraries.a(utilities.o)
 .ARM.attributes
                0x000005f4       0x39 D:\STM32CubePrj\lib_sdk_1.0.3_nucleo_f401re\embedded-stm32-course-main\stm32-nonos-stdperiph-sdk\lib_stm\libLibraries.a(stm32f401re_gpio.o)
 .ARM.attributes
                0x0000062d       0x39 D:\STM32CubePrj\lib_sdk_1.0.3_nucleo_f401re\embedded-stm32-course-main\stm32-nonos-stdperiph-sdk\lib_stm\libLibraries.a(stm32f401re_rcc.o)
 .ARM.attributes
                0x00000666       0x39 D:\STM32CubePrj\lib_sdk_1.0.3_nucleo_f401re\embedded-stm32-course-main\stm32-nonos-stdperiph-sdk\lib_stm\libLibraries.a(stm32f401re_usart.o)
 .ARM.attributes
                0x0000069f       0x39 D:\STM32CubePrj\lib_sdk_1.0.3_nucleo_f401re\embedded-stm32-course-main\stm32-nonos-stdperiph-sdk\lib_stm\libLibraries.a(ucg_clip.o)
 .ARM.attributes
                0x000006d8       0x39 D:\STM32CubePrj\lib_sdk_1.0.3_nucleo_f401re\embedded-stm32-course-main\stm32-nonos-stdperiph-sdk\lib_stm\libLibraries.a(ucg_com_msg_api.o)
 .ARM.attributes
                0x00000711       0x34 C:/ST/STM32CubeIDE_1.19.0/STM32CubeIDE/plugins/com.st.stm32cube.ide.mcu.externaltools.gnu-tools-for-stm32.13.3.rel1.win32_1.0.0.202411081344/tools/bin/../lib/gcc/arm-none-eabi/13.3.1/../../../../arm-none-eabi/lib/thumb/v7e-m+fp/hard\libc_nano.a(libc_a-rand.o)
 .ARM.attributes
                0x00000745       0x34 C:/ST/STM32CubeIDE_1.19.0/STM32CubeIDE/plugins/com.st.stm32cube.ide.mcu.externaltools.gnu-tools-for-stm32.13.3.rel1.win32_1.0.0.202411081344/tools/bin/../lib/gcc/arm-none-eabi/13.3.1/../../../../arm-none-eabi/lib/thumb/v7e-m+fp/hard\libc_nano.a(libc_a-findfp.o)
 .ARM.attributes
                0x00000779       0x34 C:/ST/STM32CubeIDE_1.19.0/STM32CubeIDE/plugins/com.st.stm32cube.ide.mcu.externaltools.gnu-tools-for-stm32.13.3.rel1.win32_1.0.0.202411081344/tools/bin/../lib/gcc/arm-none-eabi/13.3.1/../../../../arm-none-eabi/lib/thumb/v7e-m+fp/hard\libc_nano.a(libc_a-fwalk.o)
 .ARM.attributes
                0x000007ad       0x34 C:/ST/STM32CubeIDE_1.19.0/STM32CubeIDE/plugins/com.st.stm32cube.ide.mcu.externaltools.gnu-tools-for-stm32.13.3.rel1.win32_1.0.0.202411081344/tools/bin/../lib/gcc/arm-none-eabi/13.3.1/../../../../arm-none-eabi/lib/thumb/v7e-m+fp/hard\libc_nano.a(libc_a-snprintf.o)
 .ARM.attributes
                0x000007e1       0x34 C:/ST/STM32CubeIDE_1.19.0/STM32CubeIDE/plugins/com.st.stm32cube.ide.mcu.externaltools.gnu-tools-for-stm32.13.3.rel1.win32_1.0.0.202411081344/tools/bin/../lib/gcc/arm-none-eabi/13.3.1/../../../../arm-none-eabi/lib/thumb/v7e-m+fp/hard\libc_nano.a(libc_a-sprintf.o)
 .ARM.attributes
                0x00000815       0x34 C:/ST/STM32CubeIDE_1.19.0/STM32CubeIDE/plugins/com.st.stm32cube.ide.mcu.externaltools.gnu-tools-for-stm32.13.3.rel1.win32_1.0.0.202411081344/tools/bin/../lib/gcc/arm-none-eabi/13.3.1/../../../../arm-none-eabi/lib/thumb/v7e-m+fp/hard\libc_nano.a(libc_a-stdio.o)
 .ARM.attributes
                0x00000849       0x34 C:/ST/STM32CubeIDE_1.19.0/STM32CubeIDE/plugins/com.st.stm32cube.ide.mcu.externaltools.gnu-tools-for-stm32.13.3.rel1.win32_1.0.0.202411081344/tools/bin/../lib/gcc/arm-none-eabi/13.3.1/../../../../arm-none-eabi/lib/thumb/v7e-m+fp/hard\libc_nano.a(libc_a-memset.o)
 .ARM.attributes
                0x0000087d       0x34 C:/ST/STM32CubeIDE_1.19.0/STM32CubeIDE/plugins/com.st.stm32cube.ide.mcu.externaltools.gnu-tools-for-stm32.13.3.rel1.win32_1.0.0.202411081344/tools/bin/../lib/gcc/arm-none-eabi/13.3.1/../../../../arm-none-eabi/lib/thumb/v7e-m+fp/hard\libc_nano.a(libc_a-closer.o)
 .ARM.attributes
                0x000008b1       0x34 C:/ST/STM32CubeIDE_1.19.0/STM32CubeIDE/plugins/com.st.stm32cube.ide.mcu.externaltools.gnu-tools-for-stm32.13.3.rel1.win32_1.0.0.202411081344/tools/bin/../lib/gcc/arm-none-eabi/13.3.1/../../../../arm-none-eabi/lib/thumb/v7e-m+fp/hard\libc_nano.a(libc_a-reent.o)
 .ARM.attributes
                0x000008e5       0x34 C:/ST/STM32CubeIDE_1.19.0/STM32CubeIDE/plugins/com.st.stm32cube.ide.mcu.externaltools.gnu-tools-for-stm32.13.3.rel1.win32_1.0.0.202411081344/tools/bin/../lib/gcc/arm-none-eabi/13.3.1/../../../../arm-none-eabi/lib/thumb/v7e-m+fp/hard\libc_nano.a(libc_a-impure.o)
 .ARM.attributes
                0x00000919       0x34 C:/ST/STM32CubeIDE_1.19.0/STM32CubeIDE/plugins/com.st.stm32cube.ide.mcu.externaltools.gnu-tools-for-stm32.13.3.rel1.win32_1.0.0.202411081344/tools/bin/../lib/gcc/arm-none-eabi/13.3.1/../../../../arm-none-eabi/lib/thumb/v7e-m+fp/hard\libc_nano.a(libc_a-lseekr.o)
 .ARM.attributes
                0x0000094d       0x34 C:/ST/STM32CubeIDE_1.19.0/STM32CubeIDE/plugins/com.st.stm32cube.ide.mcu.externaltools.gnu-tools-for-stm32.13.3.rel1.win32_1.0.0.202411081344/tools/bin/../lib/gcc/arm-none-eabi/13.3.1/../../../../arm-none-eabi/lib/thumb/v7e-m+fp/hard\libc_nano.a(libc_a-readr.o)
 .ARM.attributes
                0x00000981       0x34 C:/ST/STM32CubeIDE_1.19.0/STM32CubeIDE/plugins/com.st.stm32cube.ide.mcu.externaltools.gnu-tools-for-stm32.13.3.rel1.win32_1.0.0.202411081344/tools/bin/../lib/gcc/arm-none-eabi/13.3.1/../../../../arm-none-eabi/lib/thumb/v7e-m+fp/hard\libc_nano.a(libc_a-writer.o)
 .ARM.attributes
                0x000009b5       0x34 C:/ST/STM32CubeIDE_1.19.0/STM32CubeIDE/plugins/com.st.stm32cube.ide.mcu.externaltools.gnu-tools-for-stm32.13.3.rel1.win32_1.0.0.202411081344/tools/bin/../lib/gcc/arm-none-eabi/13.3.1/../../../../arm-none-eabi/lib/thumb/v7e-m+fp/hard\libc_nano.a(libc_a-errno.o)
 .ARM.attributes
                0x000009e9       0x34 C:/ST/STM32CubeIDE_1.19.0/STM32CubeIDE/plugins/com.st.stm32cube.ide.mcu.externaltools.gnu-tools-for-stm32.13.3.rel1.win32_1.0.0.202411081344/tools/bin/../lib/gcc/arm-none-eabi/13.3.1/../../../../arm-none-eabi/lib/thumb/v7e-m+fp/hard\libc_nano.a(libc_a-init.o)
 .ARM.attributes
                0x00000a1d       0x34 C:/ST/STM32CubeIDE_1.19.0/STM32CubeIDE/plugins/com.st.stm32cube.ide.mcu.externaltools.gnu-tools-for-stm32.13.3.rel1.win32_1.0.0.202411081344/tools/bin/../lib/gcc/arm-none-eabi/13.3.1/../../../../arm-none-eabi/lib/thumb/v7e-m+fp/hard\libc_nano.a(libc_a-lock.o)
 .ARM.attributes
                0x00000a51       0x34 C:/ST/STM32CubeIDE_1.19.0/STM32CubeIDE/plugins/com.st.stm32cube.ide.mcu.externaltools.gnu-tools-for-stm32.13.3.rel1.win32_1.0.0.202411081344/tools/bin/../lib/gcc/arm-none-eabi/13.3.1/../../../../arm-none-eabi/lib/thumb/v7e-m+fp/hard\libc_nano.a(libc_a-assert.o)
 .ARM.attributes
                0x00000a85       0x34 C:/ST/STM32CubeIDE_1.19.0/STM32CubeIDE/plugins/com.st.stm32cube.ide.mcu.externaltools.gnu-tools-for-stm32.13.3.rel1.win32_1.0.0.202411081344/tools/bin/../lib/gcc/arm-none-eabi/13.3.1/../../../../arm-none-eabi/lib/thumb/v7e-m+fp/hard\libc_nano.a(libc_a-freer.o)
 .ARM.attributes
                0x00000ab9       0x34 C:/ST/STM32CubeIDE_1.19.0/STM32CubeIDE/plugins/com.st.stm32cube.ide.mcu.externaltools.gnu-tools-for-stm32.13.3.rel1.win32_1.0.0.202411081344/tools/bin/../lib/gcc/arm-none-eabi/13.3.1/../../../../arm-none-eabi/lib/thumb/v7e-m+fp/hard\libc_nano.a(libc_a-malloc.o)
 .ARM.attributes
                0x00000aed       0x34 C:/ST/STM32CubeIDE_1.19.0/STM32CubeIDE/plugins/com.st.stm32cube.ide.mcu.externaltools.gnu-tools-for-stm32.13.3.rel1.win32_1.0.0.202411081344/tools/bin/../lib/gcc/arm-none-eabi/13.3.1/../../../../arm-none-eabi/lib/thumb/v7e-m+fp/hard\libc_nano.a(libc_a-mallocr.o)
 .ARM.attributes
                0x00000b21       0x34 C:/ST/STM32CubeIDE_1.19.0/STM32CubeIDE/plugins/com.st.stm32cube.ide.mcu.externaltools.gnu-tools-for-stm32.13.3.rel1.win32_1.0.0.202411081344/tools/bin/../lib/gcc/arm-none-eabi/13.3.1/../../../../arm-none-eabi/lib/thumb/v7e-m+fp/hard\libc_nano.a(libc_a-mlock.o)
 .ARM.attributes